Component: ARM Compiler 5.06 update 6 (build 750) Tool: armlink [4d35ed]

==============================================================================

Section Cross References

    startup_stm32f334x8.o(RESET) refers to startup_stm32f334x8.o(STACK) for __initial_sp
    startup_stm32f334x8.o(RESET) refers to startup_stm32f334x8.o(.text) for Reset_Handler
    startup_stm32f334x8.o(RESET) refers to stm32f3xx_it.o(i.NMI_Handler) for NMI_Handler
    startup_stm32f334x8.o(RESET) refers to stm32f3xx_it.o(i.HardFault_Handler) for HardFault_Handler
    startup_stm32f334x8.o(RESET) refers to stm32f3xx_it.o(i.MemManage_Handler) for MemManage_Handler
    startup_stm32f334x8.o(RESET) refers to stm32f3xx_it.o(i.BusFault_Handler) for BusFault_Handler
    startup_stm32f334x8.o(RESET) refers to stm32f3xx_it.o(i.UsageFault_Handler) for UsageFault_Handler
    startup_stm32f334x8.o(RESET) refers to stm32f3xx_it.o(i.SVC_Handler) for SVC_Handler
    startup_stm32f334x8.o(RESET) refers to stm32f3xx_it.o(i.DebugMon_Handler) for DebugMon_Handler
    startup_stm32f334x8.o(RESET) refers to stm32f3xx_it.o(i.PendSV_Handler) for PendSV_Handler
    startup_stm32f334x8.o(RESET) refers to stm32f3xx_it.o(i.SysTick_Handler) for SysTick_Handler
    startup_stm32f334x8.o(RESET) refers to bsp_can.o(i.CAN1_RX0_IRQHandler) for CAN1_RX0_IRQHandler
    startup_stm32f334x8.o(RESET) refers to main.o(i.TIM1_UP_TIM16_IRQHandler) for TIM1_UP_TIM16_IRQHandler
    startup_stm32f334x8.o(RESET) refers to usart.o(i.USART1_IRQHandler) for USART1_IRQHandler
    startup_stm32f334x8.o(RESET) refers to main.o(i.HRTIM1_TIMA_IRQHandler) for HRTIM1_TIMA_IRQHandler
    startup_stm32f334x8.o(.text) refers to system_stm32f30x.o(i.SystemInit) for SystemInit
    startup_stm32f334x8.o(.text) refers to entry.o(.ARM.Collect$$$$00000000) for __main
    system_stm32f30x.o(i.SystemCoreClockUpdate) refers to system_stm32f30x.o(.data) for SystemCoreClock
    system_stm32f30x.o(i.SystemInit) refers to system_stm32f30x.o(i.SetSysClock) for SetSysClock
    stm32f30x_adc.o(i.ADC_DeInit) refers to stm32f30x_rcc.o(i.RCC_AHBPeriphResetCmd) for RCC_AHBPeriphResetCmd
    stm32f30x_can.o(i.CAN_DeInit) refers to stm32f30x_rcc.o(i.RCC_APB1PeriphResetCmd) for RCC_APB1PeriphResetCmd
    stm32f30x_can.o(i.CAN_GetITStatus) refers to stm32f30x_can.o(i.CheckITStatus) for CheckITStatus
    stm32f30x_dac.o(i.DAC_DeInit) refers to stm32f30x_rcc.o(i.RCC_APB1PeriphResetCmd) for RCC_APB1PeriphResetCmd
    stm32f30x_flash.o(i.FLASH_EraseAllPages) refers to stm32f30x_flash.o(i.FLASH_WaitForLastOperation) for FLASH_WaitForLastOperation
    stm32f30x_flash.o(i.FLASH_ErasePage) refers to stm32f30x_flash.o(i.FLASH_WaitForLastOperation) for FLASH_WaitForLastOperation
    stm32f30x_flash.o(i.FLASH_OB_BOOTConfig) refers to stm32f30x_flash.o(i.FLASH_WaitForLastOperation) for FLASH_WaitForLastOperation
    stm32f30x_flash.o(i.FLASH_OB_EnableWRP) refers to stm32f30x_flash.o(i.FLASH_WaitForLastOperation) for FLASH_WaitForLastOperation
    stm32f30x_flash.o(i.FLASH_OB_Erase) refers to stm32f30x_flash.o(i.FLASH_OB_GetRDP) for FLASH_OB_GetRDP
    stm32f30x_flash.o(i.FLASH_OB_Erase) refers to stm32f30x_flash.o(i.FLASH_WaitForLastOperation) for FLASH_WaitForLastOperation
    stm32f30x_flash.o(i.FLASH_OB_RDPConfig) refers to stm32f30x_flash.o(i.FLASH_WaitForLastOperation) for FLASH_WaitForLastOperation
    stm32f30x_flash.o(i.FLASH_OB_SRAMParityConfig) refers to stm32f30x_flash.o(i.FLASH_WaitForLastOperation) for FLASH_WaitForLastOperation
    stm32f30x_flash.o(i.FLASH_OB_UserConfig) refers to stm32f30x_flash.o(i.FLASH_WaitForLastOperation) for FLASH_WaitForLastOperation
    stm32f30x_flash.o(i.FLASH_OB_VDDAConfig) refers to stm32f30x_flash.o(i.FLASH_WaitForLastOperation) for FLASH_WaitForLastOperation
    stm32f30x_flash.o(i.FLASH_OB_WriteUser) refers to stm32f30x_flash.o(i.FLASH_WaitForLastOperation) for FLASH_WaitForLastOperation
    stm32f30x_flash.o(i.FLASH_ProgramHalfWord) refers to stm32f30x_flash.o(i.FLASH_WaitForLastOperation) for FLASH_WaitForLastOperation
    stm32f30x_flash.o(i.FLASH_ProgramOptionByteData) refers to stm32f30x_flash.o(i.FLASH_WaitForLastOperation) for FLASH_WaitForLastOperation
    stm32f30x_flash.o(i.FLASH_ProgramWord) refers to stm32f30x_flash.o(i.FLASH_WaitForLastOperation) for FLASH_WaitForLastOperation
    stm32f30x_flash.o(i.FLASH_WaitForLastOperation) refers to stm32f30x_flash.o(i.FLASH_GetStatus) for FLASH_GetStatus
    stm32f30x_gpio.o(i.GPIO_DeInit) refers to stm32f30x_rcc.o(i.RCC_AHBPeriphResetCmd) for RCC_AHBPeriphResetCmd
    stm32f30x_hrtim.o(i.HRTIM_DeInit) refers to stm32f30x_rcc.o(i.RCC_APB2PeriphResetCmd) for RCC_APB2PeriphResetCmd
    stm32f30x_hrtim.o(i.HRTIM_EventConfig) refers to stm32f30x_hrtim.o(i.HRTIM_ExternalEventConfig) for HRTIM_ExternalEventConfig
    stm32f30x_hrtim.o(i.HRTIM_SimpleBaseStart) refers to stm32f30x_hrtim.o(.data) for TimerIdxToTimerId
    stm32f30x_hrtim.o(i.HRTIM_SimpleBaseStop) refers to stm32f30x_hrtim.o(.data) for TimerIdxToTimerId
[...]
    Removing stm32f30x_tim.o(i.TIM_OC4Init), (96 bytes).
    Removing stm32f30x_tim.o(i.TIM_OC4PolarityConfig), (18 bytes).
    Removing stm32f30x_tim.o(i.TIM_OC4PreloadConfig), (18 bytes).
    Removing stm32f30x_tim.o(i.TIM_OC5Init), (88 bytes).
    Removing stm32f30x_tim.o(i.TIM_OC5PolarityConfig), (18 bytes).
    Removing stm32f30x_tim.o(i.TIM_OC5PreloadConfig), (16 bytes).
    Removing stm32f30x_tim.o(i.TIM_OC6Init), (96 bytes).
    Removing stm32f30x_tim.o(i.TIM_OC6PolarityConfig), (18 bytes).
    Removing stm32f30x_tim.o(i.TIM_OC6PreloadConfig), (18 bytes).
    Removing stm32f30x_tim.o(i.TIM_OCStructInit), (20 bytes).
    Removing stm32f30x_tim.o(i.TIM_PWMIConfig), (124 bytes).
    Removing stm32f30x_tim.o(i.TIM_PrescalerConfig), (6 bytes).
    Removing stm32f30x_tim.o(i.TIM_RemapConfig), (6 bytes).
    Removing stm32f30x_tim.o(i.TIM_SelectCCDMA), (24 bytes).
    Removing stm32f30x_tim.o(i.TIM_SelectCOM), (24 bytes).
    Removing stm32f30x_tim.o(i.TIM_SelectGC5C1), (22 bytes).
    Removing stm32f30x_tim.o(i.TIM_SelectGC5C2), (22 bytes).
    Removing stm32f30x_tim.o(i.TIM_SelectGC5C3), (22 bytes).
    Removing stm32f30x_tim.o(i.TIM_SelectHallSensor), (24 bytes).
    Removing stm32f30x_tim.o(i.TIM_SelectInputTrigger), (20 bytes).
    Removing stm32f30x_tim.o(i.TIM_SelectMasterSlaveMode), (18 bytes).
    Removing stm32f30x_tim.o(i.TIM_SelectOCREFClear), (18 bytes).
    Removing stm32f30x_tim.o(i.TIM_SelectOCxM), (88 bytes).
    Removing stm32f30x_tim.o(i.TIM_SelectOnePulseMode), (18 bytes).
    Removing stm32f30x_tim.o(i.TIM_SelectOutputTrigger), (18 bytes).
    Removing stm32f30x_tim.o(i.TIM_SelectOutputTrigger2), (16 bytes).
    Removing stm32f30x_tim.o(i.TIM_SelectSlaveMode), (20 bytes).
    Removing stm32f30x_tim.o(i.TIM_SetClockDivision), (18 bytes).
    Removing stm32f30x_tim.o(i.TIM_SetCompare1), (4 bytes).
    Removing stm32f30x_tim.o(i.TIM_SetCompare2), (4 bytes).
    Removing stm32f30x_tim.o(i.TIM_SetCompare3), (4 bytes).
    Removing stm32f30x_tim.o(i.TIM_SetCompare4), (4 bytes).
    Removing stm32f30x_tim.o(i.TIM_SetCompare5), (4 bytes).
    Removing stm32f30x_tim.o(i.TIM_SetCompare6), (4 bytes).
    Removing stm32f30x_tim.o(i.TIM_SetCounter), (4 bytes).
    Removing stm32f30x_tim.o(i.TIM_SetIC1Prescaler), (16 bytes).
    Removing stm32f30x_tim.o(i.TIM_SetIC2Prescaler), (18 bytes).
    Removing stm32f30x_tim.o(i.TIM_SetIC3Prescaler), (18 bytes).
    Removing stm32f30x_tim.o(i.TIM_SetIC4Prescaler), (26 bytes).
    Removing stm32f30x_tim.o(i.TIM_TIxExternalClockConfig), (62 bytes).
    Removing stm32f30x_tim.o(i.TIM_TimeBaseStructInit), (18 bytes).
    Removing stm32f30x_tim.o(i.TIM_UIFRemap), (24 bytes).
    Removing stm32f30x_tim.o(i.TIM_UpdateDisableConfig), (24 bytes).
    Removing stm32f30x_tim.o(i.TIM_UpdateRequestConfig), (24 bytes).
    Removing stm32f30x_usart.o(.rev16_text), (4 bytes).
    Removing stm32f30x_usart.o(.revsh_text), (4 bytes).
    Removing stm32f30x_usart.o(i.USART_AddressDetectionConfig), (16 bytes).
    Removing stm32f30x_usart.o(i.USART_AutoBaudRateCmd), (22 bytes).
    Removing stm32f30x_usart.o(i.USART_AutoBaudRateConfig), (16 bytes).
    Removing stm32f30x_usart.o(i.USART_ClockInit), (30 bytes).
    Removing stm32f30x_usart.o(i.USART_ClockStructInit), (12 bytes).
    Removing stm32f30x_usart.o(i.USART_DECmd), (22 bytes).
    Removing stm32f30x_usart.o(i.USART_DEPolarityConfig), (16 bytes).
    Removing stm32f30x_usart.o(i.USART_DMACmd), (18 bytes).
    Removing stm32f30x_usart.o(i.USART_DMAReceptionErrorConfig), (16 bytes).
    Removing stm32f30x_usart.o(i.USART_DataInvCmd), (22 bytes).
    Removing stm32f30x_usart.o(i.USART_DeInit), (156 bytes).
    Removing stm32f30x_usart.o(i.USART_DirectionModeCmd), (18 bytes).
    Removing stm32f30x_usart.o(i.USART_GetITStatus), (74 bytes).
    Removing stm32f30x_usart.o(i.USART_HalfDuplexCmd), (22 bytes).
    Removing stm32f30x_usart.o(i.USART_InvPinCmd), (18 bytes).
    Removing stm32f30x_usart.o(i.USART_IrDACmd), (22 bytes).
    Removing stm32f30x_usart.o(i.USART_IrDAConfig), (16 bytes).
    Removing stm32f30x_usart.o(i.USART_LINBreakDetectLengthConfig), (16 bytes).
    Removing stm32f30x_usart.o(i.USART_LINCmd), (22 bytes).
    Removing stm32f30x_usart.o(i.USART_MSBFirstCmd), (22 bytes).
    Removing stm32f30x_usart.o(i.USART_MuteModeCmd), (22 bytes).
    Removing stm32f30x_usart.o(i.USART_MuteModeWakeUpConfig), (16 bytes).
    Removing stm32f30x_usart.o(i.USART_OneBitMethodCmd), (22 bytes).
    Removing stm32f30x_usart.o(i.USART_OverSampling8Cmd), (22 bytes).
    Removing stm32f30x_usart.o(i.USART_OverrunDetectionConfig), (16 bytes).
    Removing stm32f30x_usart.o(i.USART_ReceiverTimeOutCmd), (22 bytes).
    Removing stm32f30x_usart.o(i.USART_RequestCmd), (18 bytes).
    Removing stm32f30x_usart.o(i.USART_STOPModeCmd), (22 bytes).
    Removing stm32f30x_usart.o(i.USART_SWAPPinCmd), (22 bytes).
    Removing stm32f30x_usart.o(i.USART_SendData), (8 bytes).
    Removing stm32f30x_usart.o(i.USART_SetAddress), (18 bytes).
    Removing stm32f30x_usart.o(i.USART_SetAutoRetryCount), (18 bytes).
    Removing stm32f30x_usart.o(i.USART_SetBlockLength), (18 bytes).
    Removing stm32f30x_usart.o(i.USART_SetDEAssertionTime), (18 bytes).
    Removing stm32f30x_usart.o(i.USART_SetDEDeassertionTime), (18 bytes).
    Removing stm32f30x_usart.o(i.USART_SetGuardTime), (16 bytes).
    Removing stm32f30x_usart.o(i.USART_SetPrescaler), (16 bytes).
    Removing stm32f30x_usart.o(i.USART_SetReceiverTimeOut), (16 bytes).
    Removing stm32f30x_usart.o(i.USART_SmartCardCmd), (22 bytes).
    Removing stm32f30x_usart.o(i.USART_SmartCardNACKCmd), (22 bytes).
    Removing stm32f30x_usart.o(i.USART_StopModeWakeUpSourceConfig), (16 bytes).
    Removing stm32f30x_usart.o(i.USART_StructInit), (24 bytes).
    Removing stm32f30x_wwdg.o(.rev16_text), (4 bytes).
    Removing stm32f30x_wwdg.o(.revsh_text), (4 bytes).
    Removing stm32f30x_wwdg.o(i.WWDG_ClearFlag), (12 bytes).
    Removing stm32f30x_wwdg.o(i.WWDG_DeInit), (22 bytes).
    Removing stm32f30x_wwdg.o(i.WWDG_Enable), (16 bytes).
    Removing stm32f30x_wwdg.o(i.WWDG_EnableIT), (20 bytes).
    Removing stm32f30x_wwdg.o(i.WWDG_GetFlagStatus), (20 bytes).
    Removing stm32f30x_wwdg.o(i.WWDG_SetCounter), (16 bytes).
    Removing stm32f30x_wwdg.o(i.WWDG_SetPrescaler), (24 bytes).
    Removing stm32f30x_wwdg.o(i.WWDG_SetWindowValue), (40 bytes).
    Removing main.o(.rev16_text), (4 bytes).
    Removing main.o(.revsh_text), (4 bytes).
    Removing delay.o(.rev16_text), (4 bytes).
    Removing delay.o(.revsh_text), (4 bytes).
    Removing delay.o(i.TimingDelay_Decrement), (24 bytes).
    Removing delay.o(.data), (4 bytes).
    Removing bsp_led.o(.rev16_text), (4 bytes).
    Removing bsp_led.o(.revsh_text), (4 bytes).
    Removing bsp_adc.o(.rev16_text), (4 bytes).
    Removing bsp_adc.o(.revsh_text), (4 bytes).
    Removing bsp_hrtim.o(.rev16_text), (4 bytes).
    Removing bsp_hrtim.o(.revsh_text), (4 bytes).
    Removing stm32f3xx_it.o(.rev16_text), (4 bytes).
    Removing stm32f3xx_it.o(.revsh_text), (4 bytes).
    Removing bsp_buck_control.o(.rev16_text), (4 bytes).
    Removing bsp_buck_control.o(.revsh_text), (4 bytes).
    Removing bsp_filter.o(.rev16_text), (4 bytes).
    Removing bsp_filter.o(.revsh_text), (4 bytes).
    Removing bsp_out_control.o(.rev16_text), (4 bytes).
    Removing bsp_out_control.o(.revsh_text), (4 bytes).
    Removing bsp_can.o(.rev16_text), (4 bytes).
    Removing bsp_can.o(.revsh_text), (4 bytes).
    Removing bsp_time.o(.rev16_text), (4 bytes).
    Removing bsp_time.o(.revsh_text), (4 bytes).
    Removing usart.o(.rev16_text), (4 bytes).
    Removing usart.o(.revsh_text), (4 bytes).

665 unused section(s) (total 25574 bytes) removed from the image.

==============================================================================

Image Symbol Table

    Local Symbols

    Symbol Name                              Value     Ov Type        Size  Object(Section)

    ../clib/microlib/division.c              0x00000000   Number         0  uldiv.o ABSOLUTE
    ../clib/microlib/division.c              0x00000000   Number         0  uidiv.o ABSOLUTE
    ../clib/microlib/init/entry.s            0x00000000   Number         0  entry10a.o ABSOLUTE
    ../clib/microlib/init/entry.s            0x00000000   Number         0  entry10b.o ABSOLUTE
    ../clib/microlib/init/entry.s            0x00000000   Number         0  entry8b.o ABSOLUTE
    ../clib/microlib/init/entry.s            0x00000000   Number         0  entry2.o ABSOLUTE
    ../clib/microlib/init/entry.s            0x00000000   Number         0  entry.o ABSOLUTE
    ../clib/microlib/init/entry.s            0x00000000   Number         0  entry5.o ABSOLUTE
    ../clib/microlib/init/entry.s            0x00000000   Number         0  entry9a.o ABSOLUTE
    ../clib/microlib/init/entry.s            0x00000000   Number         0  entry7a.o ABSOLUTE
    ../clib/microlib/init/entry.s            0x00000000   Number         0  entry7b.o ABSOLUTE
    ../clib/microlib/init/entry.s            0x00000000   Number         0  entry8a.o ABSOLUTE
    ../clib/microlib/init/entry.s            0x00000000   Number         0  entry11a.o ABSOLUTE
    ../clib/microlib/init/entry.s            0x00000000   Number         0  entry11b.o ABSOLUTE
    ../clib/microlib/init/entry.s            0x00000000   Number         0  entry9b.o ABSOLUTE
    ../clib/microlib/longlong.c              0x00000000   Number         0  llsshr.o ABSOLUTE
    ../clib/microlib/longlong.c              0x00000000   Number         0  llshl.o ABSOLUTE
    ../clib/microlib/longlong.c              0x00000000   Number         0  llushr.o ABSOLUTE
    ../clib/microlib/printf/printf.c         0x00000000   Number         0  printf6.o ABSOLUTE
    ../clib/microlib/printf/printf.c         0x00000000   Number         0  printf3.o ABSOLUTE
    ../clib/microlib/printf/printf.c         0x00000000   Number         0  printfb.o ABSOLUTE
    ../clib/microlib/printf/printf.c         0x00000000   Number         0  printfa.o ABSOLUTE
    ../clib/microlib/printf/printf.c         0x00000000   Number         0  printf8.o ABSOLUTE
    ../clib/microlib/printf/printf.c         0x00000000   Number         0  printf7.o ABSOLUTE
    ../clib/microlib/printf/printf.c         0x00000000   Number         0  printf5.o ABSOLUTE
    ../clib/microlib/printf/printf.c         0x00000000   Number         0  printf4.o ABSOLUTE
    ../clib/microlib/printf/printf.c         0x00000000   Number         0  printf2.o ABSOLUTE
    ../clib/microlib/printf/printf.c         0x00000000   Number         0  printf1.o ABSOLUTE
    ../clib/microlib/printf/printf.c         0x00000000   Number         0  printf0.o ABSOLUTE
    ../clib/microlib/printf/stubs.s          0x00000000   Number         0  stubs.o ABSOLUTE
    ../clib/microlib/stdio/streams.c         0x00000000   Number         0  stdout.o ABSOLUTE
    ../clib/microlib/stubs.s                 0x00000000   Number         0  iusefp.o ABSOLUTE
    ../fplib/microlib/f2d.c                  0x00000000   Number         0  f2d.o ABSOLUTE
    ../fplib/microlib/fpadd.c                0x00000000   Number         0  dadd.o ABSOLUTE
    ../fplib/microlib/fpdiv.c                0x00000000   Number         0  ddiv.o ABSOLUTE
    ../fplib/microlib/fpepilogue.c           0x00000000   Number         0  depilogue.o ABSOLUTE
    ../fplib/microlib/fpfix.c                0x00000000   Number         0  dfixul.o ABSOLUTE
    ../fplib/microlib/fpfix.c                0x00000000   Number         0  dfixui.o ABSOLUTE
    ../fplib/microlib/fpflt.c                0x00000000   Number         0  dfltui.o ABSOLUTE
    ../fplib/microlib/fpmul.c                0x00000000   Number         0  dmul.o ABSOLUTE
    ..\Libraries\CMSIS\Device\ST\STM32F30x\Source\Templates\arm\startup_stm32f334x8.s 0x00000000   Number         0  startup_stm32f334x8.o ABSOLUTE
    ..\Libraries\CMSIS\Device\ST\STM32F30x\Source\Templates\system_stm32f30x.c 0x00000000   Number         0  system_stm32f30x.o ABSOLUTE
    ..\Libraries\STM32F30x_StdPeriph_Driver\src\stm32f30x_adc.c 0x00000000   Number         0  stm32f30x_adc.o ABSOLUTE
    ..\Libraries\STM32F30x_StdPeriph_Driver\src\stm32f30x_can.c 0x00000000   Number         0  stm32f30x_can.o ABSOLUTE
    ..\Libraries\STM32F30x_StdPeriph_Driver\src\stm32f30x_comp.c 0x00000000   Number         0  stm32f30x_comp.o ABSOLUTE
    ..\Libraries\STM32F30x_StdPeriph_Driver\src\stm32f30x_crc.c 0x00000000   Number         0  stm32f30x_crc.o ABSOLUTE
    ..\Libraries\STM32F30x_StdPeriph_Driver\src\stm32f30x_dac.c 0x00000000   Number         0  stm32f30x_dac.o ABSOLUTE
    ..\Libraries\STM32F30x_StdPeriph_Driver\src\stm32f30x_dbgmcu.c 0x00000000   Number         0  stm32f30x_dbgmcu.o ABSOLUTE
    ..\Libraries\STM32F30x_StdPeriph_Driver\src\stm32f30x_dma.c 0x00000000   Number         0  stm32f30x_dma.o ABSOLUTE
    ..\Libraries\STM32F30x_StdPeriph_Driver\src\stm32f30x_exti.c 0x00000000   Number         0  stm32f30x_exti.o ABSOLUTE
    ..\Libraries\STM32F30x_StdPeriph_Driver\src\stm32f30x_flash.c 0x00000000   Number         0  stm32f30x_flash.o ABSOLUTE
    ..\Libraries\STM32F30x_StdPeriph_Driver\src\stm32f30x_gpio.c 0x00000000   Number         0  stm32f30x_gpio.o ABSOLUTE
    ..\Libraries\STM32F30x_StdPeriph_Driver\src\stm32f30x_hrtim.c 0x00000000   Number         0  stm32f30x_hrtim.o ABSOLUTE
    ..\Libraries\STM32F30x_StdPeriph_Driver\src\stm32f30x_i2c.c 0x00000000   Number         0  stm32f30x_i2c.o ABSOLUTE
    ..\Libraries\STM32F30x_StdPeriph_Driver\src\stm32f30x_iwdg.c 0x00000000   Number         0  stm32f30x_iwdg.o ABSOLUTE
    ..\Libraries\STM32F30x_StdPeriph_Driver\src\stm32f30x_misc.c 0x00000000   Number         0  stm32f30x_misc.o ABSOLUTE
    ..\Libraries\STM32F30x_StdPeriph_Driver\src\stm32f30x_opamp.c 0x00000000   Number         0  stm32f30x_opamp.o ABSOLUTE
    ..\Libraries\STM32F30x_StdPeriph_Driver\src\stm32f30x_pwr.c 0x00000000   Number         0  stm32f30x_pwr.o ABSOLUTE
    ..\Libraries\STM32F30x_StdPeriph_Driver\src\stm32f30x_rcc.c 0x00000000   Number         0  stm32f30x_rcc.o ABSOLUTE
    ..\Libraries\STM32F30x_StdPeriph_Driver\src\stm32f30x_rtc.c 0x00000000   Number         0  stm32f30x_rtc.o ABSOLUTE
    ..\Libraries\STM32F30x_StdPeriph_Driver\src\stm32f30x_spi.c 0x00000000   Number         0  stm32f30x_spi.o ABSOLUTE
    ..\Libraries\STM32F30x_StdPeriph_Driver\src\stm32f30x_syscfg.c 0x00000000   Number         0  stm32f30x_syscfg.o ABSOLUTE
    ..\Libraries\STM32F30x_StdPeriph_Driver\src\stm32f30x_tim.c 0x00000000   Number         0  stm32f30x_tim.o ABSOLUTE
    ..\Libraries\STM32F30x_StdPeriph_Driver\src\stm32f30x_usart.c 0x00000000   Number         0  stm32f30x_usart.o ABSOLUTE
    ..\Libraries\STM32F30x_StdPeriph_Driver\src\stm32f30x_wwdg.c 0x00000000   Number         0  stm32f30x_wwdg.o ABSOLUTE
    ..\User\CAN\bsp_can.c                    0x00000000   Number         0  bsp_can.o ABSOLUTE
    ..\User\adc\bsp_adc.c                    0x00000000   Number         0  bsp_adc.o ABSOLUTE
    ..\User\bsp_time.c                       0x00000000   Number         0  bsp_time.o ABSOLUTE
    ..\User\control\bsp_buck_control.c       0x00000000   Number         0  bsp_buck_control.o ABSOLUTE
    ..\User\delay\delay.c                    0x00000000   Number         0  delay.o ABSOLUTE
    ..\User\filter\bsp_filter.c              0x00000000   Number         0  bsp_filter.o ABSOLUTE
    ..\User\hrtim\bsp_hrtim.c                0x00000000   Number         0  bsp_hrtim.o ABSOLUTE
    ..\User\led\bsp_led.c                    0x00000000   Number         0  bsp_led.o ABSOLUTE
    ..\User\main.c                           0x00000000   Number         0  main.o ABSOLUTE
    ..\User\out_control\bsp_out_control.c    0x00000000   Number         0  bsp_out_control.o ABSOLUTE
    ..\User\pid\bsp_pid.c                    0x00000000   Number         0  bsp_pid.o ABSOLUTE
    ..\User\stm32f3xx_it.c                   0x00000000   Number         0  stm32f3xx_it.o ABSOLUTE
    ..\User\usart_new\usart.c                0x00000000   Number         0  usart.o ABSOLUTE
    ..\\Libraries\\CMSIS\\Device\\ST\\STM32F30x\\Source\\Templates\\system_stm32f30x.c 0x00000000   Number         0  system_stm32f30x.o ABSOLUTE
    ..\\Libraries\\STM32F30x_StdPeriph_Driver\\src\\stm32f30x_adc.c 0x00000000   Number         0  stm32f30x_adc.o ABSOLUTE
    ..\\Libraries\\STM32F30x_StdPeriph_Driver\\src\\stm32f30x_can.c 0x00000000   Number         0  stm32f30x_can.o ABSOLUTE
    ..\\Libraries\\STM32F30x_StdPeriph_Driver\\src\\stm32f30x_comp.c 0x00000000   Number         0  stm32f30x_comp.o ABSOLUTE
    ..\\Libraries\\STM32F30x_StdPeriph_Driver\\src\\stm32f30x_crc.c 0x00000000   Number         0  stm32f30x_crc.o ABSOLUTE
    ..\\Libraries\\STM32F30x_StdPeriph_Driver\\src\\stm32f30x_dac.c 0x00000000   Number         0  stm32f30x_dac.o ABSOLUTE
    ..\\Libraries\\STM32F30x_StdPeriph_Driver\\src\\stm32f30x_dbgmcu.c 0x00000000   Number         0  stm32f30x_dbgmcu.o ABSOLUTE
    ..\\Libraries\\STM32F30x_StdPeriph_Driver\\src\\stm32f30x_dma.c 0x00000000   Number         0  stm32f30x_dma.o ABSOLUTE
    ..\\Libraries\\STM32F30x_StdPeriph_Driver\\src\\stm32f30x_exti.c 0x00000000   Number         0  stm32f30x_exti.o ABSOLUTE
    ..\\Libraries\\STM32F30x_StdPeriph_Driver\\src\\stm32f30x_flash.c 0x00000000   Number         0  stm32f30x_flash.o ABSOLUTE
    ..\\Libraries\\STM32F30x_StdPeriph_Driver\\src\\stm32f30x_gpio.c 0x00000000   Number         0  stm32f30x_gpio.o ABSOLUTE
    ..\\Libraries\\STM32F30x_StdPeriph_Driver\\src\\stm32f30x_hrtim.c 0x00000000   Number         0  stm32f30x_hrtim.o ABSOLUTE
    ..\\Libraries\\STM32F30x_StdPeriph_Driver\\src\\stm32f30x_i2c.c 0x00000000   Number         0  stm32f30x_i2c.o ABSOLUTE
    ..\\Libraries\\STM32F30x_StdPeriph_Driver\\src\\stm32f30x_iwdg.c 0x00000000   Number         0  stm32f30x_iwdg.o ABSOLUTE
    ..\\Libraries\\STM32F30x_StdPeriph_Driver\\src\\stm32f30x_misc.c 0x00000000   Number         0  stm32f30x_misc.o ABSOLUTE
    ..\\Libraries\\STM32F30x_StdPeriph_Driver\\src\\stm32f30x_opamp.c 0x00000000   Number         0  stm32f30x_opamp.o ABSOLUTE
    ..\\Libraries\\STM32F30x_StdPeriph_Driver\\src\\stm32f30x_pwr.c 0x00000000   Number         0  stm32f30x_pwr.o ABSOLUTE
    ..\\Libraries\\STM32F30x_StdPeriph_Driver\\src\\stm32f30x_rcc.c 0x00000000   Number         0  stm32f30x_rcc.o ABSOLUTE
    ..\\Libraries\\STM32F30x_StdPeriph_Driver\\src\\stm32f30x_rtc.c 0x00000000   Number         0  stm32f30x_rtc.o ABSOLUTE
    ..\\Libraries\\STM32F30x_StdPeriph_Driver\\src\\stm32f30x_spi.c 0x00000000   Number         0  stm32f30x_spi.o ABSOLUTE
    ..\\Libraries\\STM32F30x_StdPeriph_Driver\\src\\stm32f30x_syscfg.c 0x00000000   Number         0  stm32f30x_syscfg.o ABSOLUTE
    ..\\Libraries\\STM32F30x_StdPeriph_Driver\\src\\stm32f30x_tim.c 0x00000000   Number         0  stm32f30x_tim.o ABSOLUTE
    ..\\Libraries\\STM32F30x_StdPeriph_Driver\\src\\stm32f30x_usart.c 0x00000000   Number         0  stm32f30x_usart.o ABSOLUTE
    ..\\Libraries\\STM32F30x_StdPeriph_Driver\\src\\stm32f30x_wwdg.c 0x00000000   Number         0  stm32f30x_wwdg.o ABSOLUTE
    ..\\User\\CAN\\bsp_can.c                 0x00000000   Number         0  bsp_can.o ABSOLUTE
    ..\\User\\adc\\bsp_adc.c                 0x00000000   Number         0  bsp_adc.o ABSOLUTE
    ..\\User\\bsp_time.c                     0x00000000   Number         0  bsp_time.o ABSOLUTE
    ..\\User\\control\\bsp_buck_control.c    0x00000000   Number         0  bsp_buck_control.o ABSOLUTE
    ..\\User\\delay\\delay.c                 0x00000000   Number         0  delay.o ABSOLUTE
    ..\\User\\filter\\bsp_filter.c           0x00000000   Number         0  bsp_filter.o ABSOLUTE
    ..\\User\\hrtim\\bsp_hrtim.c             0x00000000   Number         0  bsp_hrtim.o ABSOLUTE
    ..\\User\\led\\bsp_led.c                 0x00000000   Number         0  bsp_led.o ABSOLUTE
    ..\\User\\main.c                         0x00000000   Number         0  main.o ABSOLUTE
    ..\\User\\out_control\\bsp_out_control.c 0x00000000   Number         0  bsp_out_control.o ABSOLUTE
    ..\\User\\stm32f3xx_it.c                 0x00000000   Number         0  stm32f3xx_it.o ABSOLUTE
    ..\\User\\usart_new\\usart.c             0x00000000   Number         0  usart.o ABSOLUTE
    cdrcmple.s                               0x00000000   Number         0  cdrcmple.o ABSOLUTE
    dc.s                                     0x00000000   Number         0  dc.o ABSOLUTE
    handlers.s                               0x00000000   Number         0  handlers.o ABSOLUTE
    init.s                                   0x00000000   Number         0  init.o ABSOLUTE
    RESET                                    0x08000000   Section      392  startup_stm32f334x8.o(RESET)
    .ARM.Collect$$$$00000000                 0x08000188   Section        0  entry.o(.ARM.Collect$$$$00000000)
    .ARM.Collect$$$$00000001                 0x08000188   Section        4  entry2.o(.ARM.Collect$$$$00000001)
    .ARM.Collect$$$$00000004                 0x0800018c   Section        4  entry5.o(.ARM.Collect$$$$00000004)
    .ARM.Collect$$$$00000008                 0x08000190   Section        0  entry7b.o(.ARM.Collect$$$$00000008)
    .ARM.Collect$$$$0000000A                 0x08000190   Section        0  entry8b.o(.ARM.Collect$$$$0000000A)
    .ARM.Collect$$$$0000000B                 0x08000190   Section        8  entry9a.o(.ARM.Collect$$$$0000000B)
    .ARM.Collect$$$$0000000D                 0x08000198   Section        0  entry10a.o(.ARM.Collect$$$$0000000D)
    .ARM.Collect$$$$0000000F                 0x08000198   Section        0  entry11a.o(.ARM.Collect$$$$0000000F)
    .ARM.Collect$$$$00002712                 0x08000198   Section        4  entry2.o(.ARM.Collect$$$$00002712)
    __lit__00000000                          0x08000198   Data           4  entry2.o(.ARM.Collect$$$$00002712)
    .text                                    0x0800019c   Section       36  startup_stm32f334x8.o(.text)
    $v0                                      0x0800019c   Number         0  startup_stm32f334x8.o(.text)
    .text                                    0x080001c0   Section        0  ddiv.o(.text)
    .text                                    0x0800029e   Section        0  dfltui.o(.text)
    .text                                    0x080002b8   Section        0  dfixui.o(.text)
    .text                                    0x080002ea   Section        0  f2d.o(.text)
    .text                                    0x08000310   Section        0  uidiv.o(.text)
    .text                                    0x0800033c   Section        0  uldiv.o(.text)
    .text                                    0x0800039e   Section        0  llushr.o(.text)
    .text                                    0x080003be   Section        0  depilogue.o(.text)
    .text                                    0x080003be   Section        0  iusefp.o(.text)
    .text                                    0x08000478   Section        0  dadd.o(.text)
    .text                                    0x080005c6   Section        0  dmul.o(.text)
    .text                                    0x080006aa   Section        0  dfixul.o(.text)
    .text                                    0x080006dc   Section       48  cdrcmple.o(.text)
    .text                                    0x0800070c   Section       36  init.o(.text)
    .text                                    0x08000730   Section        0  llshl.o(.text)
    .text                                    0x0800074e   Section        0  llsshr.o(.text)
    i.ADC1_Config                            0x08000774   Section        0  bsp_adc.o(i.ADC1_Config)
    i.ADC1_DMA_Config                        0x080008c0   Section        0  bsp_adc.o(i.ADC1_DMA_Config)
    i.ADC_Cmd                                0x08000938   Section        0  stm32f30x_adc.o(i.ADC_Cmd)
    i.ADC_CommonInit                         0x08000950   Section        0  stm32f30x_adc.o(i.ADC_CommonInit)
    i.ADC_Config                             0x080009b4   Section        0  bsp_adc.o(i.ADC_Config)
    i.ADC_DMACmd                             0x080009c0   Section        0  stm32f30x_adc.o(i.ADC_DMACmd)
    i.ADC_DMAConfig                          0x080009d6   Section        0  stm32f30x_adc.o(i.ADC_DMAConfig)
    i.ADC_DeInit                             0x080009e8   Section        0  stm32f30x_adc.o(i.ADC_DeInit)
    i.ADC_GetCalibrationStatus               0x08000a38   Section        0  stm32f30x_adc.o(i.ADC_GetCalibrationStatus)
    i.ADC_GetCalibrationValue                0x08000a4c   Section        0  stm32f30x_adc.o(i.ADC_GetCalibrationValue)
    i.ADC_GetFlagStatus                      0x08000a54   Section        0  stm32f30x_adc.o(i.ADC_GetFlagStatus)
    i.ADC_Init                               0x08000a68   Section        0  stm32f30x_adc.o(i.ADC_Init)
    i.ADC_RegularChannelConfig               0x08000aa8   Section        0  stm32f30x_adc.o(i.ADC_RegularChannelConfig)
    i.ADC_SelectCalibrationMode              0x08000ba2   Section        0  stm32f30x_adc.o(i.ADC_SelectCalibrationMode)
    i.ADC_StartCalibration                   0x08000bb2   Section        0  stm32f30x_adc.o(i.ADC_StartCalibration)
    i.ADC_StartConversion                    0x08000bbc   Section        0  stm32f30x_adc.o(i.ADC_StartConversion)
    i.ADC_StructInit                         0x08000bc6   Section        0  stm32f30x_adc.o(i.ADC_StructInit)
    i.ADC_VoltageRegulatorCmd                0x08000bdc   Section        0  stm32f30x_adc.o(i.ADC_VoltageRegulatorCmd)
    i.Bsp_TimeInit                           0x08000bfc   Section        0  bsp_time.o(i.Bsp_TimeInit)
    i.BusFault_Handler                       0x08000c94   Section        0  stm32f3xx_it.o(i.BusFault_Handler)
    i.CAN1_Init                              0x08000c98   Section        0  bsp_can.o(i.CAN1_Init)
    i.CAN1_RX0_IRQHandler                    0x08000d9c   Section        0  bsp_can.o(i.CAN1_RX0_IRQHandler)
    i.CAN_ClearITPendingBit                  0x08000df8   Section        0  stm32f30x_can.o(i.CAN_ClearITPendingBit)
    i.CAN_FilterInit                         0x08000ea0   Section        0  stm32f30x_can.o(i.CAN_FilterInit)
    i.CAN_GetITStatus                        0x08000fa8   Section        0  stm32f30x_can.o(i.CAN_GetITStatus)
    i.CAN_ITConfig                           0x080010c8   Section        0  stm32f30x_can.o(i.CAN_ITConfig)
    i.CAN_Init                               0x080010da   Section        0  stm32f30x_can.o(i.CAN_Init)
    i.CAN_Receive                            0x080011fe   Section        0  stm32f30x_can.o(i.CAN_Receive)
    i.CAN_SEND_DATA                          0x080012f0   Section        0  bsp_can.o(i.CAN_SEND_DATA)
    i.CAN_Transmit                           0x08001328   Section        0  stm32f30x_can.o(i.CAN_Transmit)
    i.CheckITStatus                          0x0800144e   Section        0  stm32f30x_can.o(i.CheckITStatus)
    CheckITStatus                            0x0800144f   Thumb Code    18  stm32f30x_can.o(i.CheckITStatus)
    i.DMA_Cmd                                0x08001460   Section        0  stm32f30x_dma.o(i.DMA_Cmd)
    i.DMA_DeInit                             0x08001478   Section        0  stm32f30x_dma.o(i.DMA_DeInit)
    i.DMA_Init                               0x080015c4   Section        0  stm32f30x_dma.o(i.DMA_Init)
    i.DMA_StructInit                         0x08001600   Section        0  stm32f30x_dma.o(i.DMA_StructInit)
    i.DebugMon_Handler                       0x0800161a   Section        0  stm32f3xx_it.o(i.DebugMon_Handler)
    i.Delay_ms                               0x0800161c   Section        0  delay.o(i.Delay_ms)
    i.Delay_us                               0x08001638   Section        0  delay.o(i.Delay_us)
    i.FilterAverage                          0x08001650   Section        0  bsp_filter.o(i.FilterAverage)
    i.FilterSample                           0x08001684   Section        0  bsp_filter.o(i.FilterSample)
    i.GPIO_Init                              0x080016ea   Section        0  stm32f30x_gpio.o(i.GPIO_Init)
    i.GPIO_PinAFConfig                       0x08001780   Section        0  stm32f30x_gpio.o(i.GPIO_PinAFConfig)
    i.GPIO_ResetBits                         0x080017c6   Section        0  stm32f30x_gpio.o(i.GPIO_ResetBits)
    i.GPIO_SetBits                           0x080017ca   Section        0  stm32f30x_gpio.o(i.GPIO_SetBits)
    i.HRTIM1_TIMA_IRQHandler                 0x080017d0   Section        0  main.o(i.HRTIM1_TIMA_IRQHandler)
    i.HRTIM_ADCTriggerConfig                 0x080017e8   Section        0  stm32f30x_hrtim.o(i.HRTIM_ADCTriggerConfig)
    i.HRTIM_ClearITPendingBit                0x0800185a   Section        0  stm32f30x_hrtim.o(i.HRTIM_ClearITPendingBit)
    i.HRTIM_Config                           0x08001898   Section        0  bsp_hrtim.o(i.HRTIM_Config)
    i.HRTIM_DLLCalibrationStart              0x08001ac8   Section        0  stm32f30x_hrtim.o(i.HRTIM_DLLCalibrationStart)
    i.HRTIM_DeadTimeConfig                   0x08001af0   Section        0  stm32f30x_hrtim.o(i.HRTIM_DeadTimeConfig)
    i.HRTIM_ITConfig                         0x08001b3c   Section        0  stm32f30x_hrtim.o(i.HRTIM_ITConfig)
    i.HRTIM_MasterBase_Config                0x08001b9e   Section        0  stm32f30x_hrtim.o(i.HRTIM_MasterBase_Config)
    HRTIM_MasterBase_Config                  0x08001b9f   Thumb Code    42  stm32f30x_hrtim.o(i.HRTIM_MasterBase_Config)
    i.HRTIM_MasterSetCompare                 0x08001bc8   Section        0  stm32f30x_hrtim.o(i.HRTIM_MasterSetCompare)
    i.HRTIM_MasterWaveform_Config            0x08001bf0   Section        0  stm32f30x_hrtim.o(i.HRTIM_MasterWaveform_Config)
    HRTIM_MasterWaveform_Config              0x08001bf1   Thumb Code    88  stm32f30x_hrtim.o(i.HRTIM_MasterWaveform_Config)
    i.HRTIM_OutputConfig                     0x08001c48   Section        0  stm32f30x_hrtim.o(i.HRTIM_OutputConfig)
    HRTIM_OutputConfig                       0x08001c49   Thumb Code   202  stm32f30x_hrtim.o(i.HRTIM_OutputConfig)
    i.HRTIM_TimingUnitBase_Config            0x08001d12   Section        0  stm32f30x_hrtim.o(i.HRTIM_TimingUnitBase_Config)
    HRTIM_TimingUnitBase_Config              0x08001d13   Thumb Code   124  stm32f30x_hrtim.o(i.HRTIM_TimingUnitBase_Config)
    i.HRTIM_TimingUnitWaveform_Config        0x08001d8e   Section        0  stm32f30x_hrtim.o(i.HRTIM_TimingUnitWaveform_Config)
    HRTIM_TimingUnitWaveform_Config          0x08001d8f   Thumb Code   182  stm32f30x_hrtim.o(i.HRTIM_TimingUnitWaveform_Config)
    i.HRTIM_WaveformCounterStart             0x08001e44   Section        0  stm32f30x_hrtim.o(i.HRTIM_WaveformCounterStart)
    i.HRTIM_WaveformOutputConfig             0x08001e4c   Section        0  stm32f30x_hrtim.o(i.HRTIM_WaveformOutputConfig)
    i.HRTIM_WaveformOutputStart              0x08001e68   Section        0  stm32f30x_hrtim.o(i.HRTIM_WaveformOutputStart)
    i.HRTIM_WaveformTimerConfig              0x08001e70   Section        0  stm32f30x_hrtim.o(i.HRTIM_WaveformTimerConfig)
    i.HRTIM_Waveform_Init                    0x08001f02   Section        0  stm32f30x_hrtim.o(i.HRTIM_Waveform_Init)
    i.HardFault_Handler                      0x08001f3c   Section        0  stm32f3xx_it.o(i.HardFault_Handler)
    i.Init_TIM16                             0x08001f40   Section        0  delay.o(i.Init_TIM16)
    i.Initial_prepheral_                     0x08001f90   Section        0  usart.o(i.Initial_prepheral_)
    i.InputPower_Control                     0x08001f9c   Section        0  bsp_buck_control.o(i.InputPower_Control)
    i.LED_GPIO_Config                        0x0800254c   Section        0  bsp_led.o(i.LED_GPIO_Config)
    i.MemManage_Handler                      0x08002590   Section        0  stm32f3xx_it.o(i.MemManage_Handler)
    i.NMI_Handler                            0x08002594   Section        0  stm32f3xx_it.o(i.NMI_Handler)
    i.NVIC_Init                              0x08002598   Section        0  stm32f30x_misc.o(i.NVIC_Init)
    i.NVIC_PriorityGroupConfig               0x08002608   Section        0  stm32f30x_misc.o(i.NVIC_PriorityGroupConfig)
    i.Out_Control_GPIO_Config                0x0800261c   Section        0  bsp_out_control.o(i.Out_Control_GPIO_Config)
    i.PWM_Update                             0x0800265c   Section        0  bsp_hrtim.o(i.PWM_Update)
    i.PendSV_Handler                         0x080027b8   Section        0  stm32f3xx_it.o(i.PendSV_Handler)
    i.Print_state                            0x080027bc   Section        0  usart.o(i.Print_state)
    i.RCC_ADCCLKConfig                       0x08002a2c   Section        0  stm32f30x_rcc.o(i.RCC_ADCCLKConfig)
    i.RCC_AHBPeriphClockCmd                  0x08002a5c   Section        0  stm32f30x_rcc.o(i.RCC_AHBPeriphClockCmd)
    i.RCC_AHBPeriphResetCmd                  0x08002a7c   Section        0  stm32f30x_rcc.o(i.RCC_AHBPeriphResetCmd)
    i.RCC_APB1PeriphClockCmd                 0x08002a9c   Section        0  stm32f30x_rcc.o(i.RCC_APB1PeriphClockCmd)
    i.RCC_APB1PeriphResetCmd                 0x08002abc   Section        0  stm32f30x_rcc.o(i.RCC_APB1PeriphResetCmd)
    i.RCC_APB2PeriphClockCmd                 0x08002adc   Section        0  stm32f30x_rcc.o(i.RCC_APB2PeriphClockCmd)
    i.RCC_GetClocksFreq                      0x08002afc   Section        0  stm32f30x_rcc.o(i.RCC_GetClocksFreq)
    i.RCC_HRTIM1CLKConfig                    0x08003034   Section        0  stm32f30x_rcc.o(i.RCC_HRTIM1CLKConfig)
    i.SVC_Handler                            0x08003050   Section        0  stm32f3xx_it.o(i.SVC_Handler)
    i.SetSysClock                            0x08003054   Section        0  system_stm32f30x.o(i.SetSysClock)
    SetSysClock                              0x08003055   Thumb Code   188  system_stm32f30x.o(i.SetSysClock)
    i.SysTick_Handler                        0x08003118   Section        0  stm32f3xx_it.o(i.SysTick_Handler)
    i.SystemInit                             0x0800311c   Section        0  system_stm32f30x.o(i.SystemInit)
    i.TIM1_UP_TIM16_IRQHandler               0x080031a0   Section        0  main.o(i.TIM1_UP_TIM16_IRQHandler)
    i.TIM_ARRPreloadConfig                   0x08003234   Section        0  stm32f30x_tim.o(i.TIM_ARRPreloadConfig)
    i.TIM_ClearFlag                          0x0800324c   Section        0  stm32f30x_tim.o(i.TIM_ClearFlag)
    i.TIM_Cmd                                0x08003254   Section        0  stm32f30x_tim.o(i.TIM_Cmd)
    i.TIM_ITConfig                           0x0800326c   Section        0  stm32f30x_tim.o(i.TIM_ITConfig)
    i.TIM_SetAutoreload                      0x08003284   Section        0  stm32f30x_tim.o(i.TIM_SetAutoreload)
    i.TIM_TimeBaseInit                       0x08003288   Section        0  stm32f30x_tim.o(i.TIM_TimeBaseInit)
    i.USART1_Config                          0x08003320   Section        0  usart.o(i.USART1_Config)
    i.USART1_IRQHandler                      0x080033dc   Section        0  usart.o(i.USART1_IRQHandler)
    i.USART_ClearFlag                        0x08003460   Section        0  stm32f30x_usart.o(i.USART_ClearFlag)
    i.USART_ClearITPendingBit                0x08003464   Section        0  stm32f30x_usart.o(i.USART_ClearITPendingBit)
    i.USART_Cmd                              0x08003476   Section        0  stm32f30x_usart.o(i.USART_Cmd)
    i.USART_GetFlagStatus                    0x0800348c   Section        0  stm32f30x_usart.o(i.USART_GetFlagStatus)
    i.USART_ITConfig                         0x0800349e   Section        0  stm32f30x_usart.o(i.USART_ITConfig)
    i.USART_Init                             0x080034d8   Section        0  stm32f30x_usart.o(i.USART_Init)
    i.USART_ReceiveData                      0x080035c4   Section        0  stm32f30x_usart.o(i.USART_ReceiveData)
    i.UsageFault_Handler                     0x080035ce   Section        0  stm32f3xx_it.o(i.UsageFault_Handler)
    i.__0printf                              0x080035d4   Section        0  printfa.o(i.__0printf)
    i.__scatterload_copy                     0x080035f4   Section       14  handlers.o(i.__scatterload_copy)
    i.__scatterload_null                     0x08003602   Section        2  handlers.o(i.__scatterload_null)
    i.__scatterload_zeroinit                 0x08003604   Section       14  handlers.o(i.__scatterload_zeroinit)
    i._fp_digits                             0x08003614   Section        0  printfa.o(i._fp_digits)
    _fp_digits                               0x08003615   Thumb Code   366  printfa.o(i._fp_digits)
    i._printf_core                           0x08003798   Section        0  printfa.o(i._printf_core)
    _printf_core                             0x08003799   Thumb Code  1744  printfa.o(i._printf_core)
    i._printf_post_padding                   0x08003e74   Section        0  printfa.o(i._printf_post_padding)
    _printf_post_padding                     0x08003e75   Thumb Code    36  printfa.o(i._printf_post_padding)
    i._printf_pre_padding                    0x08003e98   Section        0  printfa.o(i._printf_pre_padding)
    _printf_pre_padding                      0x08003e99   Thumb Code    46  printfa.o(i._printf_pre_padding)
    i.bsp_PIDCtrlInit                        0x08003ec8   Section        0  bsp_buck_control.o(i.bsp_PIDCtrlInit)
    i.float2int16                            0x0800406c   Section        0  main.o(i.float2int16)
    i.fputc                                  0x080040a4   Section        0  main.o(i.fputc)
    i.main                                   0x080040c0   Section        0  main.o(i.main)
    i.pid_calc                               0x08004188   Section        0  bsp_pid.o(i.pid_calc)
    i.pid_clc                                0x080042ac   Section        0  bsp_pid.o(i.pid_clc)
    i.pid_init                               0x080042f4   Section        0  bsp_pid.o(i.pid_init)
    i.pid_power_calc                         0x0800432c   Section        0  bsp_pid.o(i.pid_power_calc)
    i.pid_reset                              0x08004450   Section        0  bsp_pid.o(i.pid_reset)
    .data                                    0x20000000   Section       20  system_stm32f30x.o(.data)
    .data                                    0x20000014   Section       48  stm32f30x_rcc.o(.data)
    APBAHBPrescTable                         0x20000014   Data          16  stm32f30x_rcc.o(.data)
    ADCPrescTable                            0x20000024   Data          32  stm32f30x_rcc.o(.data)
    .data                                    0x20000044   Section       10  bsp_adc.o(.data)
    .data                                    0x20000050   Section       20  bsp_pid.o(.data)
    .data                                    0x20000064   Section       88  bsp_buck_control.o(.data)
    .data                                    0x200000bc   Section        5  bsp_can.o(.data)
    .data                                    0x200000c1   Section       10  usart.o(.data)
    i                                        0x200000ca   Data           1  usart.o(.data)
    .data                                    0x200000cc   Section        4  stdout.o(.data)
    .bss                                     0x200000d0   Section      424  bsp_buck_control.o(.bss)
    .bss                                     0x20000278   Section       20  bsp_can.o(.bss)
    rx_message                               0x20000278   Data          20  bsp_can.o(.bss)
    STACK                                    0x20000290   Section     1024  startup_stm32f334x8.o(STACK)

    Global Symbols

    Symbol Name                              Value     Ov Type        Size  Object(Section)

    BuildAttributes$$THM_ISAv4$E$P$D$K$B$S$7EM$VFPi3$EXTD16$VFPS$VFMA$PE$A:L22UL41UL21$X:L11$S22US41US21$IEEE1$IW$USESV6$~STKCKD$USESV7$~SHL$OSPACE$ROPI$EBA8$MICROLIB$REQ8$PRES8$EABIv2 0x00000000   Number         0  anon$$obj.o ABSOLUTE
    __ARM_use_no_argv                        0x00000000   Number         0  main.o ABSOLUTE
    _printf_a                                0x00000000   Number         0  stubs.o ABSOLUTE
    _printf_c                                0x00000000   Number         0  stubs.o ABSOLUTE
    _printf_charcount                        0x00000000   Number         0  stubs.o ABSOLUTE
    _printf_d                                0x00000000   Number         0  stubs.o ABSOLUTE
    _printf_e                                0x00000000   Number         0  stubs.o ABSOLUTE
    _printf_f                                0x00000000   Number         0  stubs.o ABSOLUTE
    _printf_flags                            0x00000000   Number         0  stubs.o ABSOLUTE
    _printf_fp_dec                           0x00000000   Number         0  stubs.o ABSOLUTE
    _printf_fp_hex                           0x00000000   Number         0  stubs.o ABSOLUTE
    _printf_g                                0x00000000   Number         0  stubs.o ABSOLUTE
    _printf_i                                0x00000000   Number         0  stubs.o ABSOLUTE
    _printf_int_dec                          0x00000000   Number         0  stubs.o ABSOLUTE
    _printf_l                                0x00000000   Number         0  stubs.o ABSOLUTE
    _printf_lc                               0x00000000   Number         0  stubs.o ABSOLUTE
    _printf_ll                               0x00000000   Number         0  stubs.o ABSOLUTE
    _printf_lld                              0x00000000   Number         0  stubs.o ABSOLUTE
    _printf_lli                              0x00000000   Number         0  stubs.o ABSOLUTE
    _printf_llo                              0x00000000   Number         0  stubs.o ABSOLUTE
    _printf_llu                              0x00000000   Number         0  stubs.o ABSOLUTE
    _printf_llx                              0x00000000   Number         0  stubs.o ABSOLUTE
    _printf_longlong_dec                     0x00000000   Number         0  stubs.o ABSOLUTE
    _printf_longlong_hex                     0x00000000   Number         0  stubs.o ABSOLUTE
    _printf_longlong_oct                     0x00000000   Number         0  stubs.o ABSOLUTE
    _printf_ls                               0x00000000   Number         0  stubs.o ABSOLUTE
    _printf_mbtowc                           0x00000000   Number         0  stubs.o ABSOLUTE
    _printf_n                                0x00000000   Number         0  stubs.o ABSOLUTE
    _printf_o                                0x00000000   Number         0  stubs.o ABSOLUTE
    _printf_p                                0x00000000   Number         0  stubs.o ABSOLUTE
    _printf_percent                          0x00000000   Number         0  stubs.o ABSOLUTE
    _printf_pre_padding                      0x00000000   Number         0  stubs.o ABSOLUTE
    _printf_return_value                     0x00000000   Number         0  stubs.o ABSOLUTE
    _printf_s                                0x00000000   Number         0  stubs.o ABSOLUTE
    _printf_sizespec                         0x00000000   Number         0  stubs.o ABSOLUTE
    _printf_str                              0x00000000   Number         0  stubs.o ABSOLUTE
    _printf_truncate_signed                  0x00000000   Number         0  stubs.o ABSOLUTE
    _printf_truncate_unsigned                0x00000000   Number         0  stubs.o ABSOLUTE
    _printf_u                                0x00000000   Number         0  stubs.o ABSOLUTE
    _printf_wc                               0x00000000   Number         0  stubs.o ABSOLUTE
    _printf_wctomb                           0x00000000   Number         0  stubs.o ABSOLUTE
    _printf_widthprec                        0x00000000   Number         0  stubs.o ABSOLUTE
    _printf_x                                0x00000000   Number         0  stubs.o ABSOLUTE
    __cpp_initialize__aeabi_                  - Undefined Weak Reference
    __cxa_finalize                            - Undefined Weak Reference
    __decompress                              - Undefined Weak Reference
    _clock_init                               - Undefined Weak Reference
    _microlib_exit                            - Undefined Weak Reference
    __Vectors_Size                           0x00000188   Number         0  startup_stm32f334x8.o ABSOLUTE
    __Vectors                                0x08000000   Data           4  startup_stm32f334x8.o(RESET)
    __Vectors_End                            0x08000188   Data           0  startup_stm32f334x8.o(RESET)
    __main                                   0x08000189   Thumb Code     0  entry.o(.ARM.Collect$$$$00000000)
    _main_stk                                0x08000189   Thumb Code     0  entry2.o(.ARM.Collect$$$$00000001)
    _main_scatterload                        0x0800018d   Thumb Code     0  entry5.o(.ARM.Collect$$$$00000004)
    __main_after_scatterload                 0x08000191   Thumb Code     0  entry5.o(.ARM.Collect$$$$00000004)
    _main_clock                              0x08000191   Thumb Code     0  entry7b.o(.ARM.Collect$$$$00000008)
    _main_cpp_init                           0x08000191   Thumb Code     0  entry8b.o(.ARM.Collect$$$$0000000A)
    _main_init                               0x08000191   Thumb Code     0  entry9a.o(.ARM.Collect$$$$0000000B)
    __rt_final_cpp                           0x08000199   Thumb Code     0  entry10a.o(.ARM.Collect$$$$0000000D)
    __rt_final_exit                          0x08000199   Thumb Code     0  entry11a.o(.ARM.Collect$$$$0000000F)
    Reset_Handler                            0x0800019d   Thumb Code     8  startup_stm32f334x8.o(.text)
    ADC1_2_IRQHandler                        0x080001b7   Thumb Code     0  startup_stm32f334x8.o(.text)
    CAN1_RX1_IRQHandler                      0x080001b7   Thumb Code     0  startup_stm32f334x8.o(.text)
    CAN1_SCE_IRQHandler                      0x080001b7   Thumb Code     0  startup_stm32f334x8.o(.text)
    CAN1_TX_IRQHandler                       0x080001b7   Thumb Code     0  startup_stm32f334x8.o(.text)
    COMP2_IRQHandler                         0x080001b7   Thumb Code     0  startup_stm32f334x8.o(.text)
    COMP4_6_IRQHandler                       0x080001b7   Thumb Code     0  startup_stm32f334x8.o(.text)
    DMA1_Channel1_IRQHandler                 0x080001b7   Thumb Code     0  startup_stm32f334x8.o(.text)
    DMA1_Channel2_IRQHandler                 0x080001b7   Thumb Code     0  startup_stm32f334x8.o(.text)
    DMA1_Channel3_IRQHandler                 0x080001b7   Thumb Code     0  startup_stm32f334x8.o(.text)
    DMA1_Channel4_IRQHandler                 0x080001b7   Thumb Code     0  startup_stm32f334x8.o(.text)
    DMA1_Channel5_IRQHandler                 0x080001b7   Thumb Code     0  startup_stm32f334x8.o(.text)
    DMA1_Channel6_IRQHandler                 0x080001b7   Thumb Code     0  startup_stm32f334x8.o(.text)
    DMA1_Channel7_IRQHandler                 0x080001b7   Thumb Code     0  startup_stm32f334x8.o(.text)
    EXTI0_IRQHandler                         0x080001b7   Thumb Code     0  startup_stm32f334x8.o(.text)
    EXTI15_10_IRQHandler                     0x080001b7   Thumb Code     0  startup_stm32f334x8.o(.text)
    EXTI1_IRQHandler                         0x080001b7   Thumb Code     0  startup_stm32f334x8.o(.text)
    EXTI2_TS_IRQHandler                      0x080001b7   Thumb Code     0  startup_stm32f334x8.o(.text)
    EXTI3_IRQHandler                         0x080001b7   Thumb Code     0  startup_stm32f334x8.o(.text)
    EXTI4_IRQHandler                         0x080001b7   Thumb Code     0  startup_stm32f334x8.o(.text)
    EXTI9_5_IRQHandler                       0x080001b7   Thumb Code     0  startup_stm32f334x8.o(.text)
    FLASH_IRQHandler                         0x080001b7   Thumb Code     0  startup_stm32f334x8.o(.text)
    FPU_IRQHandler                           0x080001b7   Thumb Code     0  startup_stm32f334x8.o(.text)
    HRTIM1_FLT_IRQHandler                    0x080001b7   Thumb Code     0  startup_stm32f334x8.o(.text)
    HRTIM1_Master_IRQHandler                 0x080001b7   Thumb Code     0  startup_stm32f334x8.o(.text)
    HRTIM1_TIMB_IRQHandler                   0x080001b7   Thumb Code     0  startup_stm32f334x8.o(.text)
    HRTIM1_TIMC_IRQHandler                   0x080001b7   Thumb Code     0  startup_stm32f334x8.o(.text)
    HRTIM1_TIMD_IRQHandler                   0x080001b7   Thumb Code     0  startup_stm32f334x8.o(.text)
    HRTIM1_TIME_IRQHandler                   0x080001b7   Thumb Code     0  startup_stm32f334x8.o(.text)
    I2C1_ER_IRQHandler                       0x080001b7   Thumb Code     0  startup_stm32f334x8.o(.text)
    I2C1_EV_IRQHandler                       0x080001b7   Thumb Code     0  startup_stm32f334x8.o(.text)
    PVD_IRQHandler                           0x080001b7   Thumb Code     0  startup_stm32f334x8.o(.text)
    RCC_IRQHandler                           0x080001b7   Thumb Code     0  startup_stm32f334x8.o(.text)
    RTC_Alarm_IRQHandler                     0x080001b7   Thumb Code     0  startup_stm32f334x8.o(.text)
    RTC_WKUP_IRQHandler                      0x080001b7   Thumb Code     0  startup_stm32f334x8.o(.text)
    SPI1_IRQHandler                          0x080001b7   Thumb Code     0  startup_stm32f334x8.o(.text)
    TAMPER_STAMP_IRQHandler                  0x080001b7   Thumb Code     0  startup_stm32f334x8.o(.text)
    TIM1_BRK_TIM15_IRQHandler                0x080001b7   Thumb Code     0  startup_stm32f334x8.o(.text)
    TIM1_CC_IRQHandler                       0x080001b7   Thumb Code     0  startup_stm32f334x8.o(.text)
    TIM1_TRG_COM_TIM17_IRQHandler            0x080001b7   Thumb Code     0  startup_stm32f334x8.o(.text)
    TIM2_IRQHandler                          0x080001b7   Thumb Code     0  startup_stm32f334x8.o(.text)
    TIM3_IRQHandler                          0x080001b7   Thumb Code     0  startup_stm32f334x8.o(.text)
    TIM6_DAC1_IRQHandler                     0x080001b7   Thumb Code     0  startup_stm32f334x8.o(.text)
    TIM7_DAC2_IRQHandler                     0x080001b7   Thumb Code     0  startup_stm32f334x8.o(.text)
    USART2_IRQHandler                        0x080001b7   Thumb Code     0  startup_stm32f334x8.o(.text)
    USART3_IRQHandler                        0x080001b7   Thumb Code     0  startup_stm32f334x8.o(.text)
    WWDG_IRQHandler                          0x080001b7   Thumb Code     0  startup_stm32f334x8.o(.text)
    __aeabi_ddiv                             0x080001c1   Thumb Code   222  ddiv.o(.text)
    __aeabi_ui2d                             0x0800029f   Thumb Code    26  dfltui.o(.text)
    __aeabi_d2uiz                            0x080002b9   Thumb Code    50  dfixui.o(.text)
    __aeabi_f2d                              0x080002eb   Thumb Code    38  f2d.o(.text)
    __aeabi_uidiv                            0x08000311   Thumb Code     0  uidiv.o(.text)
    __aeabi_uidivmod                         0x08000311   Thumb Code    44  uidiv.o(.text)
    __aeabi_uldivmod                         0x0800033d   Thumb Code    98  uldiv.o(.text)
    __aeabi_llsr                             0x0800039f   Thumb Code    32  llushr.o(.text)
    _ll_ushift_r                             0x0800039f   Thumb Code     0  llushr.o(.text)
    __I$use$fp                               0x080003bf   Thumb Code     0  iusefp.o(.text)
    _double_round                            0x080003bf   Thumb Code    30  depilogue.o(.text)
    _double_epilogue                         0x080003dd   Thumb Code   156  depilogue.o(.text)
    __aeabi_dadd                             0x08000479   Thumb Code   322  dadd.o(.text)
    __aeabi_dsub                             0x080005bb   Thumb Code     6  dadd.o(.text)
    __aeabi_drsub                            0x080005c1   Thumb Code     6  dadd.o(.text)
    __aeabi_dmul                             0x080005c7   Thumb Code   228  dmul.o(.text)
    __aeabi_d2ulz                            0x080006ab   Thumb Code    48  dfixul.o(.text)
    __aeabi_cdrcmple                         0x080006dd   Thumb Code    48  cdrcmple.o(.text)
    __scatterload                            0x0800070d   Thumb Code    28  init.o(.text)
    __scatterload_rt2                        0x0800070d   Thumb Code     0  init.o(.text)
    __aeabi_llsl                             0x08000731   Thumb Code    30  llshl.o(.text)
    _ll_shift_l                              0x08000731   Thumb Code     0  llshl.o(.text)
    __aeabi_lasr                             0x0800074f   Thumb Code    36  llsshr.o(.text)
    _ll_sshift_r                             0x0800074f   Thumb Code     0  llsshr.o(.text)
    ADC1_Config                              0x08000775   Thumb Code   328  bsp_adc.o(i.ADC1_Config)
    ADC1_DMA_Config                          0x080008c1   Thumb Code   106  bsp_adc.o(i.ADC1_DMA_Config)
    ADC_Cmd                                  0x08000939   Thumb Code    22  stm32f30x_adc.o(i.ADC_Cmd)
    ADC_CommonInit                           0x08000951   Thumb Code    82  stm32f30x_adc.o(i.ADC_CommonInit)
    ADC_Config                               0x080009b5   Thumb Code    12  bsp_adc.o(i.ADC_Config)
    ADC_DMACmd                               0x080009c1   Thumb Code    22  stm32f30x_adc.o(i.ADC_DMACmd)
    ADC_DMAConfig                            0x080009d7   Thumb Code    16  stm32f30x_adc.o(i.ADC_DMAConfig)
    ADC_DeInit                               0x080009e9   Thumb Code    68  stm32f30x_adc.o(i.ADC_DeInit)
    ADC_GetCalibrationStatus                 0x08000a39   Thumb Code    20  stm32f30x_adc.o(i.ADC_GetCalibrationStatus)
    ADC_GetCalibrationValue                  0x08000a4d   Thumb Code     8  stm32f30x_adc.o(i.ADC_GetCalibrationValue)
    ADC_GetFlagStatus                        0x08000a55   Thumb Code    18  stm32f30x_adc.o(i.ADC_GetFlagStatus)
    ADC_Init                                 0x08000a69   Thumb Code    58  stm32f30x_adc.o(i.ADC_Init)
    ADC_RegularChannelConfig                 0x08000aa9   Thumb Code   250  stm32f30x_adc.o(i.ADC_RegularChannelConfig)
    ADC_SelectCalibrationMode                0x08000ba3   Thumb Code    16  stm32f30x_adc.o(i.ADC_SelectCalibrationMode)
    ADC_StartCalibration                     0x08000bb3   Thumb Code    10  stm32f30x_adc.o(i.ADC_StartCalibration)
    ADC_StartConversion                      0x08000bbd   Thumb Code    10  stm32f30x_adc.o(i.ADC_StartConversion)
    ADC_StructInit                           0x08000bc7   Thumb Code    22  stm32f30x_adc.o(i.ADC_StructInit)
    ADC_VoltageRegulatorCmd                  0x08000bdd   Thumb Code    30  stm32f30x_adc.o(i.ADC_VoltageRegulatorCmd)
    Bsp_TimeInit                             0x08000bfd   Thumb Code   138  bsp_time.o(i.Bsp_TimeInit)
    BusFault_Handler                         0x08000c95   Thumb Code     4  stm32f3xx_it.o(i.BusFault_Handler)
    CAN1_Init                                0x08000c99   Thumb Code   250  bsp_can.o(i.CAN1_Init)
    CAN1_RX0_IRQHandler                      0x08000d9d   Thumb Code    70  bsp_can.o(i.CAN1_RX0_IRQHandler)
    CAN_ClearITPendingBit                    0x08000df9   Thumb Code   162  stm32f30x_can.o(i.CAN_ClearITPendingBit)
    CAN_FilterInit                           0x08000ea1   Thumb Code   258  stm32f30x_can.o(i.CAN_FilterInit)
    CAN_GetITStatus                          0x08000fa9   Thumb Code   284  stm32f30x_can.o(i.CAN_GetITStatus)
    CAN_ITConfig                             0x080010c9   Thumb Code    18  stm32f30x_can.o(i.CAN_ITConfig)
    CAN_Init                                 0x080010db   Thumb Code   292  stm32f30x_can.o(i.CAN_Init)
    CAN_Receive                              0x080011ff   Thumb Code   240  stm32f30x_can.o(i.CAN_Receive)
    CAN_SEND_DATA                            0x080012f1   Thumb Code    50  bsp_can.o(i.CAN_SEND_DATA)
    CAN_Transmit                             0x08001329   Thumb Code   294  stm32f30x_can.o(i.CAN_Transmit)
    DMA_Cmd                                  0x08001461   Thumb Code    24  stm32f30x_dma.o(i.DMA_Cmd)
    DMA_DeInit                               0x08001479   Thumb Code   324  stm32f30x_dma.o(i.DMA_DeInit)
    DMA_Init                                 0x080015c5   Thumb Code    60  stm32f30x_dma.o(i.DMA_Init)
    DMA_StructInit                           0x08001601   Thumb Code    26  stm32f30x_dma.o(i.DMA_StructInit)
    DebugMon_Handler                         0x0800161b   Thumb Code     2  stm32f3xx_it.o(i.DebugMon_Handler)
    Delay_ms                                 0x0800161d   Thumb Code    26  delay.o(i.Delay_ms)
    Delay_us                                 0x08001639   Thumb Code    18  delay.o(i.Delay_us)
    FilterAverage                            0x08001651   Thumb Code    48  bsp_filter.o(i.FilterAverage)
    FilterSample                             0x08001685   Thumb Code   102  bsp_filter.o(i.FilterSample)
    GPIO_Init                                0x080016eb   Thumb Code   150  stm32f30x_gpio.o(i.GPIO_Init)
    GPIO_PinAFConfig                         0x08001781   Thumb Code    70  stm32f30x_gpio.o(i.GPIO_PinAFConfig)
    GPIO_ResetBits                           0x080017c7   Thumb Code     4  stm32f30x_gpio.o(i.GPIO_ResetBits)
    GPIO_SetBits                             0x080017cb   Thumb Code     4  stm32f30x_gpio.o(i.GPIO_SetBits)
    HRTIM1_TIMA_IRQHandler                   0x080017d1   Thumb Code    18  main.o(i.HRTIM1_TIMA_IRQHandler)
    HRTIM_ADCTriggerConfig                   0x080017e9   Thumb Code   114  stm32f30x_hrtim.o(i.HRTIM_ADCTriggerConfig)
    HRTIM_ClearITPendingBit                  0x0800185b   Thumb Code    62  stm32f30x_hrtim.o(i.HRTIM_ClearITPendingBit)
    HRTIM_Config                             0x08001899   Thumb Code   554  bsp_hrtim.o(i.HRTIM_Config)
    HRTIM_DLLCalibrationStart                0x08001ac9   Thumb Code    40  stm32f30x_hrtim.o(i.HRTIM_DLLCalibrationStart)
    HRTIM_DeadTimeConfig                     0x08001af1   Thumb Code    70  stm32f30x_hrtim.o(i.HRTIM_DeadTimeConfig)
    HRTIM_ITConfig                           0x08001b3d   Thumb Code    98  stm32f30x_hrtim.o(i.HRTIM_ITConfig)
    HRTIM_MasterSetCompare                   0x08001bc9   Thumb Code    40  stm32f30x_hrtim.o(i.HRTIM_MasterSetCompare)
    HRTIM_WaveformCounterStart               0x08001e45   Thumb Code     8  stm32f30x_hrtim.o(i.HRTIM_WaveformCounterStart)
    HRTIM_WaveformOutputConfig               0x08001e4d   Thumb Code    28  stm32f30x_hrtim.o(i.HRTIM_WaveformOutputConfig)
    HRTIM_WaveformOutputStart                0x08001e69   Thumb Code     8  stm32f30x_hrtim.o(i.HRTIM_WaveformOutputStart)
    HRTIM_WaveformTimerConfig                0x08001e71   Thumb Code   146  stm32f30x_hrtim.o(i.HRTIM_WaveformTimerConfig)
    HRTIM_Waveform_Init                      0x08001f03   Thumb Code    58  stm32f30x_hrtim.o(i.HRTIM_Waveform_Init)
    HardFault_Handler                        0x08001f3d   Thumb Code     4  stm32f3xx_it.o(i.HardFault_Handler)
    Init_TIM16                               0x08001f41   Thumb Code    74  delay.o(i.Init_TIM16)
    Initial_prepheral_                       0x08001f91   Thumb Code    12  usart.o(i.Initial_prepheral_)
    InputPower_Control                       0x08001f9d   Thumb Code  1410  bsp_buck_control.o(i.InputPower_Control)
    LED_GPIO_Config                          0x0800254d   Thumb Code    64  bsp_led.o(i.LED_GPIO_Config)
    MemManage_Handler                        0x08002591   Thumb Code     4  stm32f3xx_it.o(i.MemManage_Handler)
    NMI_Handler                              0x08002595   Thumb Code     2  stm32f3xx_it.o(i.NMI_Handler)
    NVIC_Init                                0x08002599   Thumb Code   100  stm32f30x_misc.o(i.NVIC_Init)
    NVIC_PriorityGroupConfig                 0x08002609   Thumb Code    10  stm32f30x_misc.o(i.NVIC_PriorityGroupConfig)
    Out_Control_GPIO_Config                  0x0800261d   Thumb Code    60  bsp_out_control.o(i.Out_Control_GPIO_Config)
    PWM_Update                               0x0800265d   Thumb Code   328  bsp_hrtim.o(i.PWM_Update)
    PendSV_Handler                           0x080027b9   Thumb Code     2  stm32f3xx_it.o(i.PendSV_Handler)
    Print_state                              0x080027bd   Thumb Code   312  usart.o(i.Print_state)
    RCC_ADCCLKConfig                         0x08002a2d   Thumb Code    44  stm32f30x_rcc.o(i.RCC_ADCCLKConfig)
    RCC_AHBPeriphClockCmd                    0x08002a5d   Thumb Code    26  stm32f30x_rcc.o(i.RCC_AHBPeriphClockCmd)
    RCC_AHBPeriphResetCmd                    0x08002a7d   Thumb Code    26  stm32f30x_rcc.o(i.RCC_AHBPeriphResetCmd)
    RCC_APB1PeriphClockCmd                   0x08002a9d   Thumb Code    26  stm32f30x_rcc.o(i.RCC_APB1PeriphClockCmd)
    RCC_APB1PeriphResetCmd                   0x08002abd   Thumb Code    26  stm32f30x_rcc.o(i.RCC_APB1PeriphResetCmd)
    RCC_APB2PeriphClockCmd                   0x08002add   Thumb Code    26  stm32f30x_rcc.o(i.RCC_APB2PeriphClockCmd)
    RCC_GetClocksFreq                        0x08002afd   Thumb Code  1316  stm32f30x_rcc.o(i.RCC_GetClocksFreq)
    RCC_HRTIM1CLKConfig                      0x08003035   Thumb Code    22  stm32f30x_rcc.o(i.RCC_HRTIM1CLKConfig)
    SVC_Handler                              0x08003051   Thumb Code     2  stm32f3xx_it.o(i.SVC_Handler)
    SysTick_Handler                          0x08003119   Thumb Code     2  stm32f3xx_it.o(i.SysTick_Handler)
    SystemInit                               0x0800311d   Thumb Code   112  system_stm32f30x.o(i.SystemInit)
    TIM1_UP_TIM16_IRQHandler                 0x080031a1   Thumb Code   114  main.o(i.TIM1_UP_TIM16_IRQHandler)
    TIM_ARRPreloadConfig                     0x08003235   Thumb Code    24  stm32f30x_tim.o(i.TIM_ARRPreloadConfig)
    TIM_ClearFlag                            0x0800324d   Thumb Code     8  stm32f30x_tim.o(i.TIM_ClearFlag)
    TIM_Cmd                                  0x08003255   Thumb Code    24  stm32f30x_tim.o(i.TIM_Cmd)
    TIM_ITConfig                             0x0800326d   Thumb Code    24  stm32f30x_tim.o(i.TIM_ITConfig)
    TIM_SetAutoreload                        0x08003285   Thumb Code     4  stm32f30x_tim.o(i.TIM_SetAutoreload)
    TIM_TimeBaseInit                         0x08003289   Thumb Code   116  stm32f30x_tim.o(i.TIM_TimeBaseInit)
    USART1_Config                            0x08003321   Thumb Code   172  usart.o(i.USART1_Config)
    USART1_IRQHandler                        0x080033dd   Thumb Code   112  usart.o(i.USART1_IRQHandler)
    USART_ClearFlag                          0x08003461   Thumb Code     4  stm32f30x_usart.o(i.USART_ClearFlag)
    USART_ClearITPendingBit                  0x08003465   Thumb Code    18  stm32f30x_usart.o(i.USART_ClearITPendingBit)
    USART_Cmd                                0x08003477   Thumb Code    22  stm32f30x_usart.o(i.USART_Cmd)
    USART_GetFlagStatus                      0x0800348d   Thumb Code    18  stm32f30x_usart.o(i.USART_GetFlagStatus)
    USART_ITConfig                           0x0800349f   Thumb Code    58  stm32f30x_usart.o(i.USART_ITConfig)
    USART_Init                               0x080034d9   Thumb Code   220  stm32f30x_usart.o(i.USART_Init)
    USART_ReceiveData                        0x080035c5   Thumb Code    10  stm32f30x_usart.o(i.USART_ReceiveData)
    UsageFault_Handler                       0x080035cf   Thumb Code     4  stm32f3xx_it.o(i.UsageFault_Handler)
    __0printf                                0x080035d5   Thumb Code    22  printfa.o(i.__0printf)
    __1printf                                0x080035d5   Thumb Code     0  printfa.o(i.__0printf)
    __2printf                                0x080035d5   Thumb Code     0  printfa.o(i.__0printf)
    __c89printf                              0x080035d5   Thumb Code     0  printfa.o(i.__0printf)
    printf                                   0x080035d5   Thumb Code     0  printfa.o(i.__0printf)
    __scatterload_copy                       0x080035f5   Thumb Code    14  handlers.o(i.__scatterload_copy)
    __scatterload_null                       0x08003603   Thumb Code     2  handlers.o(i.__scatterload_null)
    __scatterload_zeroinit                   0x08003605   Thumb Code    14  handlers.o(i.__scatterload_zeroinit)
    bsp_PIDCtrlInit                          0x08003ec9   Thumb Code   334  bsp_buck_control.o(i.bsp_PIDCtrlInit)
    float2int16                              0x0800406d   Thumb Code    56  main.o(i.float2int16)
    fputc                                    0x080040a5   Thumb Code    24  main.o(i.fputc)
    main                                     0x080040c1   Thumb Code   180  main.o(i.main)
    pid_calc                                 0x08004189   Thumb Code   292  bsp_pid.o(i.pid_calc)
    pid_clc                                  0x080042ad   Thumb Code    66  bsp_pid.o(i.pid_clc)
    pid_init                                 0x080042f5   Thumb Code    50  bsp_pid.o(i.pid_init)
    pid_power_calc                           0x0800432d   Thumb Code   292  bsp_pid.o(i.pid_power_calc)
    pid_reset                                0x08004451   Thumb Code    82  bsp_pid.o(i.pid_reset)
    Region$$Table$$Base                      0x080044a8   Number         0  anon$$obj.o(Region$$Table)
    Region$$Table$$Limit                     0x080044c8   Number         0  anon$$obj.o(Region$$Table)
    SystemCoreClock                          0x20000000   Data           4  system_stm32f30x.o(.data)
    AHBPrescTable                            0x20000004   Data          16  system_stm32f30x.o(.data)
    ADC_SampleBuf                            0x20000044   Data           8  bsp_adc.o(.data)
    calibration_value                        0x2000004c   Data           2  bsp_adc.o(.data)
    pid_func                                 0x20000050   Data          20  bsp_pid.o(.data)
    ADC_I_SCAP_SampleValue                   0x20000064   Data           4  bsp_buck_control.o(.data)
    ADC_I_BAT_SampleValue                    0x20000068   Data           4  bsp_buck_control.o(.data)
    ADC_V_BAT_SampleValue                    0x2000006c   Data           4  bsp_buck_control.o(.data)
    ADC_V_SCAP_SampleValue                   0x20000070   Data           4  bsp_buck_control.o(.data)
    IoRefApp                                 0x20000074   Data           4  bsp_buck_control.o(.data)
    VoRefApp                                 0x20000078   Data           4  bsp_buck_control.o(.data)
    Input_Voltage                            0x2000007c   Data           4  bsp_buck_control.o(.data)
    Input_Current                            0x20000080   Data           4  bsp_buck_control.o(.data)
    Input_Power                              0x20000084   Data           4  bsp_buck_control.o(.data)
    Available_Power                          0x20000088   Data           4  bsp_buck_control.o(.data)
    SCAP_Voltage                             0x2000008c   Data           4  bsp_buck_control.o(.data)
    SCAP_Current                             0x20000090   Data           4  bsp_buck_control.o(.data)
    PWM_DUTY                                 0x20000094   Data           2  bsp_buck_control.o(.data)
    Vref                                     0x20000096   Data           2  bsp_buck_control.o(.data)
    Limit_Power                              0x20000098   Data           4  bsp_buck_control.o(.data)
    Direction                                0x2000009c   Data           1  bsp_buck_control.o(.data)
    Mode                                     0x2000009d   Data           1  bsp_buck_control.o(.data)
    Last_Direction_Mode                      0x2000009e   Data           1  bsp_buck_control.o(.data)
    loop_mode                                0x2000009f   Data           1  bsp_buck_control.o(.data)
    Transition_Mode                          0x200000a0   Data           1  bsp_buck_control.o(.data)
    Transition_Time_Out                      0x200000a4   Data           4  bsp_buck_control.o(.data)
    Mediate_State_Out                        0x200000a8   Data           1  bsp_buck_control.o(.data)
    Transition_Time_In                       0x200000ac   Data           4  bsp_buck_control.o(.data)
    Mediate_State_In                         0x200000b0   Data           1  bsp_buck_control.o(.data)
    Clear_Time                               0x200000b4   Data           4  bsp_buck_control.o(.data)
    Clear_State                              0x200000b8   Data           1  bsp_buck_control.o(.data)
    Turn_VoltOutLoop_Time                    0x200000ba   Data           2  bsp_buck_control.o(.data)
    MAX_POW                                  0x200000bc   Data           2  bsp_can.o(.data)
    chassis_power_buffer                     0x200000be   Data           2  bsp_can.o(.data)
    OUT_CMD                                  0x200000c0   Data           1  bsp_can.o(.data)
    PC_command                               0x200000c1   Data           8  usart.o(.data)
    flag_command_ok                          0x200000c9   Data           1  usart.o(.data)
    __stdout                                 0x200000cc   Data           4  stdout.o(.data)
    ADC_I_SCAP_FilterBuf                     0x200000d0   Data          16  bsp_buck_control.o(.bss)
    ADC_I_BAT_FilterBuf                      0x200000e0   Data          16  bsp_buck_control.o(.bss)
    ADC_V_BAT_FilterBuf                      0x200000f0   Data          16  bsp_buck_control.o(.bss)
    ADC_V_SCAP_FilterBuf                     0x20000100   Data          16  bsp_buck_control.o(.bss)
    gPID_AllIoutLoop                         0x20000110   Data          72  bsp_buck_control.o(.bss)
    gPID_OutPowerCurr                        0x20000158   Data          72  bsp_buck_control.o(.bss)
    gPID_VoltOutLoop                         0x200001a0   Data          72  bsp_buck_control.o(.bss)
    gPID_CurrOutLoop                         0x200001e8   Data          72  bsp_buck_control.o(.bss)
    gPID_PowerOutLoop                        0x20000230   Data          72  bsp_buck_control.o(.bss)
    __initial_sp                             0x20000690   Data           0  startup_stm32f334x8.o(STACK)



==============================================================================

Memory Map of the image

  Image Entry point : 0x08000189

  Load Region LR_IROM1 (Base: 0x08000000, Size: 0x00004598, Max: 0x00010000, ABSOLUTE)

    Execution Region ER_IROM1 (Exec base: 0x08000000, Load base: 0x08000000, Size: 0x000044c8, Max: 0x00010000, ABSOLUTE)

    Exec Addr    Load Addr    Size         Type   Attr      Idx    E Section Name        Object

    0x08000000   0x08000000   0x00000188   Data   RO            3    RESET               startup_stm32f334x8.o
    0x08000188   0x08000188   0x00000000   Code   RO         4922  * .ARM.Collect$$$$00000000  mc_w.l(entry.o)
    0x08000188   0x08000188   0x00000004   Code   RO         5194    .ARM.Collect$$$$00000001  mc_w.l(entry2.o)
    0x0800018c   0x0800018c   0x00000004   Code   RO         5197    .ARM.Collect$$$$00000004  mc_w.l(entry5.o)
    0x08000190   0x08000190   0x00000000   Code   RO         5199    .ARM.Collect$$$$00000008  mc_w.l(entry7b.o)
    0x08000190   0x08000190   0x00000000   Code   RO         5201    .ARM.Collect$$$$0000000A  mc_w.l(entry8b.o)
    0x08000190   0x08000190   0x00000008   Code   RO         5202    .ARM.Collect$$$$0000000B  mc_w.l(entry9a.o)
    0x08000198   0x08000198   0x00000000   Code   RO         5204    .ARM.Collect$$$$0000000D  mc_w.l(entry10a.o)
    0x08000198   0x08000198   0x00000000   Code   RO         5206    .ARM.Collect$$$$0000000F  mc_w.l(entry11a.o)
    0x08000198   0x08000198   0x00000004   Code   RO         5195    .ARM.Collect$$$$00002712  mc_w.l(entry2.o)
    0x0800019c   0x0800019c   0x00000024   Code   RO            4    .text               startup_stm32f334x8.o
    0x080001c0   0x080001c0   0x000000de   Code   RO         5186    .text               mf_w.l(ddiv.o)
    0x0800029e   0x0800029e   0x0000001a   Code   RO         5188    .text               mf_w.l(dfltui.o)
    0x080002b8   0x080002b8   0x00000032   Code   RO         5190    .text               mf_w.l(dfixui.o)
    0x080002ea   0x080002ea   0x00000026   Code   RO         5192    .text               mf_w.l(f2d.o)
    0x08000310   0x08000310   0x0000002c   Code   RO         5209    .text               mc_w.l(uidiv.o)
    0x0800033c   0x0800033c   0x00000062   Code   RO         5211    .text               mc_w.l(uldiv.o)
    0x0800039e   0x0800039e   0x00000020   Code   RO         5213    .text               mc_w.l(llushr.o)
    0x080003be   0x080003be   0x00000000   Code   RO         5215    .text               mc_w.l(iusefp.o)
    0x080003be   0x080003be   0x000000ba   Code   RO         5216    .text               mf_w.l(depilogue.o)
    0x08000478   0x08000478   0x0000014e   Code   RO         5218    .text               mf_w.l(dadd.o)
    0x080005c6   0x080005c6   0x000000e4   Code   RO         5220    .text               mf_w.l(dmul.o)
    0x080006aa   0x080006aa   0x00000030   Code   RO         5222    .text               mf_w.l(dfixul.o)
    0x080006da   0x080006da   0x00000002   PAD
    0x080006dc   0x080006dc   0x00000030   Code   RO         5224    .text               mf_w.l(cdrcmple.o)
    0x0800070c   0x0800070c   0x00000024   Code   RO         5226    .text               mc_w.l(init.o)
    0x08000730   0x08000730   0x0000001e   Code   RO         5228    .text               mc_w.l(llshl.o)
    0x0800074e   0x0800074e   0x00000024   Code   RO         5230    .text               mc_w.l(llsshr.o)
    0x08000772   0x08000772   0x00000002   PAD
    0x08000774   0x08000774   0x0000014c   Code   RO         4558    i.ADC1_Config       bsp_adc.o
    0x080008c0   0x080008c0   0x00000078   Code   RO         4559    i.ADC1_DMA_Config   bsp_adc.o
    0x08000938   0x08000938   0x00000016   Code   RO          157    i.ADC_Cmd           stm32f30x_adc.o
    0x0800094e   0x0800094e   0x00000002   PAD
    0x08000950   0x08000950   0x00000064   Code   RO          158    i.ADC_CommonInit    stm32f30x_adc.o
    0x080009b4   0x080009b4   0x0000000c   Code   RO         4560    i.ADC_Config        bsp_adc.o
    0x080009c0   0x080009c0   0x00000016   Code   RO          160    i.ADC_DMACmd        stm32f30x_adc.o
    0x080009d6   0x080009d6   0x00000010   Code   RO          161    i.ADC_DMAConfig     stm32f30x_adc.o
    0x080009e6   0x080009e6   0x00000002   PAD
    0x080009e8   0x080009e8   0x00000050   Code   RO          162    i.ADC_DeInit        stm32f30x_adc.o
    0x08000a38   0x08000a38   0x00000014   Code   RO          167    i.ADC_GetCalibrationStatus  stm32f30x_adc.o
    0x08000a4c   0x08000a4c   0x00000008   Code   RO          168    i.ADC_GetCalibrationValue  stm32f30x_adc.o
    0x08000a54   0x08000a54   0x00000012   Code   RO          173    i.ADC_GetFlagStatus  stm32f30x_adc.o
    0x08000a66   0x08000a66   0x00000002   PAD
    0x08000a68   0x08000a68   0x00000040   Code   RO          179    i.ADC_Init          stm32f30x_adc.o
    0x08000aa8   0x08000aa8   0x000000fa   Code   RO          184    i.ADC_RegularChannelConfig  stm32f30x_adc.o
    0x08000ba2   0x08000ba2   0x00000010   Code   RO          186    i.ADC_SelectCalibrationMode  stm32f30x_adc.o
    0x08000bb2   0x08000bb2   0x0000000a   Code   RO          194    i.ADC_StartCalibration  stm32f30x_adc.o
    0x08000bbc   0x08000bbc   0x0000000a   Code   RO          195    i.ADC_StartConversion  stm32f30x_adc.o
    0x08000bc6   0x08000bc6   0x00000016   Code   RO          199    i.ADC_StructInit    stm32f30x_adc.o
    0x08000bdc   0x08000bdc   0x0000001e   Code   RO          202    i.ADC_VoltageRegulatorCmd  stm32f30x_adc.o
    0x08000bfa   0x08000bfa   0x00000002   PAD
    0x08000bfc   0x08000bfc   0x00000098   Code   RO         4863    i.Bsp_TimeInit      bsp_time.o
    0x08000c94   0x08000c94   0x00000004   Code   RO         4626    i.BusFault_Handler  stm32f3xx_it.o
    0x08000c98   0x08000c98   0x00000104   Code   RO         4821    i.CAN1_Init         bsp_can.o
    0x08000d9c   0x08000d9c   0x0000005c   Code   RO         4822    i.CAN1_RX0_IRQHandler  bsp_can.o
    0x08000df8   0x08000df8   0x000000a8   Code   RO          539    i.CAN_ClearITPendingBit  stm32f30x_can.o
    0x08000ea0   0x08000ea0   0x00000108   Code   RO          543    i.CAN_FilterInit    stm32f30x_can.o
    0x08000fa8   0x08000fa8   0x00000120   Code   RO          545    i.CAN_GetITStatus   stm32f30x_can.o
    0x080010c8   0x080010c8   0x00000012   Code   RO          549    i.CAN_ITConfig      stm32f30x_can.o
    0x080010da   0x080010da   0x00000124   Code   RO          550    i.CAN_Init          stm32f30x_can.o
    0x080011fe   0x080011fe   0x000000f0   Code   RO          553    i.CAN_Receive       stm32f30x_can.o
    0x080012ee   0x080012ee   0x00000002   PAD
    0x080012f0   0x080012f0   0x00000038   Code   RO         4823    i.CAN_SEND_DATA     bsp_can.o
    0x08001328   0x08001328   0x00000126   Code   RO          558    i.CAN_Transmit      stm32f30x_can.o
    0x0800144e   0x0800144e   0x00000012   Code   RO          561    i.CheckITStatus     stm32f30x_can.o
    0x08001460   0x08001460   0x00000018   Code   RO         1022    i.DMA_Cmd           stm32f30x_dma.o
    0x08001478   0x08001478   0x0000014c   Code   RO         1023    i.DMA_DeInit        stm32f30x_dma.o
    0x080015c4   0x080015c4   0x0000003c   Code   RO         1028    i.DMA_Init          stm32f30x_dma.o
    0x08001600   0x08001600   0x0000001a   Code   RO         1030    i.DMA_StructInit    stm32f30x_dma.o
    0x0800161a   0x0800161a   0x00000002   Code   RO         4627    i.DebugMon_Handler  stm32f3xx_it.o
    0x0800161c   0x0800161c   0x0000001a   Code   RO         4497    i.Delay_ms          delay.o
    0x08001636   0x08001636   0x00000002   PAD
    0x08001638   0x08001638   0x00000018   Code   RO         4498    i.Delay_us          delay.o
    0x08001650   0x08001650   0x00000034   Code   RO         4772    i.FilterAverage     bsp_filter.o
    0x08001684   0x08001684   0x00000066   Code   RO         4773    i.FilterSample      bsp_filter.o
    0x080016ea   0x080016ea   0x00000096   Code   RO         1351    i.GPIO_Init         stm32f30x_gpio.o
    0x08001780   0x08001780   0x00000046   Code   RO         1352    i.GPIO_PinAFConfig  stm32f30x_gpio.o
    0x080017c6   0x080017c6   0x00000004   Code   RO         1358    i.GPIO_ResetBits    stm32f30x_gpio.o
    0x080017ca   0x080017ca   0x00000004   Code   RO         1359    i.GPIO_SetBits      stm32f30x_gpio.o
    0x080017ce   0x080017ce   0x00000002   PAD
    0x080017d0   0x080017d0   0x00000018   Code   RO         4403    i.HRTIM1_TIMA_IRQHandler  main.o
    0x080017e8   0x080017e8   0x00000072   Code   RO         1442    i.HRTIM_ADCTriggerConfig  stm32f30x_hrtim.o
    0x0800185a   0x0800185a   0x0000003e   Code   RO         1451    i.HRTIM_ClearITPendingBit  stm32f30x_hrtim.o
    0x08001898   0x08001898   0x00000230   Code   RO         4596    i.HRTIM_Config      bsp_hrtim.o
    0x08001ac8   0x08001ac8   0x00000028   Code   RO         1453    i.HRTIM_DLLCalibrationStart  stm32f30x_hrtim.o
    0x08001af0   0x08001af0   0x0000004c   Code   RO         1456    i.HRTIM_DeadTimeConfig  stm32f30x_hrtim.o
    0x08001b3c   0x08001b3c   0x00000062   Code   RO         1473    i.HRTIM_ITConfig    stm32f30x_hrtim.o
    0x08001b9e   0x08001b9e   0x0000002a   Code   RO         1474    i.HRTIM_MasterBase_Config  stm32f30x_hrtim.o
    0x08001bc8   0x08001bc8   0x00000028   Code   RO         1475    i.HRTIM_MasterSetCompare  stm32f30x_hrtim.o
    0x08001bf0   0x08001bf0   0x00000058   Code   RO         1476    i.HRTIM_MasterWaveform_Config  stm32f30x_hrtim.o
    0x08001c48   0x08001c48   0x000000ca   Code   RO         1477    i.HRTIM_OutputConfig  stm32f30x_hrtim.o
    0x08001d12   0x08001d12   0x0000007c   Code   RO         1504    i.HRTIM_TimingUnitBase_Config  stm32f30x_hrtim.o
    0x08001d8e   0x08001d8e   0x000000b6   Code   RO         1505    i.HRTIM_TimingUnitWaveform_Config  stm32f30x_hrtim.o
    0x08001e44   0x08001e44   0x00000008   Code   RO         1508    i.HRTIM_WaveformCounterStart  stm32f30x_hrtim.o
    0x08001e4c   0x08001e4c   0x0000001c   Code   RO         1512    i.HRTIM_WaveformOutputConfig  stm32f30x_hrtim.o
    0x08001e68   0x08001e68   0x00000008   Code   RO         1513    i.HRTIM_WaveformOutputStart  stm32f30x_hrtim.o
    0x08001e70   0x08001e70   0x00000092   Code   RO         1516    i.HRTIM_WaveformTimerConfig  stm32f30x_hrtim.o
    0x08001f02   0x08001f02   0x0000003a   Code   RO         1517    i.HRTIM_Waveform_Init  stm32f30x_hrtim.o
    0x08001f3c   0x08001f3c   0x00000004   Code   RO         4628    i.HardFault_Handler  stm32f3xx_it.o
    0x08001f40   0x08001f40   0x00000050   Code   RO         4499    i.Init_TIM16        delay.o
    0x08001f90   0x08001f90   0x0000000c   Code   RO         4883    i.Initial_prepheral_  usart.o
    0x08001f9c   0x08001f9c   0x000005b0   Code   RO         4739    i.InputPower_Control  bsp_buck_control.o
    0x0800254c   0x0800254c   0x00000044   Code   RO         4538    i.LED_GPIO_Config   bsp_led.o
    0x08002590   0x08002590   0x00000004   Code   RO         4629    i.MemManage_Handler  stm32f3xx_it.o
    0x08002594   0x08002594   0x00000002   Code   RO         4630    i.NMI_Handler       stm32f3xx_it.o
    0x08002596   0x08002596   0x00000002   PAD
    0x08002598   0x08002598   0x00000070   Code   RO         2227    i.NVIC_Init         stm32f30x_misc.o
    0x08002608   0x08002608   0x00000014   Code   RO         2228    i.NVIC_PriorityGroupConfig  stm32f30x_misc.o
    0x0800261c   0x0800261c   0x00000040   Code   RO         4801    i.Out_Control_GPIO_Config  bsp_out_control.o
    0x0800265c   0x0800265c   0x0000015c   Code   RO         4597    i.PWM_Update        bsp_hrtim.o
    0x080027b8   0x080027b8   0x00000002   Code   RO         4631    i.PendSV_Handler    stm32f3xx_it.o
    0x080027ba   0x080027ba   0x00000002   PAD
    0x080027bc   0x080027bc   0x00000270   Code   RO         4884    i.Print_state       usart.o
    0x08002a2c   0x08002a2c   0x00000030   Code   RO         2449    i.RCC_ADCCLKConfig  stm32f30x_rcc.o
    0x08002a5c   0x08002a5c   0x00000020   Code   RO         2450    i.RCC_AHBPeriphClockCmd  stm32f30x_rcc.o
    0x08002a7c   0x08002a7c   0x00000020   Code   RO         2451    i.RCC_AHBPeriphResetCmd  stm32f30x_rcc.o
    0x08002a9c   0x08002a9c   0x00000020   Code   RO         2452    i.RCC_APB1PeriphClockCmd  stm32f30x_rcc.o
    0x08002abc   0x08002abc   0x00000020   Code   RO         2453    i.RCC_APB1PeriphResetCmd  stm32f30x_rcc.o
    0x08002adc   0x08002adc   0x00000020   Code   RO         2454    i.RCC_APB2PeriphClockCmd  stm32f30x_rcc.o
    0x08002afc   0x08002afc   0x00000538   Code   RO         2462    i.RCC_GetClocksFreq  stm32f30x_rcc.o
    0x08003034   0x08003034   0x0000001c   Code   RO         2467    i.RCC_HRTIM1CLKConfig  stm32f30x_rcc.o
    0x08003050   0x08003050   0x00000002   Code   RO         4632    i.SVC_Handler       stm32f3xx_it.o
    0x08003052   0x08003052   0x00000002   PAD
    0x08003054   0x08003054   0x000000c4   Code   RO           12    i.SetSysClock       system_stm32f30x.o
    0x08003118   0x08003118   0x00000002   Code   RO         4633    i.SysTick_Handler   stm32f3xx_it.o
    0x0800311a   0x0800311a   0x00000002   PAD
    0x0800311c   0x0800311c   0x00000084   Code   RO           14    i.SystemInit        system_stm32f30x.o
    0x080031a0   0x080031a0   0x00000094   Code   RO         4404    i.TIM1_UP_TIM16_IRQHandler  main.o
    0x08003234   0x08003234   0x00000018   Code   RO         3343    i.TIM_ARRPreloadConfig  stm32f30x_tim.o
    0x0800324c   0x0800324c   0x00000008   Code   RO         3353    i.TIM_ClearFlag     stm32f30x_tim.o
    0x08003254   0x08003254   0x00000018   Code   RO         3361    i.TIM_Cmd           stm32f30x_tim.o
    0x0800326c   0x0800326c   0x00000018   Code   RO         3388    i.TIM_ITConfig      stm32f30x_tim.o
    0x08003284   0x08003284   0x00000004   Code   RO         3434    i.TIM_SetAutoreload  stm32f30x_tim.o
    0x08003288   0x08003288   0x00000098   Code   RO         3448    i.TIM_TimeBaseInit  stm32f30x_tim.o
    0x08003320   0x08003320   0x000000bc   Code   RO         4885    i.USART1_Config     usart.o
    0x080033dc   0x080033dc   0x00000084   Code   RO         4886    i.USART1_IRQHandler  usart.o
    0x08003460   0x08003460   0x00000004   Code   RO         4036    i.USART_ClearFlag   stm32f30x_usart.o
    0x08003464   0x08003464   0x00000012   Code   RO         4037    i.USART_ClearITPendingBit  stm32f30x_usart.o
    0x08003476   0x08003476   0x00000016   Code   RO         4040    i.USART_Cmd         stm32f30x_usart.o
    0x0800348c   0x0800348c   0x00000012   Code   RO         4048    i.USART_GetFlagStatus  stm32f30x_usart.o
    0x0800349e   0x0800349e   0x0000003a   Code   RO         4051    i.USART_ITConfig    stm32f30x_usart.o
    0x080034d8   0x080034d8   0x000000ec   Code   RO         4052    i.USART_Init        stm32f30x_usart.o
    0x080035c4   0x080035c4   0x0000000a   Code   RO         4064    i.USART_ReceiveData  stm32f30x_usart.o
    0x080035ce   0x080035ce   0x00000004   Code   RO         4634    i.UsageFault_Handler  stm32f3xx_it.o
    0x080035d2   0x080035d2   0x00000002   PAD
    0x080035d4   0x080035d4   0x00000020   Code   RO         5158    i.__0printf         mc_w.l(printfa.o)
    0x080035f4   0x080035f4   0x0000000e   Code   RO         5234    i.__scatterload_copy  mc_w.l(handlers.o)
    0x08003602   0x08003602   0x00000002   Code   RO         5235    i.__scatterload_null  mc_w.l(handlers.o)
    0x08003604   0x08003604   0x0000000e   Code   RO         5236    i.__scatterload_zeroinit  mc_w.l(handlers.o)
    0x08003612   0x08003612   0x00000002   PAD
    0x08003614   0x08003614   0x00000184   Code   RO         5165    i._fp_digits        mc_w.l(printfa.o)
    0x08003798   0x08003798   0x000006dc   Code   RO         5166    i._printf_core      mc_w.l(printfa.o)
    0x08003e74   0x08003e74   0x00000024   Code   RO         5167    i._printf_post_padding  mc_w.l(printfa.o)
    0x08003e98   0x08003e98   0x0000002e   Code   RO         5168    i._printf_pre_padding  mc_w.l(printfa.o)
    0x08003ec6   0x08003ec6   0x00000002   PAD
    0x08003ec8   0x08003ec8   0x000001a4   Code   RO         4740    i.bsp_PIDCtrlInit   bsp_buck_control.o
    0x0800406c   0x0800406c   0x00000038   Code   RO         4405    i.float2int16       main.o
    0x080040a4   0x080040a4   0x0000001c   Code   RO         4406    i.fputc             main.o
    0x080040c0   0x080040c0   0x000000c8   Code   RO         4407    i.main              main.o
    0x08004188   0x08004188   0x00000124   Code   RO         4695    i.pid_calc          bsp_pid.o
    0x080042ac   0x080042ac   0x00000048   Code   RO         4696    i.pid_clc           bsp_pid.o
    0x080042f4   0x080042f4   0x00000038   Code   RO         4697    i.pid_init          bsp_pid.o
    0x0800432c   0x0800432c   0x00000124   Code   RO         4698    i.pid_power_calc    bsp_pid.o
    0x08004450   0x08004450   0x00000058   Code   RO         4699    i.pid_reset         bsp_pid.o
    0x080044a8   0x080044a8   0x00000020   Data   RO         5232    Region$$Table       anon$$obj.o


    Execution Region RW_IRAM1 (Exec base: 0x20000000, Load base: 0x080044c8, Size: 0x00000690, Max: 0x00004000, ABSOLUTE)

    Exec Addr    Load Addr    Size         Type   Attr      Idx    E Section Name        Object

    0x20000000   0x080044c8   0x00000014   Data   RW           15    .data               system_stm32f30x.o
    0x20000014   0x080044dc   0x00000030   Data   RW         2489    .data               stm32f30x_rcc.o
    0x20000044   0x0800450c   0x0000000a   Data   RW         4561    .data               bsp_adc.o
    0x2000004e   0x08004516   0x00000002   PAD
    0x20000050   0x08004518   0x00000014   Data   RW         4700    .data               bsp_pid.o
    0x20000064   0x0800452c   0x00000058   Data   RW         4742    .data               bsp_buck_control.o
    0x200000bc   0x08004584   0x00000005   Data   RW         4825    .data               bsp_can.o
    0x200000c1   0x08004589   0x0000000a   Data   RW         4887    .data               usart.o
    0x200000cb   0x08004593   0x00000001   PAD
    0x200000cc   0x08004594   0x00000004   Data   RW         5208    .data               mc_w.l(stdout.o)
    0x200000d0        -       0x000001a8   Zero   RW         4741    .bss                bsp_buck_control.o
    0x20000278        -       0x00000014   Zero   RW         4824    .bss                bsp_can.o
    0x2000028c   0x08004598   0x00000004   PAD
    0x20000290        -       0x00000400   Zero   RW            1    STACK               startup_stm32f334x8.o


==============================================================================

Image component sizes


      Code (inc. data)   RO Data    RW Data    ZI Data      Debug   Object Name

       464         18          0         10          0       2451   bsp_adc.o
      1876        314          0         88        424       3610   bsp_buck_control.o
       408         38          0          5         20       2441   bsp_can.o
       154          4          0          0          0       1959   bsp_filter.o
       908         26          0          0          0       1880   bsp_hrtim.o
        68          4          0          0          0        542   bsp_led.o
        64          4          0          0          0        586   bsp_out_control.o
       800         18          0         20          0       3672   bsp_pid.o
       152         14          0          0          0        711   bsp_time.o
       130         12          0          0          0       1803   delay.o
       456         64          0          0          0      31819   main.o
        36          8        392          0       1024        964   startup_stm32f334x8.o
       688         36          0          0          0      10500   stm32f30x_adc.o
      1582         16          0          0          0       6946   stm32f30x_can.o
       442          8          0          0          0       4243   stm32f30x_dma.o
       228          0          0          0          0       3187   stm32f30x_gpio.o
      1316         24          0          0          0      12948   stm32f30x_hrtim.o
       132         22          0          0          0       1795   stm32f30x_misc.o
      1572         60          0         48          0       7816   stm32f30x_rcc.o
       236         36          0          0          0       4543   stm32f30x_tim.o
       366         16          0          0          0       5804   stm32f30x_usart.o
        26          0          0          0          0       4134   stm32f3xx_it.o
       328         28          0         20          0     409277   system_stm32f30x.o
       956        348          0         10          0       3476   usart.o

    ----------------------------------------------------------------------
     13412       1118        424        204       1472     527107   Object Totals
         0          0         32          0          0          0   (incl. Generated)
        24          0          0          3          4          0   (incl. Padding)

    ----------------------------------------------------------------------

      Code (inc. data)   RO Data    RW Data    ZI Data      Debug   Library Member Name

         0          0          0          0          0          0   entry.o
         0          0          0          0          0          0   entry10a.o
         0          0          0          0          0          0   entry11a.o
         8          4          0          0          0          0   entry2.o
         4          0          0          0          0          0   entry5.o
         0          0          0          0          0          0   entry7b.o
         0          0          0          0          0          0   entry8b.o
         8          4          0          0          0          0   entry9a.o
        30          0          0          0          0          0   handlers.o
        36          8          0          0          0         68   init.o
         0          0          0          0          0          0   iusefp.o
        30          0          0          0          0         68   llshl.o
        36          0          0          0          0         68   llsshr.o
        32          0          0          0          0         68   llushr.o
      2258         90          0          0          0        452   printfa.o
         0          0          0          4          0          0   stdout.o
        44          0          0          0          0         80   uidiv.o
        98          0          0          0          0         92   uldiv.o
        48          0          0          0          0         68   cdrcmple.o
       334          0          0          0          0        148   dadd.o
       222          0          0          0          0        100   ddiv.o
       186          0          0          0          0        176   depilogue.o
        50          0          0          0          0         76   dfixui.o
        48          0          0          0          0         68   dfixul.o
        26          0          0          0          0         76   dfltui.o
       228          0          0          0          0         96   dmul.o
        38          0          0          0          0         68   f2d.o

    ----------------------------------------------------------------------
      3772        106          0          4          0       1772   Library Totals
         8          0          0          0          0          0   (incl. Padding)

    ----------------------------------------------------------------------

      Code (inc. data)   RO Data    RW Data    ZI Data      Debug   Library Name

      2584        106          0          4          0        896   mc_w.l
      1180          0          0          0          0        876   mf_w.l

    ----------------------------------------------------------------------
      3772        106          0          4          0       1772   Library Totals

    ----------------------------------------------------------------------

==============================================================================


      Code (inc. data)   RO Data    RW Data    ZI Data      Debug   

     17184       1224        424        208       1472     517999   Grand Totals
     17184       1224        424        208       1472     517999   ELF Image Totals
     17184       1224        424        208          0          0   ROM Totals

==============================================================================

    Total RO  Size (Code + RO Data)                17608 (  17.20kB)
    Total RW  Size (RW Data + ZI Data)              1680 (   1.64kB)
    Total ROM Size (Code + RO Data + RW Data)      17816 (  17.40kB)

==============================================================================

