Component: ARM Compiler 5.06 update 7 (build 960) Tool: armlink [4d3601]

==============================================================================

Section Cross References

    startup_stm32f334x8.o(RESET) refers to startup_stm32f334x8.o(STACK) for __initial_sp
    startup_stm32f334x8.o(RESET) refers to startup_stm32f334x8.o(.text) for Reset_Handler
    startup_stm32f334x8.o(RESET) refers to stm32f3xx_it.o(i.NMI_Handler) for NMI_Handler
    startup_stm32f334x8.o(RESET) refers to stm32f3xx_it.o(i.HardFault_Handler) for HardFault_Handler
    startup_stm32f334x8.o(RESET) refers to stm32f3xx_it.o(i.MemManage_Handler) for MemManage_Handler
    startup_stm32f334x8.o(RESET) refers to stm32f3xx_it.o(i.BusFault_Handler) for BusFault_Handler
    startup_stm32f334x8.o(RESET) refers to stm32f3xx_it.o(i.UsageFault_Handler) for UsageFault_Handler
    startup_stm32f334x8.o(RESET) refers to stm32f3xx_it.o(i.SVC_Handler) for SVC_Handler
    startup_stm32f334x8.o(RESET) refers to stm32f3xx_it.o(i.DebugMon_Handler) for DebugMon_Handler
    startup_stm32f334x8.o(RESET) refers to stm32f3xx_it.o(i.PendSV_Handler) for PendSV_Handler
    startup_stm32f334x8.o(RESET) refers to stm32f3xx_it.o(i.SysTick_Handler) for SysTick_Handler
    startup_stm32f334x8.o(RESET) refers to bsp_can.o(i.CAN1_RX0_IRQHandler) for CAN1_RX0_IRQHandler
    startup_stm32f334x8.o(RESET) refers to main.o(i.TIM1_UP_TIM16_IRQHandler) for TIM1_UP_TIM16_IRQHandler
    startup_stm32f334x8.o(RESET) refers to main.o(i.HRTIM1_TIMA_IRQHandler) for HRTIM1_TIMA_IRQHandler
    startup_stm32f334x8.o(.text) refers to system_stm32f30x.o(i.SystemInit) for SystemInit
    startup_stm32f334x8.o(.text) refers to entry.o(.ARM.Collect$$$$00000000) for __main
    system_stm32f30x.o(i.SystemCoreClockUpdate) refers to system_stm32f30x.o(.data) for SystemCoreClock
    system_stm32f30x.o(i.SystemInit) refers to system_stm32f30x.o(i.SetSysClock) for SetSysClock
    stm32f30x_adc.o(i.ADC_DeInit) refers to stm32f30x_rcc.o(i.RCC_AHBPeriphResetCmd) for RCC_AHBPeriphResetCmd
    stm32f30x_can.o(i.CAN_DeInit) refers to stm32f30x_rcc.o(i.RCC_APB1PeriphResetCmd) for RCC_APB1PeriphResetCmd
    stm32f30x_can.o(i.CAN_GetITStatus) refers to stm32f30x_can.o(i.CheckITStatus) for CheckITStatus
    stm32f30x_dac.o(i.DAC_DeInit) refers to stm32f30x_rcc.o(i.RCC_APB1PeriphResetCmd) for RCC_APB1PeriphResetCmd
    stm32f30x_flash.o(i.FLASH_EraseAllPages) refers to stm32f30x_flash.o(i.FLASH_WaitForLastOperation) for FLASH_WaitForLastOperation
    stm32f30x_flash.o(i.FLASH_ErasePage) refers to stm32f30x_flash.o(i.FLASH_WaitForLastOperation) for FLASH_WaitForLastOperation
    stm32f30x_flash.o(i.FLASH_OB_BOOTConfig) refers to stm32f30x_flash.o(i.FLASH_WaitForLastOperation) for FLASH_WaitForLastOperation
    stm32f30x_flash.o(i.FLASH_OB_EnableWRP) refers to stm32f30x_flash.o(i.FLASH_WaitForLastOperation) for FLASH_WaitForLastOperation
    stm32f30x_flash.o(i.FLASH_OB_Erase) refers to stm32f30x_flash.o(i.FLASH_OB_GetRDP) for FLASH_OB_GetRDP
    stm32f30x_flash.o(i.FLASH_OB_Erase) refers to stm32f30x_flash.o(i.FLASH_WaitForLastOperation) for FLASH_WaitForLastOperation
    stm32f30x_flash.o(i.FLASH_OB_RDPConfig) refers to stm32f30x_flash.o(i.FLASH_WaitForLastOperation) for FLASH_WaitForLastOperation
    stm32f30x_flash.o(i.FLASH_OB_SRAMParityConfig) refers to stm32f30x_flash.o(i.FLASH_WaitForLastOperation) for FLASH_WaitForLastOperation
    stm32f30x_flash.o(i.FLASH_OB_UserConfig) refers to stm32f30x_flash.o(i.FLASH_WaitForLastOperation) for FLASH_WaitForLastOperation
    stm32f30x_flash.o(i.FLASH_OB_VDDAConfig) refers to stm32f30x_flash.o(i.FLASH_WaitForLastOperation) for FLASH_WaitForLastOperation
    stm32f30x_flash.o(i.FLASH_OB_WriteUser) refers to stm32f30x_flash.o(i.FLASH_WaitForLastOperation) for FLASH_WaitForLastOperation
    stm32f30x_flash.o(i.FLASH_ProgramHalfWord) refers to stm32f30x_flash.o(i.FLASH_WaitForLastOperation) for FLASH_WaitForLastOperation
    stm32f30x_flash.o(i.FLASH_ProgramOptionByteData) refers to stm32f30x_flash.o(i.FLASH_WaitForLastOperation) for FLASH_WaitForLastOperation
    stm32f30x_flash.o(i.FLASH_ProgramWord) refers to stm32f30x_flash.o(i.FLASH_WaitForLastOperation) for FLASH_WaitForLastOperation
    stm32f30x_flash.o(i.FLASH_WaitForLastOperation) refers to stm32f30x_flash.o(i.FLASH_GetStatus) for FLASH_GetStatus
    stm32f30x_gpio.o(i.GPIO_DeInit) refers to stm32f30x_rcc.o(i.RCC_AHBPeriphResetCmd) for RCC_AHBPeriphResetCmd
    stm32f30x_hrtim.o(i.HRTIM_DeInit) refers to stm32f30x_rcc.o(i.RCC_APB2PeriphResetCmd) for RCC_APB2PeriphResetCmd
    stm32f30x_hrtim.o(i.HRTIM_EventConfig) refers to stm32f30x_hrtim.o(i.HRTIM_ExternalEventConfig) for HRTIM_ExternalEventConfig
    stm32f30x_hrtim.o(i.HRTIM_SimpleBaseStart) refers to stm32f30x_hrtim.o(.data) for TimerIdxToTimerId
    stm32f30x_hrtim.o(i.HRTIM_SimpleBaseStop) refers to stm32f30x_hrtim.o(.data) for TimerIdxToTimerId
[...]
    Removing stm32f30x_i2c.o(i.I2C_AcknowledgeConfig), (22 bytes).
    Removing stm32f30x_i2c.o(i.I2C_AutoEndCmd), (22 bytes).
    Removing stm32f30x_i2c.o(i.I2C_CalculatePEC), (22 bytes).
    Removing stm32f30x_i2c.o(i.I2C_ClearFlag), (4 bytes).
    Removing stm32f30x_i2c.o(i.I2C_ClearITPendingBit), (4 bytes).
    Removing stm32f30x_i2c.o(i.I2C_ClockTimeoutCmd), (22 bytes).
    Removing stm32f30x_i2c.o(i.I2C_Cmd), (22 bytes).
    Removing stm32f30x_i2c.o(i.I2C_DMACmd), (18 bytes).
    Removing stm32f30x_i2c.o(i.I2C_DeInit), (56 bytes).
    Removing stm32f30x_i2c.o(i.I2C_DualAddressCmd), (22 bytes).
    Removing stm32f30x_i2c.o(i.I2C_ExtendedClockTimeoutCmd), (22 bytes).
    Removing stm32f30x_i2c.o(i.I2C_GeneralCallCmd), (22 bytes).
    Removing stm32f30x_i2c.o(i.I2C_GenerateSTART), (22 bytes).
    Removing stm32f30x_i2c.o(i.I2C_GenerateSTOP), (22 bytes).
    Removing stm32f30x_i2c.o(i.I2C_GetAddressMatched), (12 bytes).
    Removing stm32f30x_i2c.o(i.I2C_GetFlagStatus), (22 bytes).
    Removing stm32f30x_i2c.o(i.I2C_GetITStatus), (60 bytes).
    Removing stm32f30x_i2c.o(i.I2C_GetPEC), (8 bytes).
    Removing stm32f30x_i2c.o(i.I2C_GetTransferDirection), (22 bytes).
    Removing stm32f30x_i2c.o(i.I2C_ITConfig), (18 bytes).
    Removing stm32f30x_i2c.o(i.I2C_IdleClockTimeoutCmd), (22 bytes).
    Removing stm32f30x_i2c.o(i.I2C_Init), (104 bytes).
    Removing stm32f30x_i2c.o(i.I2C_MasterRequestConfig), (22 bytes).
    Removing stm32f30x_i2c.o(i.I2C_NumberOfBytesConfig), (24 bytes).
    Removing stm32f30x_i2c.o(i.I2C_OwnAddress2Config), (34 bytes).
    Removing stm32f30x_i2c.o(i.I2C_PECRequestCmd), (22 bytes).
    Removing stm32f30x_i2c.o(i.I2C_ReadRegister), (22 bytes).
    Removing stm32f30x_i2c.o(i.I2C_ReceiveData), (8 bytes).
    Removing stm32f30x_i2c.o(i.I2C_ReloadCmd), (22 bytes).
    Removing stm32f30x_i2c.o(i.I2C_SMBusAlertCmd), (22 bytes).
    Removing stm32f30x_i2c.o(i.I2C_SendData), (4 bytes).
    Removing stm32f30x_i2c.o(i.I2C_SlaveAddressConfig), (20 bytes).
    Removing stm32f30x_i2c.o(i.I2C_SlaveByteControlCmd), (22 bytes).
    Removing stm32f30x_i2c.o(i.I2C_SoftwareResetCmd), (20 bytes).
    Removing stm32f30x_i2c.o(i.I2C_StopModeCmd), (22 bytes).
    Removing stm32f30x_i2c.o(i.I2C_StretchClockCmd), (22 bytes).
    Removing stm32f30x_i2c.o(i.I2C_StructInit), (24 bytes).
    Removing stm32f30x_i2c.o(i.I2C_TimeoutAConfig), (20 bytes).
    Removing stm32f30x_i2c.o(i.I2C_TimeoutBConfig), (28 bytes).
    Removing stm32f30x_i2c.o(i.I2C_TransferHandling), (44 bytes).
    Removing stm32f30x_iwdg.o(.rev16_text), (4 bytes).
    Removing stm32f30x_iwdg.o(.revsh_text), (4 bytes).
    Removing stm32f30x_iwdg.o(i.IWDG_Enable), (16 bytes).
    Removing stm32f30x_iwdg.o(i.IWDG_GetFlagStatus), (24 bytes).
    Removing stm32f30x_iwdg.o(i.IWDG_ReloadCounter), (16 bytes).
    Removing stm32f30x_iwdg.o(i.IWDG_SetPrescaler), (12 bytes).
    Removing stm32f30x_iwdg.o(i.IWDG_SetReload), (12 bytes).
    Removing stm32f30x_iwdg.o(i.IWDG_SetWindowValue), (12 bytes).
    Removing stm32f30x_iwdg.o(i.IWDG_WriteAccessCmd), (12 bytes).
    Removing stm32f30x_misc.o(.rev16_text), (4 bytes).
    Removing stm32f30x_misc.o(.revsh_text), (4 bytes).
    Removing stm32f30x_misc.o(i.NVIC_SetVectorTable), (20 bytes).
    Removing stm32f30x_misc.o(i.NVIC_SystemLPConfig), (32 bytes).
    Removing stm32f30x_misc.o(i.SysTick_CLKSourceConfig), (40 bytes).
    Removing stm32f30x_opamp.o(.rev16_text), (4 bytes).
    Removing stm32f30x_opamp.o(.revsh_text), (4 bytes).
    Removing stm32f30x_opamp.o(i.OPAMP_Cmd), (44 bytes).
    Removing stm32f30x_opamp.o(i.OPAMP_DeInit), (16 bytes).
    Removing stm32f30x_opamp.o(i.OPAMP_GetOutputLevel), (32 bytes).
    Removing stm32f30x_opamp.o(i.OPAMP_Init), (36 bytes).
    Removing stm32f30x_opamp.o(i.OPAMP_LockConfig), (24 bytes).
    Removing stm32f30x_opamp.o(i.OPAMP_OffsetTrimConfig), (36 bytes).
    Removing stm32f30x_opamp.o(i.OPAMP_OffsetTrimModeSelect), (36 bytes).
    Removing stm32f30x_opamp.o(i.OPAMP_PGAConfig), (44 bytes).
    Removing stm32f30x_opamp.o(i.OPAMP_StartCalibration), (44 bytes).
    Removing stm32f30x_opamp.o(i.OPAMP_StructInit), (8 bytes).
    Removing stm32f30x_opamp.o(i.OPAMP_TimerControlledMuxCmd), (44 bytes).
    Removing stm32f30x_opamp.o(i.OPAMP_TimerControlledMuxConfig), (40 bytes).
    Removing stm32f30x_opamp.o(i.OPAMP_VrefConfig), (28 bytes).
    Removing stm32f30x_opamp.o(i.OPAMP_VrefConnectADCCmd), (44 bytes).
    Removing stm32f30x_opamp.o(i.OPAMP_VrefConnectNonInvertingInput), (44 bytes).
    Removing stm32f30x_pwr.o(.rev16_text), (4 bytes).
    Removing stm32f30x_pwr.o(.revsh_text), (4 bytes).
    Removing stm32f30x_pwr.o(i.PWR_BackupAccessCmd), (12 bytes).
    Removing stm32f30x_pwr.o(i.PWR_ClearFlag), (20 bytes).
    Removing stm32f30x_pwr.o(i.PWR_DeInit), (22 bytes).
    Removing stm32f30x_pwr.o(i.PWR_EnterSTANDBYMode), (52 bytes).
    Removing stm32f30x_pwr.o(i.PWR_EnterSTOPMode), (64 bytes).
    Removing stm32f30x_pwr.o(i.PWR_EnterSleepMode), (28 bytes).
    Removing stm32f30x_pwr.o(i.PWR_GetFlagStatus), (24 bytes).
    Removing stm32f30x_pwr.o(i.PWR_PVDCmd), (12 bytes).
    Removing stm32f30x_pwr.o(i.PWR_PVDLevelConfig), (24 bytes).
    Removing stm32f30x_pwr.o(i.PWR_WakeUpPinCmd), (32 bytes).
    Removing stm32f30x_rcc.o(.rev16_text), (4 bytes).
    Removing stm32f30x_rcc.o(.revsh_text), (4 bytes).
    Removing stm32f30x_rcc.o(i.RCC_APB2PeriphResetCmd), (32 bytes).
    Removing stm32f30x_rcc.o(i.RCC_AdjustHSICalibrationValue), (24 bytes).
    Removing stm32f30x_rcc.o(i.RCC_BackupResetCmd), (12 bytes).
    Removing stm32f30x_rcc.o(i.RCC_ClearFlag), (20 bytes).
    Removing stm32f30x_rcc.o(i.RCC_ClearITPendingBit), (12 bytes).
    Removing stm32f30x_rcc.o(i.RCC_ClockSecuritySystemCmd), (12 bytes).
    Removing stm32f30x_rcc.o(i.RCC_DeInit), (100 bytes).
    Removing stm32f30x_rcc.o(i.RCC_GetClocksFreq), (1336 bytes).
    Removing stm32f30x_rcc.o(i.RCC_GetFlagStatus), (68 bytes).
    Removing stm32f30x_rcc.o(i.RCC_GetITStatus), (24 bytes).
    Removing stm32f30x_rcc.o(i.RCC_GetSYSCLKSource), (16 bytes).
    Removing stm32f30x_rcc.o(i.RCC_HCLKConfig), (24 bytes).
    Removing stm32f30x_rcc.o(i.RCC_HSEConfig), (16 bytes).
    Removing stm32f30x_rcc.o(i.RCC_HSICmd), (12 bytes).
    Removing stm32f30x_rcc.o(i.RCC_I2CCLKConfig), (80 bytes).
    Removing stm32f30x_rcc.o(i.RCC_I2SCLKConfig), (12 bytes).
    Removing stm32f30x_rcc.o(i.RCC_ITConfig), (32 bytes).
    Removing stm32f30x_rcc.o(i.RCC_LSEConfig), (36 bytes).
    Removing stm32f30x_rcc.o(i.RCC_LSEDriveConfig), (28 bytes).
    Removing stm32f30x_rcc.o(i.RCC_LSICmd), (12 bytes).
    Removing stm32f30x_rcc.o(i.RCC_MCOConfig), (28 bytes).
    Removing stm32f30x_rcc.o(i.RCC_PCLK1Config), (24 bytes).
    Removing stm32f30x_rcc.o(i.RCC_PCLK2Config), (24 bytes).
    Removing stm32f30x_rcc.o(i.RCC_PLLCmd), (12 bytes).
    Removing stm32f30x_rcc.o(i.RCC_PLLConfig), (32 bytes).
    Removing stm32f30x_rcc.o(i.RCC_PREDIV1Config), (24 bytes).
    Removing stm32f30x_rcc.o(i.RCC_RTCCLKCmd), (12 bytes).
    Removing stm32f30x_rcc.o(i.RCC_RTCCLKConfig), (16 bytes).
    Removing stm32f30x_rcc.o(i.RCC_SYSCLKConfig), (24 bytes).
    Removing stm32f30x_rcc.o(i.RCC_TIMCLKConfig), (108 bytes).
    Removing stm32f30x_rcc.o(i.RCC_USARTCLKConfig), (108 bytes).
    Removing stm32f30x_rcc.o(i.RCC_USBCLKConfig), (12 bytes).
    Removing stm32f30x_rcc.o(i.RCC_WaitForHSEStartUp), (56 bytes).
    Removing stm32f30x_rcc.o(.data), (48 bytes).
    Removing stm32f30x_rtc.o(.rev16_text), (4 bytes).
    Removing stm32f30x_rtc.o(.revsh_text), (4 bytes).
    Removing stm32f30x_rtc.o(i.RTC_AlarmCmd), (116 bytes).
    Removing stm32f30x_rtc.o(i.RTC_AlarmStructInit), (22 bytes).
    Removing stm32f30x_rtc.o(i.RTC_AlarmSubSecondConfig), (52 bytes).
    Removing stm32f30x_rtc.o(i.RTC_Bcd2ToByte), (22 bytes).
    Removing stm32f30x_rtc.o(i.RTC_BypassShadowCmd), (60 bytes).
    Removing stm32f30x_rtc.o(i.RTC_ByteToBcd2), (28 bytes).
    Removing stm32f30x_rtc.o(i.RTC_CalibOutputCmd), (60 bytes).
    Removing stm32f30x_rtc.o(i.RTC_CalibOutputConfig), (48 bytes).
    Removing stm32f30x_rtc.o(i.RTC_ClearFlag), (32 bytes).
    Removing stm32f30x_rtc.o(i.RTC_ClearITPendingBit), (32 bytes).
    Removing stm32f30x_rtc.o(i.RTC_DateStructInit), (14 bytes).
    Removing stm32f30x_rtc.o(i.RTC_DayLightSavingConfig), (56 bytes).
    Removing stm32f30x_rtc.o(i.RTC_DeInit), (208 bytes).
    Removing stm32f30x_rtc.o(i.RTC_EnterInitMode), (80 bytes).
    Removing stm32f30x_rtc.o(i.RTC_ExitInitMode), (20 bytes).
    Removing stm32f30x_rtc.o(i.RTC_GetAlarm), (116 bytes).
    Removing stm32f30x_rtc.o(i.RTC_GetAlarmSubSecond), (36 bytes).
    Removing stm32f30x_rtc.o(i.RTC_GetDate), (80 bytes).
    Removing stm32f30x_rtc.o(i.RTC_GetFlagStatus), (40 bytes).
    Removing stm32f30x_rtc.o(i.RTC_GetITStatus), (68 bytes).
    Removing stm32f30x_rtc.o(i.RTC_GetStoreOperation), (16 bytes).
    Removing stm32f30x_rtc.o(i.RTC_GetSubSecond), (20 bytes).
    Removing stm32f30x_rtc.o(i.RTC_GetTime), (80 bytes).
    Removing stm32f30x_rtc.o(i.RTC_GetTimeStamp), (156 bytes).
    Removing stm32f30x_rtc.o(i.RTC_GetTimeStampSubSecond), (12 bytes).
    Removing stm32f30x_rtc.o(i.RTC_GetWakeUpCounter), (12 bytes).
    Removing stm32f30x_rtc.o(i.RTC_ITConfig), (100 bytes).
    Removing stm32f30x_rtc.o(i.RTC_Init), (100 bytes).
    Removing stm32f30x_rtc.o(i.RTC_OutputConfig), (56 bytes).
    Removing stm32f30x_rtc.o(i.RTC_OutputTypeConfig), (28 bytes).
    Removing stm32f30x_rtc.o(i.RTC_ReadBackupRegister), (32 bytes).
    Removing stm32f30x_rtc.o(i.RTC_RefClockCmd), (80 bytes).
    Removing stm32f30x_rtc.o(i.RTC_SetAlarm), (236 bytes).
    Removing stm32f30x_rtc.o(i.RTC_SetDate), (200 bytes).
    Removing stm32f30x_rtc.o(i.RTC_SetTime), (208 bytes).
    Removing stm32f30x_rtc.o(i.RTC_SetWakeUpCounter), (28 bytes).
    Removing stm32f30x_rtc.o(i.RTC_SmoothCalibConfig), (96 bytes).
    Removing stm32f30x_rtc.o(i.RTC_StructInit), (14 bytes).
    Removing stm32f30x_rtc.o(i.RTC_SynchroShiftConfig), (124 bytes).
    Removing stm32f30x_rtc.o(i.RTC_TamperCmd), (32 bytes).
    Removing stm32f30x_rtc.o(i.RTC_TamperFilterConfig), (28 bytes).
    Removing stm32f30x_rtc.o(i.RTC_TamperPinsPrechargeDuration), (28 bytes).
    Removing stm32f30x_rtc.o(i.RTC_TamperPullUpCmd), (36 bytes).
    Removing stm32f30x_rtc.o(i.RTC_TamperSamplingFreqConfig), (28 bytes).
    Removing stm32f30x_rtc.o(i.RTC_TamperTriggerConfig), (36 bytes).
    Removing stm32f30x_rtc.o(i.RTC_TimeStampCmd), (56 bytes).
    Removing stm32f30x_rtc.o(i.RTC_TimeStampOnTamperDetectionCmd), (36 bytes).
    Removing stm32f30x_rtc.o(i.RTC_TimeStructInit), (12 bytes).
    Removing stm32f30x_rtc.o(i.RTC_WaitForSynchro), (116 bytes).
    Removing stm32f30x_rtc.o(i.RTC_WakeUpClockConfig), (48 bytes).
    Removing stm32f30x_rtc.o(i.RTC_WakeUpCmd), (120 bytes).
    Removing stm32f30x_rtc.o(i.RTC_WriteBackupRegister), (28 bytes).
    Removing stm32f30x_rtc.o(i.RTC_WriteProtectionCmd), (28 bytes).
    Removing stm32f30x_spi.o(.rev16_text), (4 bytes).
    Removing stm32f30x_spi.o(.revsh_text), (4 bytes).
    Removing stm32f30x_spi.o(i.I2S_Cmd), (24 bytes).
    Removing stm32f30x_spi.o(i.I2S_FullDuplexConfig), (80 bytes).
    Removing stm32f30x_spi.o(i.I2S_Init), (216 bytes).
    Removing stm32f30x_spi.o(i.I2S_StructInit), (20 bytes).
    Removing stm32f30x_spi.o(i.SPI_BiDirectionalLineConfig), (28 bytes).
    Removing stm32f30x_spi.o(i.SPI_CRCLengthConfig), (18 bytes).
    Removing stm32f30x_spi.o(i.SPI_CalculateCRC), (24 bytes).
    Removing stm32f30x_spi.o(i.SPI_Cmd), (24 bytes).
    Removing stm32f30x_spi.o(i.SPI_DataSizeConfig), (18 bytes).
    Removing stm32f30x_spi.o(i.SPI_GetCRC), (16 bytes).
    Removing stm32f30x_spi.o(i.SPI_GetCRCPolynomial), (6 bytes).
    Removing stm32f30x_spi.o(i.SPI_GetReceptionFIFOStatus), (10 bytes).
    Removing stm32f30x_spi.o(i.SPI_GetTransmissionFIFOStatus), (10 bytes).
    Removing stm32f30x_spi.o(i.SPI_I2S_ClearFlag), (6 bytes).
    Removing stm32f30x_spi.o(i.SPI_I2S_DMACmd), (18 bytes).
    Removing stm32f30x_spi.o(i.SPI_I2S_DeInit), (88 bytes).
    Removing stm32f30x_spi.o(i.SPI_I2S_GetFlagStatus), (18 bytes).
    Removing stm32f30x_spi.o(i.SPI_I2S_GetITStatus), (52 bytes).
    Removing stm32f30x_spi.o(i.SPI_I2S_ITConfig), (32 bytes).
    Removing stm32f30x_spi.o(i.SPI_I2S_ReceiveData16), (6 bytes).
    Removing stm32f30x_spi.o(i.SPI_I2S_SendData16), (4 bytes).
    Removing stm32f30x_spi.o(i.SPI_Init), (130 bytes).
    Removing stm32f30x_spi.o(i.SPI_LastDMATransferCmd), (18 bytes).
    Removing stm32f30x_spi.o(i.SPI_NSSInternalSoftwareConfig), (30 bytes).
    Removing stm32f30x_spi.o(i.SPI_NSSPulseModeCmd), (24 bytes).
    Removing stm32f30x_spi.o(i.SPI_ReceiveData8), (12 bytes).
    Removing stm32f30x_spi.o(i.SPI_RxFIFOThresholdConfig), (18 bytes).
    Removing stm32f30x_spi.o(i.SPI_SSOutputCmd), (24 bytes).
    Removing stm32f30x_spi.o(i.SPI_SendData8), (10 bytes).
    Removing stm32f30x_spi.o(i.SPI_StructInit), (30 bytes).
    Removing stm32f30x_spi.o(i.SPI_TIModeCmd), (24 bytes).
    Removing stm32f30x_spi.o(i.SPI_TransmitCRC), (10 bytes).
    Removing stm32f30x_syscfg.o(.rev16_text), (4 bytes).
    Removing stm32f30x_syscfg.o(.revsh_text), (4 bytes).
    Removing stm32f30x_syscfg.o(i.SYSCFG_BreakConfig), (16 bytes).
    Removing stm32f30x_syscfg.o(i.SYSCFG_BypassParityCheckDisable), (12 bytes).
    Removing stm32f30x_syscfg.o(i.SYSCFG_ClearFlag), (16 bytes).
    Removing stm32f30x_syscfg.o(i.SYSCFG_DMAChannelRemapConfig), (68 bytes).
    Removing stm32f30x_syscfg.o(i.SYSCFG_DeInit), (52 bytes).
    Removing stm32f30x_syscfg.o(i.SYSCFG_EXTILineConfig), (64 bytes).
    Removing stm32f30x_syscfg.o(i.SYSCFG_EncoderRemapConfig), (28 bytes).
    Removing stm32f30x_syscfg.o(i.SYSCFG_GetFlagStatus), (28 bytes).
    Removing stm32f30x_syscfg.o(i.SYSCFG_I2CFastModePlusConfig), (32 bytes).
    Removing stm32f30x_syscfg.o(i.SYSCFG_ITConfig), (32 bytes).
    Removing stm32f30x_syscfg.o(i.SYSCFG_MemoryRemapConfig), (24 bytes).
    Removing stm32f30x_syscfg.o(i.SYSCFG_SRAMWRPEnable), (16 bytes).
    Removing stm32f30x_syscfg.o(i.SYSCFG_TriggerRemapConfig), (68 bytes).
    Removing stm32f30x_syscfg.o(i.SYSCFG_USBInterruptLineRemapCmd), (12 bytes).
    Removing stm32f30x_tim.o(.rev16_text), (4 bytes).
    Removing stm32f30x_tim.o(.revsh_text), (4 bytes).
    Removing stm32f30x_tim.o(i.TI1_Config), (48 bytes).
    Removing stm32f30x_tim.o(i.TI2_Config), (66 bytes).
    Removing stm32f30x_tim.o(i.TI3_Config), (76 bytes).
    Removing stm32f30x_tim.o(i.TI4_Config), (84 bytes).
    Removing stm32f30x_tim.o(i.TIM_ARRPreloadConfig), (24 bytes).
    Removing stm32f30x_tim.o(i.TIM_BDTRConfig), (30 bytes).
    Removing stm32f30x_tim.o(i.TIM_BDTRStructInit), (18 bytes).
    Removing stm32f30x_tim.o(i.TIM_Break1Cmd), (22 bytes).
    Removing stm32f30x_tim.o(i.TIM_Break1Config), (22 bytes).
    Removing stm32f30x_tim.o(i.TIM_Break2Cmd), (22 bytes).
    Removing stm32f30x_tim.o(i.TIM_Break2Config), (22 bytes).
    Removing stm32f30x_tim.o(i.TIM_CCPreloadControl), (24 bytes).
    Removing stm32f30x_tim.o(i.TIM_CCxCmd), (28 bytes).
    Removing stm32f30x_tim.o(i.TIM_CCxNCmd), (28 bytes).
    Removing stm32f30x_tim.o(i.TIM_ClearITPendingBit), (8 bytes).
    Removing stm32f30x_tim.o(i.TIM_ClearOC1Ref), (16 bytes).
    Removing stm32f30x_tim.o(i.TIM_ClearOC2Ref), (18 bytes).
    Removing stm32f30x_tim.o(i.TIM_ClearOC3Ref), (16 bytes).
    Removing stm32f30x_tim.o(i.TIM_ClearOC4Ref), (18 bytes).
    Removing stm32f30x_tim.o(i.TIM_ClearOC5Ref), (16 bytes).
    Removing stm32f30x_tim.o(i.TIM_ClearOC6Ref), (18 bytes).
    Removing stm32f30x_tim.o(i.TIM_CounterModeConfig), (18 bytes).
    Removing stm32f30x_tim.o(i.TIM_CtrlPWMOutputs), (22 bytes).
    Removing stm32f30x_tim.o(i.TIM_DMACmd), (24 bytes).
    Removing stm32f30x_tim.o(i.TIM_DMAConfig), (10 bytes).
    Removing stm32f30x_tim.o(i.TIM_DeInit), (288 bytes).
    Removing stm32f30x_tim.o(i.TIM_ETRClockMode1Config), (56 bytes).
    Removing stm32f30x_tim.o(i.TIM_ETRClockMode2Config), (32 bytes).
    Removing stm32f30x_tim.o(i.TIM_ETRConfig), (30 bytes).
    Removing stm32f30x_tim.o(i.TIM_EncoderInterfaceConfig), (72 bytes).
    Removing stm32f30x_tim.o(i.TIM_ForcedOC1Config), (20 bytes).
    Removing stm32f30x_tim.o(i.TIM_ForcedOC2Config), (24 bytes).
    Removing stm32f30x_tim.o(i.TIM_ForcedOC3Config), (16 bytes).
    Removing stm32f30x_tim.o(i.TIM_ForcedOC4Config), (18 bytes).
    Removing stm32f30x_tim.o(i.TIM_ForcedOC5Config), (16 bytes).
    Removing stm32f30x_tim.o(i.TIM_ForcedOC6Config), (18 bytes).
    Removing stm32f30x_tim.o(i.TIM_GenerateEvent), (4 bytes).
    Removing stm32f30x_tim.o(i.TIM_GetCapture1), (6 bytes).
    Removing stm32f30x_tim.o(i.TIM_GetCapture2), (6 bytes).
    Removing stm32f30x_tim.o(i.TIM_GetCapture3), (6 bytes).
    Removing stm32f30x_tim.o(i.TIM_GetCapture4), (6 bytes).
    Removing stm32f30x_tim.o(i.TIM_GetCounter), (6 bytes).
    Removing stm32f30x_tim.o(i.TIM_GetFlagStatus), (18 bytes).
    Removing stm32f30x_tim.o(i.TIM_GetITStatus), (34 bytes).
    Removing stm32f30x_tim.o(i.TIM_GetPrescaler), (6 bytes).
    Removing stm32f30x_tim.o(i.TIM_ICInit), (110 bytes).
    Removing stm32f30x_tim.o(i.TIM_ICStructInit), (18 bytes).
    Removing stm32f30x_tim.o(i.TIM_ITRxExternalClockConfig), (24 bytes).
    Removing stm32f30x_tim.o(i.TIM_InternalClockConfig), (12 bytes).
    Removing stm32f30x_tim.o(i.TIM_OC1FastConfig), (16 bytes).
    Removing stm32f30x_tim.o(i.TIM_OC1Init), (144 bytes).
    Removing stm32f30x_tim.o(i.TIM_OC1NPolarityConfig), (16 bytes).
    Removing stm32f30x_tim.o(i.TIM_OC1PolarityConfig), (16 bytes).
    Removing stm32f30x_tim.o(i.TIM_OC1PreloadConfig), (16 bytes).
    Removing stm32f30x_tim.o(i.TIM_OC2FastConfig), (18 bytes).
    Removing stm32f30x_tim.o(i.TIM_OC2Init), (128 bytes).
    Removing stm32f30x_tim.o(i.TIM_OC2NPolarityConfig), (18 bytes).
    Removing stm32f30x_tim.o(i.TIM_OC2PolarityConfig), (18 bytes).
    Removing stm32f30x_tim.o(i.TIM_OC2PreloadConfig), (18 bytes).
    Removing stm32f30x_tim.o(i.TIM_OC3FastConfig), (16 bytes).
    Removing stm32f30x_tim.o(i.TIM_OC3Init), (124 bytes).
    Removing stm32f30x_tim.o(i.TIM_OC3NPolarityConfig), (18 bytes).
    Removing stm32f30x_tim.o(i.TIM_OC3PolarityConfig), (18 bytes).
    Removing stm32f30x_tim.o(i.TIM_OC3PreloadConfig), (16 bytes).
    Removing stm32f30x_tim.o(i.TIM_OC4FastConfig), (18 bytes).
    Removing stm32f30x_tim.o(i.TIM_OC4Init), (96 bytes).
    Removing stm32f30x_tim.o(i.TIM_OC4PolarityConfig), (18 bytes).
    Removing stm32f30x_tim.o(i.TIM_OC4PreloadConfig), (18 bytes).
    Removing stm32f30x_tim.o(i.TIM_OC5Init), (88 bytes).
    Removing stm32f30x_tim.o(i.TIM_OC5PolarityConfig), (18 bytes).
    Removing stm32f30x_tim.o(i.TIM_OC5PreloadConfig), (16 bytes).
    Removing stm32f30x_tim.o(i.TIM_OC6Init), (96 bytes).
    Removing stm32f30x_tim.o(i.TIM_OC6PolarityConfig), (18 bytes).
    Removing stm32f30x_tim.o(i.TIM_OC6PreloadConfig), (18 bytes).
    Removing stm32f30x_tim.o(i.TIM_OCStructInit), (20 bytes).
    Removing stm32f30x_tim.o(i.TIM_PWMIConfig), (124 bytes).
    Removing stm32f30x_tim.o(i.TIM_PrescalerConfig), (6 bytes).
    Removing stm32f30x_tim.o(i.TIM_RemapConfig), (6 bytes).
    Removing stm32f30x_tim.o(i.TIM_SelectCCDMA), (24 bytes).
    Removing stm32f30x_tim.o(i.TIM_SelectCOM), (24 bytes).
    Removing stm32f30x_tim.o(i.TIM_SelectGC5C1), (22 bytes).
    Removing stm32f30x_tim.o(i.TIM_SelectGC5C2), (22 bytes).
    Removing stm32f30x_tim.o(i.TIM_SelectGC5C3), (22 bytes).
    Removing stm32f30x_tim.o(i.TIM_SelectHallSensor), (24 bytes).
    Removing stm32f30x_tim.o(i.TIM_SelectInputTrigger), (20 bytes).
    Removing stm32f30x_tim.o(i.TIM_SelectMasterSlaveMode), (18 bytes).
    Removing stm32f30x_tim.o(i.TIM_SelectOCREFClear), (18 bytes).
    Removing stm32f30x_tim.o(i.TIM_SelectOCxM), (88 bytes).
    Removing stm32f30x_tim.o(i.TIM_SelectOnePulseMode), (18 bytes).
    Removing stm32f30x_tim.o(i.TIM_SelectOutputTrigger), (18 bytes).
    Removing stm32f30x_tim.o(i.TIM_SelectOutputTrigger2), (16 bytes).
    Removing stm32f30x_tim.o(i.TIM_SelectSlaveMode), (20 bytes).
    Removing stm32f30x_tim.o(i.TIM_SetAutoreload), (4 bytes).
    Removing stm32f30x_tim.o(i.TIM_SetClockDivision), (18 bytes).
    Removing stm32f30x_tim.o(i.TIM_SetCompare1), (4 bytes).
    Removing stm32f30x_tim.o(i.TIM_SetCompare2), (4 bytes).
    Removing stm32f30x_tim.o(i.TIM_SetCompare3), (4 bytes).
    Removing stm32f30x_tim.o(i.TIM_SetCompare4), (4 bytes).
    Removing stm32f30x_tim.o(i.TIM_SetCompare5), (4 bytes).
    Removing stm32f30x_tim.o(i.TIM_SetCompare6), (4 bytes).
    Removing stm32f30x_tim.o(i.TIM_SetCounter), (4 bytes).
    Removing stm32f30x_tim.o(i.TIM_SetIC1Prescaler), (16 bytes).
    Removing stm32f30x_tim.o(i.TIM_SetIC2Prescaler), (18 bytes).
    Removing stm32f30x_tim.o(i.TIM_SetIC3Prescaler), (18 bytes).
    Removing stm32f30x_tim.o(i.TIM_SetIC4Prescaler), (26 bytes).
    Removing stm32f30x_tim.o(i.TIM_TIxExternalClockConfig), (62 bytes).
    Removing stm32f30x_tim.o(i.TIM_TimeBaseStructInit), (18 bytes).
    Removing stm32f30x_tim.o(i.TIM_UIFRemap), (24 bytes).
    Removing stm32f30x_tim.o(i.TIM_UpdateDisableConfig), (24 bytes).
    Removing stm32f30x_tim.o(i.TIM_UpdateRequestConfig), (24 bytes).
    Removing stm32f30x_usart.o(.rev16_text), (4 bytes).
    Removing stm32f30x_usart.o(.revsh_text), (4 bytes).
    Removing stm32f30x_usart.o(i.USART_AddressDetectionConfig), (16 bytes).
    Removing stm32f30x_usart.o(i.USART_AutoBaudRateCmd), (22 bytes).
    Removing stm32f30x_usart.o(i.USART_AutoBaudRateConfig), (16 bytes).
    Removing stm32f30x_usart.o(i.USART_ClearFlag), (4 bytes).
    Removing stm32f30x_usart.o(i.USART_ClearITPendingBit), (18 bytes).
    Removing stm32f30x_usart.o(i.USART_ClockInit), (30 bytes).
    Removing stm32f30x_usart.o(i.USART_ClockStructInit), (12 bytes).
    Removing stm32f30x_usart.o(i.USART_Cmd), (22 bytes).
    Removing stm32f30x_usart.o(i.USART_DECmd), (22 bytes).
    Removing stm32f30x_usart.o(i.USART_DEPolarityConfig), (16 bytes).
    Removing stm32f30x_usart.o(i.USART_DMACmd), (18 bytes).
    Removing stm32f30x_usart.o(i.USART_DMAReceptionErrorConfig), (16 bytes).
    Removing stm32f30x_usart.o(i.USART_DataInvCmd), (22 bytes).
    Removing stm32f30x_usart.o(i.USART_DeInit), (156 bytes).
    Removing stm32f30x_usart.o(i.USART_DirectionModeCmd), (18 bytes).
    Removing stm32f30x_usart.o(i.USART_GetFlagStatus), (18 bytes).
    Removing stm32f30x_usart.o(i.USART_GetITStatus), (74 bytes).
    Removing stm32f30x_usart.o(i.USART_HalfDuplexCmd), (22 bytes).
    Removing stm32f30x_usart.o(i.USART_ITConfig), (58 bytes).
    Removing stm32f30x_usart.o(i.USART_Init), (236 bytes).
    Removing stm32f30x_usart.o(i.USART_InvPinCmd), (18 bytes).
    Removing stm32f30x_usart.o(i.USART_IrDACmd), (22 bytes).
    Removing stm32f30x_usart.o(i.USART_IrDAConfig), (16 bytes).
    Removing stm32f30x_usart.o(i.USART_LINBreakDetectLengthConfig), (16 bytes).
    Removing stm32f30x_usart.o(i.USART_LINCmd), (22 bytes).
    Removing stm32f30x_usart.o(i.USART_MSBFirstCmd), (22 bytes).
    Removing stm32f30x_usart.o(i.USART_MuteModeCmd), (22 bytes).
    Removing stm32f30x_usart.o(i.USART_MuteModeWakeUpConfig), (16 bytes).
    Removing stm32f30x_usart.o(i.USART_OneBitMethodCmd), (22 bytes).
    Removing stm32f30x_usart.o(i.USART_OverSampling8Cmd), (22 bytes).
    Removing stm32f30x_usart.o(i.USART_OverrunDetectionConfig), (16 bytes).
    Removing stm32f30x_usart.o(i.USART_ReceiveData), (10 bytes).
    Removing stm32f30x_usart.o(i.USART_ReceiverTimeOutCmd), (22 bytes).
    Removing stm32f30x_usart.o(i.USART_RequestCmd), (18 bytes).
    Removing stm32f30x_usart.o(i.USART_STOPModeCmd), (22 bytes).
    Removing stm32f30x_usart.o(i.USART_SWAPPinCmd), (22 bytes).
    Removing stm32f30x_usart.o(i.USART_SendData), (8 bytes).
    Removing stm32f30x_usart.o(i.USART_SetAddress), (18 bytes).
    Removing stm32f30x_usart.o(i.USART_SetAutoRetryCount), (18 bytes).
    Removing stm32f30x_usart.o(i.USART_SetBlockLength), (18 bytes).
    Removing stm32f30x_usart.o(i.USART_SetDEAssertionTime), (18 bytes).
    Removing stm32f30x_usart.o(i.USART_SetDEDeassertionTime), (18 bytes).
    Removing stm32f30x_usart.o(i.USART_SetGuardTime), (16 bytes).
    Removing stm32f30x_usart.o(i.USART_SetPrescaler), (16 bytes).
    Removing stm32f30x_usart.o(i.USART_SetReceiverTimeOut), (16 bytes).
    Removing stm32f30x_usart.o(i.USART_SmartCardCmd), (22 bytes).
    Removing stm32f30x_usart.o(i.USART_SmartCardNACKCmd), (22 bytes).
    Removing stm32f30x_usart.o(i.USART_StopModeWakeUpSourceConfig), (16 bytes).
    Removing stm32f30x_usart.o(i.USART_StructInit), (24 bytes).
    Removing stm32f30x_wwdg.o(.rev16_text), (4 bytes).
    Removing stm32f30x_wwdg.o(.revsh_text), (4 bytes).
    Removing stm32f30x_wwdg.o(i.WWDG_ClearFlag), (12 bytes).
    Removing stm32f30x_wwdg.o(i.WWDG_DeInit), (22 bytes).
    Removing stm32f30x_wwdg.o(i.WWDG_Enable), (16 bytes).
    Removing stm32f30x_wwdg.o(i.WWDG_EnableIT), (20 bytes).
    Removing stm32f30x_wwdg.o(i.WWDG_GetFlagStatus), (20 bytes).
    Removing stm32f30x_wwdg.o(i.WWDG_SetCounter), (16 bytes).
    Removing stm32f30x_wwdg.o(i.WWDG_SetPrescaler), (24 bytes).
    Removing stm32f30x_wwdg.o(i.WWDG_SetWindowValue), (40 bytes).
    Removing main.o(.rev16_text), (4 bytes).
    Removing main.o(.revsh_text), (4 bytes).
    Removing delay.o(.rev16_text), (4 bytes).
    Removing delay.o(.revsh_text), (4 bytes).
    Removing bsp_led.o(.rev16_text), (4 bytes).
    Removing bsp_led.o(.revsh_text), (4 bytes).
    Removing bsp_adc.o(.rev16_text), (4 bytes).
    Removing bsp_adc.o(.revsh_text), (4 bytes).
    Removing bsp_hrtim.o(.rev16_text), (4 bytes).
    Removing bsp_hrtim.o(.revsh_text), (4 bytes).
    Removing stm32f3xx_it.o(.rev16_text), (4 bytes).
    Removing stm32f3xx_it.o(.revsh_text), (4 bytes).
    Removing bsp_buck_control.o(.rev16_text), (4 bytes).
    Removing bsp_buck_control.o(.revsh_text), (4 bytes).
    Removing bsp_filter.o(.rev16_text), (4 bytes).
    Removing bsp_filter.o(.revsh_text), (4 bytes).
    Removing bsp_out_control.o(.rev16_text), (4 bytes).
    Removing bsp_out_control.o(.revsh_text), (4 bytes).
    Removing bsp_can.o(.rev16_text), (4 bytes).
    Removing bsp_can.o(.revsh_text), (4 bytes).
    Removing bsp_time.o(.rev16_text), (4 bytes).
    Removing bsp_time.o(.revsh_text), (4 bytes).

673 unused section(s) (total 27324 bytes) removed from the image.

==============================================================================

Image Symbol Table

    Local Symbols

    Symbol Name                              Value     Ov Type        Size  Object(Section)

    ../clib/microlib/init/entry.s            0x00000000   Number         0  entry.o ABSOLUTE
    ../clib/microlib/init/entry.s            0x00000000   Number         0  entry9a.o ABSOLUTE
    ../clib/microlib/init/entry.s            0x00000000   Number         0  entry10b.o ABSOLUTE
    ../clib/microlib/init/entry.s            0x00000000   Number         0  entry9b.o ABSOLUTE
    ../clib/microlib/init/entry.s            0x00000000   Number         0  entry10a.o ABSOLUTE
    ../clib/microlib/init/entry.s            0x00000000   Number         0  entry12b.o ABSOLUTE
    ../clib/microlib/init/entry.s            0x00000000   Number         0  entry8b.o ABSOLUTE
    ../clib/microlib/init/entry.s            0x00000000   Number         0  entry8a.o ABSOLUTE
    ../clib/microlib/init/entry.s            0x00000000   Number         0  entry7b.o ABSOLUTE
    ../clib/microlib/init/entry.s            0x00000000   Number         0  entry12a.o ABSOLUTE
    ../clib/microlib/init/entry.s            0x00000000   Number         0  entry11b.o ABSOLUTE
    ../clib/microlib/init/entry.s            0x00000000   Number         0  entry11a.o ABSOLUTE
    ../clib/microlib/init/entry.s            0x00000000   Number         0  entry7a.o ABSOLUTE
    ../clib/microlib/init/entry.s            0x00000000   Number         0  entry5.o ABSOLUTE
    ../clib/microlib/init/entry.s            0x00000000   Number         0  entry2.o ABSOLUTE
    ../clib/microlib/longlong.c              0x00000000   Number         0  llushr.o ABSOLUTE
    ../clib/microlib/longlong.c              0x00000000   Number         0  llshl.o ABSOLUTE
    ../clib/microlib/stubs.s                 0x00000000   Number         0  iusefp.o ABSOLUTE
    ../fplib/microlib/fpdiv.c                0x00000000   Number         0  ddiv.o ABSOLUTE
    ../fplib/microlib/fpepilogue.c           0x00000000   Number         0  depilogue.o ABSOLUTE
    ../fplib/microlib/fpfix.c                0x00000000   Number         0  dfixui.o ABSOLUTE
    ../fplib/microlib/fpflt.c                0x00000000   Number         0  dfltui.o ABSOLUTE
    ..\Libraries\CMSIS\Device\ST\STM32F30x\Source\Templates\arm\startup_stm32f334x8.s 0x00000000   Number         0  startup_stm32f334x8.o ABSOLUTE
    ..\Libraries\CMSIS\Device\ST\STM32F30x\Source\Templates\system_stm32f30x.c 0x00000000   Number         0  system_stm32f30x.o ABSOLUTE
    ..\Libraries\STM32F30x_StdPeriph_Driver\src\stm32f30x_adc.c 0x00000000   Number         0  stm32f30x_adc.o ABSOLUTE
    ..\Libraries\STM32F30x_StdPeriph_Driver\src\stm32f30x_can.c 0x00000000   Number         0  stm32f30x_can.o ABSOLUTE
    ..\Libraries\STM32F30x_StdPeriph_Driver\src\stm32f30x_comp.c 0x00000000   Number         0  stm32f30x_comp.o ABSOLUTE
    ..\Libraries\STM32F30x_StdPeriph_Driver\src\stm32f30x_crc.c 0x00000000   Number         0  stm32f30x_crc.o ABSOLUTE
    ..\Libraries\STM32F30x_StdPeriph_Driver\src\stm32f30x_dac.c 0x00000000   Number         0  stm32f30x_dac.o ABSOLUTE
    ..\Libraries\STM32F30x_StdPeriph_Driver\src\stm32f30x_dbgmcu.c 0x00000000   Number         0  stm32f30x_dbgmcu.o ABSOLUTE
    ..\Libraries\STM32F30x_StdPeriph_Driver\src\stm32f30x_dma.c 0x00000000   Number         0  stm32f30x_dma.o ABSOLUTE
    ..\Libraries\STM32F30x_StdPeriph_Driver\src\stm32f30x_exti.c 0x00000000   Number         0  stm32f30x_exti.o ABSOLUTE
    ..\Libraries\STM32F30x_StdPeriph_Driver\src\stm32f30x_flash.c 0x00000000   Number         0  stm32f30x_flash.o ABSOLUTE
    ..\Libraries\STM32F30x_StdPeriph_Driver\src\stm32f30x_gpio.c 0x00000000   Number         0  stm32f30x_gpio.o ABSOLUTE
    ..\Libraries\STM32F30x_StdPeriph_Driver\src\stm32f30x_hrtim.c 0x00000000   Number         0  stm32f30x_hrtim.o ABSOLUTE
    ..\Libraries\STM32F30x_StdPeriph_Driver\src\stm32f30x_i2c.c 0x00000000   Number         0  stm32f30x_i2c.o ABSOLUTE
    ..\Libraries\STM32F30x_StdPeriph_Driver\src\stm32f30x_iwdg.c 0x00000000   Number         0  stm32f30x_iwdg.o ABSOLUTE
    ..\Libraries\STM32F30x_StdPeriph_Driver\src\stm32f30x_misc.c 0x00000000   Number         0  stm32f30x_misc.o ABSOLUTE
    ..\Libraries\STM32F30x_StdPeriph_Driver\src\stm32f30x_opamp.c 0x00000000   Number         0  stm32f30x_opamp.o ABSOLUTE
    ..\Libraries\STM32F30x_StdPeriph_Driver\src\stm32f30x_pwr.c 0x00000000   Number         0  stm32f30x_pwr.o ABSOLUTE
    ..\Libraries\STM32F30x_StdPeriph_Driver\src\stm32f30x_rcc.c 0x00000000   Number         0  stm32f30x_rcc.o ABSOLUTE
    ..\Libraries\STM32F30x_StdPeriph_Driver\src\stm32f30x_rtc.c 0x00000000   Number         0  stm32f30x_rtc.o ABSOLUTE
    ..\Libraries\STM32F30x_StdPeriph_Driver\src\stm32f30x_spi.c 0x00000000   Number         0  stm32f30x_spi.o ABSOLUTE
    ..\Libraries\STM32F30x_StdPeriph_Driver\src\stm32f30x_syscfg.c 0x00000000   Number         0  stm32f30x_syscfg.o ABSOLUTE
    ..\Libraries\STM32F30x_StdPeriph_Driver\src\stm32f30x_tim.c 0x00000000   Number         0  stm32f30x_tim.o ABSOLUTE
    ..\Libraries\STM32F30x_StdPeriph_Driver\src\stm32f30x_usart.c 0x00000000   Number         0  stm32f30x_usart.o ABSOLUTE
    ..\Libraries\STM32F30x_StdPeriph_Driver\src\stm32f30x_wwdg.c 0x00000000   Number         0  stm32f30x_wwdg.o ABSOLUTE
    ..\User\CAN\bsp_can.c                    0x00000000   Number         0  bsp_can.o ABSOLUTE
    ..\User\adc\bsp_adc.c                    0x00000000   Number         0  bsp_adc.o ABSOLUTE
    ..\User\bsp_time.c                       0x00000000   Number         0  bsp_time.o ABSOLUTE
    ..\User\control\bsp_buck_control.c       0x00000000   Number         0  bsp_buck_control.o ABSOLUTE
    ..\User\delay\delay.c                    0x00000000   Number         0  delay.o ABSOLUTE
    ..\User\filter\bsp_filter.c              0x00000000   Number         0  bsp_filter.o ABSOLUTE
    ..\User\hrtim\bsp_hrtim.c                0x00000000   Number         0  bsp_hrtim.o ABSOLUTE
    ..\User\led\bsp_led.c                    0x00000000   Number         0  bsp_led.o ABSOLUTE
    ..\User\main.c                           0x00000000   Number         0  main.o ABSOLUTE
    ..\User\out_control\bsp_out_control.c    0x00000000   Number         0  bsp_out_control.o ABSOLUTE
    ..\User\pid\bsp_pid.c                    0x00000000   Number         0  bsp_pid.o ABSOLUTE
    ..\User\stm32f3xx_it.c                   0x00000000   Number         0  stm32f3xx_it.o ABSOLUTE
    ..\\Libraries\\CMSIS\\Device\\ST\\STM32F30x\\Source\\Templates\\system_stm32f30x.c 0x00000000   Number         0  system_stm32f30x.o ABSOLUTE
    ..\\Libraries\\STM32F30x_StdPeriph_Driver\\src\\stm32f30x_adc.c 0x00000000   Number         0  stm32f30x_adc.o ABSOLUTE
    ..\\Libraries\\STM32F30x_StdPeriph_Driver\\src\\stm32f30x_can.c 0x00000000   Number         0  stm32f30x_can.o ABSOLUTE
    ..\\Libraries\\STM32F30x_StdPeriph_Driver\\src\\stm32f30x_comp.c 0x00000000   Number         0  stm32f30x_comp.o ABSOLUTE
    ..\\Libraries\\STM32F30x_StdPeriph_Driver\\src\\stm32f30x_crc.c 0x00000000   Number         0  stm32f30x_crc.o ABSOLUTE
    ..\\Libraries\\STM32F30x_StdPeriph_Driver\\src\\stm32f30x_dac.c 0x00000000   Number         0  stm32f30x_dac.o ABSOLUTE
    ..\\Libraries\\STM32F30x_StdPeriph_Driver\\src\\stm32f30x_dbgmcu.c 0x00000000   Number         0  stm32f30x_dbgmcu.o ABSOLUTE
    ..\\Libraries\\STM32F30x_StdPeriph_Driver\\src\\stm32f30x_dma.c 0x00000000   Number         0  stm32f30x_dma.o ABSOLUTE
    ..\\Libraries\\STM32F30x_StdPeriph_Driver\\src\\stm32f30x_exti.c 0x00000000   Number         0  stm32f30x_exti.o ABSOLUTE
    ..\\Libraries\\STM32F30x_StdPeriph_Driver\\src\\stm32f30x_flash.c 0x00000000   Number         0  stm32f30x_flash.o ABSOLUTE
    ..\\Libraries\\STM32F30x_StdPeriph_Driver\\src\\stm32f30x_gpio.c 0x00000000   Number         0  stm32f30x_gpio.o ABSOLUTE
    ..\\Libraries\\STM32F30x_StdPeriph_Driver\\src\\stm32f30x_hrtim.c 0x00000000   Number         0  stm32f30x_hrtim.o ABSOLUTE
    ..\\Libraries\\STM32F30x_StdPeriph_Driver\\src\\stm32f30x_i2c.c 0x00000000   Number         0  stm32f30x_i2c.o ABSOLUTE
    ..\\Libraries\\STM32F30x_StdPeriph_Driver\\src\\stm32f30x_iwdg.c 0x00000000   Number         0  stm32f30x_iwdg.o ABSOLUTE
    ..\\Libraries\\STM32F30x_StdPeriph_Driver\\src\\stm32f30x_misc.c 0x00000000   Number         0  stm32f30x_misc.o ABSOLUTE
    ..\\Libraries\\STM32F30x_StdPeriph_Driver\\src\\stm32f30x_opamp.c 0x00000000   Number         0  stm32f30x_opamp.o ABSOLUTE
    ..\\Libraries\\STM32F30x_StdPeriph_Driver\\src\\stm32f30x_pwr.c 0x00000000   Number         0  stm32f30x_pwr.o ABSOLUTE
    ..\\Libraries\\STM32F30x_StdPeriph_Driver\\src\\stm32f30x_rcc.c 0x00000000   Number         0  stm32f30x_rcc.o ABSOLUTE
    ..\\Libraries\\STM32F30x_StdPeriph_Driver\\src\\stm32f30x_rtc.c 0x00000000   Number         0  stm32f30x_rtc.o ABSOLUTE
    ..\\Libraries\\STM32F30x_StdPeriph_Driver\\src\\stm32f30x_spi.c 0x00000000   Number         0  stm32f30x_spi.o ABSOLUTE
    ..\\Libraries\\STM32F30x_StdPeriph_Driver\\src\\stm32f30x_syscfg.c 0x00000000   Number         0  stm32f30x_syscfg.o ABSOLUTE
    ..\\Libraries\\STM32F30x_StdPeriph_Driver\\src\\stm32f30x_tim.c 0x00000000   Number         0  stm32f30x_tim.o ABSOLUTE
    ..\\Libraries\\STM32F30x_StdPeriph_Driver\\src\\stm32f30x_usart.c 0x00000000   Number         0  stm32f30x_usart.o ABSOLUTE
    ..\\Libraries\\STM32F30x_StdPeriph_Driver\\src\\stm32f30x_wwdg.c 0x00000000   Number         0  stm32f30x_wwdg.o ABSOLUTE
    ..\\User\\CAN\\bsp_can.c                 0x00000000   Number         0  bsp_can.o ABSOLUTE
    ..\\User\\adc\\bsp_adc.c                 0x00000000   Number         0  bsp_adc.o ABSOLUTE
    ..\\User\\bsp_time.c                     0x00000000   Number         0  bsp_time.o ABSOLUTE
    ..\\User\\control\\bsp_buck_control.c    0x00000000   Number         0  bsp_buck_control.o ABSOLUTE
    ..\\User\\delay\\delay.c                 0x00000000   Number         0  delay.o ABSOLUTE
    ..\\User\\filter\\bsp_filter.c           0x00000000   Number         0  bsp_filter.o ABSOLUTE
    ..\\User\\hrtim\\bsp_hrtim.c             0x00000000   Number         0  bsp_hrtim.o ABSOLUTE
    ..\\User\\led\\bsp_led.c                 0x00000000   Number         0  bsp_led.o ABSOLUTE
    ..\\User\\main.c                         0x00000000   Number         0  main.o ABSOLUTE
    ..\\User\\out_control\\bsp_out_control.c 0x00000000   Number         0  bsp_out_control.o ABSOLUTE
    ..\\User\\stm32f3xx_it.c                 0x00000000   Number         0  stm32f3xx_it.o ABSOLUTE
    dc.s                                     0x00000000   Number         0  dc.o ABSOLUTE
    handlers.s                               0x00000000   Number         0  handlers.o ABSOLUTE
    init.s                                   0x00000000   Number         0  init.o ABSOLUTE
    RESET                                    0x08000000   Section      392  startup_stm32f334x8.o(RESET)
    .ARM.Collect$$$$00000000                 0x08000188   Section        0  entry.o(.ARM.Collect$$$$00000000)
    .ARM.Collect$$$$00000001                 0x08000188   Section        4  entry2.o(.ARM.Collect$$$$00000001)
    .ARM.Collect$$$$00000004                 0x0800018c   Section        4  entry5.o(.ARM.Collect$$$$00000004)
    .ARM.Collect$$$$00000008                 0x08000190   Section        0  entry7b.o(.ARM.Collect$$$$00000008)
    .ARM.Collect$$$$0000000A                 0x08000190   Section        0  entry8b.o(.ARM.Collect$$$$0000000A)
    .ARM.Collect$$$$0000000B                 0x08000190   Section        8  entry9a.o(.ARM.Collect$$$$0000000B)
    .ARM.Collect$$$$0000000E                 0x08000198   Section        4  entry12b.o(.ARM.Collect$$$$0000000E)
    .ARM.Collect$$$$0000000F                 0x0800019c   Section        0  entry10a.o(.ARM.Collect$$$$0000000F)
    .ARM.Collect$$$$00000011                 0x0800019c   Section        0  entry11a.o(.ARM.Collect$$$$00000011)
    .ARM.Collect$$$$00002712                 0x0800019c   Section        4  entry2.o(.ARM.Collect$$$$00002712)
    __lit__00000000                          0x0800019c   Data           4  entry2.o(.ARM.Collect$$$$00002712)
    .text                                    0x080001a0   Section       36  startup_stm32f334x8.o(.text)
    $v0                                      0x080001a0   Number         0  startup_stm32f334x8.o(.text)
    .text                                    0x080001c4   Section        0  ddiv.o(.text)
    .text                                    0x080002a2   Section        0  dfltui.o(.text)
    .text                                    0x080002bc   Section        0  dfixui.o(.text)
    .text                                    0x080002ee   Section        0  llushr.o(.text)
    .text                                    0x0800030e   Section        0  depilogue.o(.text)
    .text                                    0x0800030e   Section        0  iusefp.o(.text)
    .text                                    0x080003c8   Section       36  init.o(.text)
    .text                                    0x080003ec   Section        0  llshl.o(.text)
    i.ADC_Cmd                                0x0800040a   Section        0  stm32f30x_adc.o(i.ADC_Cmd)
    i.ADC_CommonInit                         0x08000420   Section        0  stm32f30x_adc.o(i.ADC_CommonInit)
    i.ADC_Config                             0x08000484   Section        0  bsp_adc.o(i.ADC_Config)
    i.ADC_DMACmd                             0x08000610   Section        0  stm32f30x_adc.o(i.ADC_DMACmd)
    i.ADC_DMAConfig                          0x08000626   Section        0  stm32f30x_adc.o(i.ADC_DMAConfig)
    i.ADC_DeInit                             0x08000638   Section        0  stm32f30x_adc.o(i.ADC_DeInit)
    i.ADC_GetCalibrationStatus               0x08000688   Section        0  stm32f30x_adc.o(i.ADC_GetCalibrationStatus)
    i.ADC_GetFlagStatus                      0x0800069c   Section        0  stm32f30x_adc.o(i.ADC_GetFlagStatus)
    i.ADC_Init                               0x080006b0   Section        0  stm32f30x_adc.o(i.ADC_Init)
    i.ADC_RegularChannelConfig               0x080006f0   Section        0  stm32f30x_adc.o(i.ADC_RegularChannelConfig)
    i.ADC_SelectCalibrationMode              0x080007ea   Section        0  stm32f30x_adc.o(i.ADC_SelectCalibrationMode)
    i.ADC_StartCalibration                   0x080007fa   Section        0  stm32f30x_adc.o(i.ADC_StartCalibration)
    i.ADC_StartConversion                    0x08000804   Section        0  stm32f30x_adc.o(i.ADC_StartConversion)
    i.ADC_VoltageRegulatorCmd                0x0800080e   Section        0  stm32f30x_adc.o(i.ADC_VoltageRegulatorCmd)
    i.Bsp_TimeInit                           0x0800082c   Section        0  bsp_time.o(i.Bsp_TimeInit)
    i.BusFault_Handler                       0x080008c4   Section        0  stm32f3xx_it.o(i.BusFault_Handler)
    i.CAN1_Init                              0x080008c8   Section        0  bsp_can.o(i.CAN1_Init)
    i.CAN1_RX0_IRQHandler                    0x080009cc   Section        0  bsp_can.o(i.CAN1_RX0_IRQHandler)
    i.CAN_ClearITPendingBit                  0x08000a28   Section        0  stm32f30x_can.o(i.CAN_ClearITPendingBit)
    i.CAN_FilterInit                         0x08000ad0   Section        0  stm32f30x_can.o(i.CAN_FilterInit)
    i.CAN_GetITStatus                        0x08000bd8   Section        0  stm32f30x_can.o(i.CAN_GetITStatus)
    i.CAN_ITConfig                           0x08000cf8   Section        0  stm32f30x_can.o(i.CAN_ITConfig)
    i.CAN_Init                               0x08000d0a   Section        0  stm32f30x_can.o(i.CAN_Init)
    i.CAN_Receive                            0x08000e2e   Section        0  stm32f30x_can.o(i.CAN_Receive)
    i.CAN_SEND_DATA                          0x08000f20   Section        0  bsp_can.o(i.CAN_SEND_DATA)
    i.CAN_Transmit                           0x08000f58   Section        0  stm32f30x_can.o(i.CAN_Transmit)
    i.CheckITStatus                          0x0800107e   Section        0  stm32f30x_can.o(i.CheckITStatus)
    CheckITStatus                            0x0800107f   Thumb Code    18  stm32f30x_can.o(i.CheckITStatus)
    i.DMA_Cmd                                0x08001090   Section        0  stm32f30x_dma.o(i.DMA_Cmd)
    i.DMA_DeInit                             0x080010a8   Section        0  stm32f30x_dma.o(i.DMA_DeInit)
    i.DMA_Init                               0x080011f4   Section        0  stm32f30x_dma.o(i.DMA_Init)
    i.DMA_StructInit                         0x08001230   Section        0  stm32f30x_dma.o(i.DMA_StructInit)
    i.DebugMon_Handler                       0x0800124a   Section        0  stm32f3xx_it.o(i.DebugMon_Handler)
    i.Delay_ms                               0x0800124c   Section        0  delay.o(i.Delay_ms)
    i.FilterAverage                          0x08001260   Section        0  bsp_filter.o(i.FilterAverage)
    i.FilterSample                           0x08001294   Section        0  bsp_filter.o(i.FilterSample)
    i.GPIO_Init                              0x080012fa   Section        0  stm32f30x_gpio.o(i.GPIO_Init)
    i.GPIO_PinAFConfig                       0x08001390   Section        0  stm32f30x_gpio.o(i.GPIO_PinAFConfig)
    i.GPIO_ResetBits                         0x080013d6   Section        0  stm32f30x_gpio.o(i.GPIO_ResetBits)
    i.GPIO_SetBits                           0x080013da   Section        0  stm32f30x_gpio.o(i.GPIO_SetBits)
    i.HRTIM1_TIMA_IRQHandler                 0x080013e0   Section        0  main.o(i.HRTIM1_TIMA_IRQHandler)
    i.HRTIM_ADCTriggerConfig                 0x080013f8   Section        0  stm32f30x_hrtim.o(i.HRTIM_ADCTriggerConfig)
    i.HRTIM_ClearITPendingBit                0x0800146a   Section        0  stm32f30x_hrtim.o(i.HRTIM_ClearITPendingBit)
    i.HRTIM_Config                           0x080014a8   Section        0  bsp_hrtim.o(i.HRTIM_Config)
    i.HRTIM_DLLCalibrationStart              0x080016e8   Section        0  stm32f30x_hrtim.o(i.HRTIM_DLLCalibrationStart)
    i.HRTIM_DeadTimeConfig                   0x08001710   Section        0  stm32f30x_hrtim.o(i.HRTIM_DeadTimeConfig)
    i.HRTIM_GetCommonFlagStatus              0x0800175c   Section        0  stm32f30x_hrtim.o(i.HRTIM_GetCommonFlagStatus)
    i.HRTIM_ITConfig                         0x08001772   Section        0  stm32f30x_hrtim.o(i.HRTIM_ITConfig)
    i.HRTIM_MasterBase_Config                0x080017d4   Section        0  stm32f30x_hrtim.o(i.HRTIM_MasterBase_Config)
    HRTIM_MasterBase_Config                  0x080017d5   Thumb Code    42  stm32f30x_hrtim.o(i.HRTIM_MasterBase_Config)
    i.HRTIM_MasterSetCompare                 0x080017fe   Section        0  stm32f30x_hrtim.o(i.HRTIM_MasterSetCompare)
    i.HRTIM_MasterWaveform_Config            0x08001826   Section        0  stm32f30x_hrtim.o(i.HRTIM_MasterWaveform_Config)
    HRTIM_MasterWaveform_Config              0x08001827   Thumb Code    88  stm32f30x_hrtim.o(i.HRTIM_MasterWaveform_Config)
    i.HRTIM_OutputConfig                     0x0800187e   Section        0  stm32f30x_hrtim.o(i.HRTIM_OutputConfig)
    HRTIM_OutputConfig                       0x0800187f   Thumb Code   202  stm32f30x_hrtim.o(i.HRTIM_OutputConfig)
    i.HRTIM_TimingUnitBase_Config            0x08001948   Section        0  stm32f30x_hrtim.o(i.HRTIM_TimingUnitBase_Config)
    HRTIM_TimingUnitBase_Config              0x08001949   Thumb Code   124  stm32f30x_hrtim.o(i.HRTIM_TimingUnitBase_Config)
    i.HRTIM_TimingUnitWaveform_Config        0x080019c4   Section        0  stm32f30x_hrtim.o(i.HRTIM_TimingUnitWaveform_Config)
    HRTIM_TimingUnitWaveform_Config          0x080019c5   Thumb Code   182  stm32f30x_hrtim.o(i.HRTIM_TimingUnitWaveform_Config)
    i.HRTIM_WaveformCounterStart             0x08001a7a   Section        0  stm32f30x_hrtim.o(i.HRTIM_WaveformCounterStart)
    i.HRTIM_WaveformOutputConfig             0x08001a82   Section        0  stm32f30x_hrtim.o(i.HRTIM_WaveformOutputConfig)
    i.HRTIM_WaveformOutputStart              0x08001a9e   Section        0  stm32f30x_hrtim.o(i.HRTIM_WaveformOutputStart)
    i.HRTIM_WaveformTimerConfig              0x08001aa6   Section        0  stm32f30x_hrtim.o(i.HRTIM_WaveformTimerConfig)
    i.HRTIM_Waveform_Init                    0x08001b38   Section        0  stm32f30x_hrtim.o(i.HRTIM_Waveform_Init)
    i.HardFault_Handler                      0x08001b72   Section        0  stm32f3xx_it.o(i.HardFault_Handler)
    i.InputPower_Control                     0x08001b78   Section        0  bsp_buck_control.o(i.InputPower_Control)
    i.LED_GPIO_Config                        0x080020e4   Section        0  bsp_led.o(i.LED_GPIO_Config)
    i.MemManage_Handler                      0x08002128   Section        0  stm32f3xx_it.o(i.MemManage_Handler)
    i.NMI_Handler                            0x0800212c   Section        0  stm32f3xx_it.o(i.NMI_Handler)
    i.NVIC_Init                              0x08002130   Section        0  stm32f30x_misc.o(i.NVIC_Init)
    i.NVIC_PriorityGroupConfig               0x080021a0   Section        0  stm32f30x_misc.o(i.NVIC_PriorityGroupConfig)
    i.Out_Control_GPIO_Config                0x080021b4   Section        0  bsp_out_control.o(i.Out_Control_GPIO_Config)
    i.PWM_Update                             0x080021f4   Section        0  bsp_hrtim.o(i.PWM_Update)
    i.PendSV_Handler                         0x08002350   Section        0  stm32f3xx_it.o(i.PendSV_Handler)
    i.RCC_ADCCLKConfig                       0x08002354   Section        0  stm32f30x_rcc.o(i.RCC_ADCCLKConfig)
    i.RCC_AHBPeriphClockCmd                  0x08002384   Section        0  stm32f30x_rcc.o(i.RCC_AHBPeriphClockCmd)
    i.RCC_AHBPeriphResetCmd                  0x080023a4   Section        0  stm32f30x_rcc.o(i.RCC_AHBPeriphResetCmd)
    i.RCC_APB1PeriphClockCmd                 0x080023c4   Section        0  stm32f30x_rcc.o(i.RCC_APB1PeriphClockCmd)
    i.RCC_APB1PeriphResetCmd                 0x080023e4   Section        0  stm32f30x_rcc.o(i.RCC_APB1PeriphResetCmd)
    i.RCC_APB2PeriphClockCmd                 0x08002404   Section        0  stm32f30x_rcc.o(i.RCC_APB2PeriphClockCmd)
    i.RCC_HRTIM1CLKConfig                    0x08002424   Section        0  stm32f30x_rcc.o(i.RCC_HRTIM1CLKConfig)
    i.SVC_Handler                            0x08002440   Section        0  stm32f3xx_it.o(i.SVC_Handler)
    i.SetSysClock                            0x08002444   Section        0  system_stm32f30x.o(i.SetSysClock)
    SetSysClock                              0x08002445   Thumb Code   188  system_stm32f30x.o(i.SetSysClock)
    i.SysTick_Handler                        0x08002508   Section        0  stm32f3xx_it.o(i.SysTick_Handler)
    i.SystemInit                             0x08002510   Section        0  system_stm32f30x.o(i.SystemInit)
    i.TIM1_UP_TIM16_IRQHandler               0x08002594   Section        0  main.o(i.TIM1_UP_TIM16_IRQHandler)
    i.TIM_ClearFlag                          0x080025ac   Section        0  stm32f30x_tim.o(i.TIM_ClearFlag)
    i.TIM_Cmd                                0x080025b4   Section        0  stm32f30x_tim.o(i.TIM_Cmd)
    i.TIM_ITConfig                           0x080025cc   Section        0  stm32f30x_tim.o(i.TIM_ITConfig)
    i.TIM_TimeBaseInit                       0x080025e4   Section        0  stm32f30x_tim.o(i.TIM_TimeBaseInit)
    i.TimingDelay_Decrement                  0x0800267c   Section        0  delay.o(i.TimingDelay_Decrement)
    i.UsageFault_Handler                     0x08002694   Section        0  stm32f3xx_it.o(i.UsageFault_Handler)
    i.__scatterload_copy                     0x08002698   Section       14  handlers.o(i.__scatterload_copy)
    i.__scatterload_null                     0x080026a6   Section        2  handlers.o(i.__scatterload_null)
    i.__scatterload_zeroinit                 0x080026a8   Section       14  handlers.o(i.__scatterload_zeroinit)
    i.bsp_PIDCtrlInit                        0x080026b8   Section        0  bsp_buck_control.o(i.bsp_PIDCtrlInit)
    i.main                                   0x0800285c   Section        0  main.o(i.main)
    i.pid_calc                               0x08002920   Section        0  bsp_pid.o(i.pid_calc)
    i.pid_clc                                0x08002a44   Section        0  bsp_pid.o(i.pid_clc)
    i.pid_init                               0x08002a8c   Section        0  bsp_pid.o(i.pid_init)
    i.pid_power_calc                         0x08002ac4   Section        0  bsp_pid.o(i.pid_power_calc)
    i.pid_reset                              0x08002be8   Section        0  bsp_pid.o(i.pid_reset)
    .data                                    0x20000000   Section       20  system_stm32f30x.o(.data)
    .data                                    0x20000014   Section        4  delay.o(.data)
    .data                                    0x20000018   Section        8  bsp_adc.o(.data)
    .data                                    0x20000020   Section       20  bsp_pid.o(.data)
    .data                                    0x20000034   Section       76  bsp_buck_control.o(.data)
    .data                                    0x20000080   Section        5  bsp_can.o(.data)
    .bss                                     0x20000088   Section      424  bsp_buck_control.o(.bss)
    .bss                                     0x20000230   Section       20  bsp_can.o(.bss)
    rx_message                               0x20000230   Data          20  bsp_can.o(.bss)
    STACK                                    0x20000248   Section     1024  startup_stm32f334x8.o(STACK)

    Global Symbols

    Symbol Name                              Value     Ov Type        Size  Object(Section)

    BuildAttributes$$THM_ISAv4$E$P$D$K$B$S$7EM$VFPi3$EXTD16$VFPS$VFMA$PE$A:L22UL41UL21$X:L11$S22US41US21$IEEE1$IW$USESV6$~STKCKD$USESV7$~SHL$OSPACE$ROPI$EBA8$MICROLIB$REQ8$PRES8$EABIv2 0x00000000   Number         0  anon$$obj.o ABSOLUTE
    __ARM_use_no_argv                        0x00000000   Number         0  main.o ABSOLUTE
    __arm_fini_                               - Undefined Weak Reference
    __cpp_initialize__aeabi_                  - Undefined Weak Reference
    __cxa_finalize                            - Undefined Weak Reference
    __decompress                              - Undefined Weak Reference
    _clock_init                               - Undefined Weak Reference
    _microlib_exit                            - Undefined Weak Reference
    __Vectors_Size                           0x00000188   Number         0  startup_stm32f334x8.o ABSOLUTE
    __Vectors                                0x08000000   Data           4  startup_stm32f334x8.o(RESET)
    __Vectors_End                            0x08000188   Data           0  startup_stm32f334x8.o(RESET)
    __main                                   0x08000189   Thumb Code     0  entry.o(.ARM.Collect$$$$00000000)
    _main_stk                                0x08000189   Thumb Code     0  entry2.o(.ARM.Collect$$$$00000001)
    _main_scatterload                        0x0800018d   Thumb Code     0  entry5.o(.ARM.Collect$$$$00000004)
    __main_after_scatterload                 0x08000191   Thumb Code     0  entry5.o(.ARM.Collect$$$$00000004)
    _main_clock                              0x08000191   Thumb Code     0  entry7b.o(.ARM.Collect$$$$00000008)
    _main_cpp_init                           0x08000191   Thumb Code     0  entry8b.o(.ARM.Collect$$$$0000000A)
    _main_init                               0x08000191   Thumb Code     0  entry9a.o(.ARM.Collect$$$$0000000B)
    __rt_lib_shutdown_fini                   0x08000199   Thumb Code     0  entry12b.o(.ARM.Collect$$$$0000000E)
    __rt_final_cpp                           0x0800019d   Thumb Code     0  entry10a.o(.ARM.Collect$$$$0000000F)
    __rt_final_exit                          0x0800019d   Thumb Code     0  entry11a.o(.ARM.Collect$$$$00000011)
    Reset_Handler                            0x080001a1   Thumb Code     8  startup_stm32f334x8.o(.text)
    ADC1_2_IRQHandler                        0x080001bb   Thumb Code     0  startup_stm32f334x8.o(.text)
    CAN1_RX1_IRQHandler                      0x080001bb   Thumb Code     0  startup_stm32f334x8.o(.text)
    CAN1_SCE_IRQHandler                      0x080001bb   Thumb Code     0  startup_stm32f334x8.o(.text)
    CAN1_TX_IRQHandler                       0x080001bb   Thumb Code     0  startup_stm32f334x8.o(.text)
    COMP2_IRQHandler                         0x080001bb   Thumb Code     0  startup_stm32f334x8.o(.text)
    COMP4_6_IRQHandler                       0x080001bb   Thumb Code     0  startup_stm32f334x8.o(.text)
    DMA1_Channel1_IRQHandler                 0x080001bb   Thumb Code     0  startup_stm32f334x8.o(.text)
    DMA1_Channel2_IRQHandler                 0x080001bb   Thumb Code     0  startup_stm32f334x8.o(.text)
    DMA1_Channel3_IRQHandler                 0x080001bb   Thumb Code     0  startup_stm32f334x8.o(.text)
    DMA1_Channel4_IRQHandler                 0x080001bb   Thumb Code     0  startup_stm32f334x8.o(.text)
    DMA1_Channel5_IRQHandler                 0x080001bb   Thumb Code     0  startup_stm32f334x8.o(.text)
    DMA1_Channel6_IRQHandler                 0x080001bb   Thumb Code     0  startup_stm32f334x8.o(.text)
    DMA1_Channel7_IRQHandler                 0x080001bb   Thumb Code     0  startup_stm32f334x8.o(.text)
    EXTI0_IRQHandler                         0x080001bb   Thumb Code     0  startup_stm32f334x8.o(.text)
    EXTI15_10_IRQHandler                     0x080001bb   Thumb Code     0  startup_stm32f334x8.o(.text)
    EXTI1_IRQHandler                         0x080001bb   Thumb Code     0  startup_stm32f334x8.o(.text)
    EXTI2_TS_IRQHandler                      0x080001bb   Thumb Code     0  startup_stm32f334x8.o(.text)
    EXTI3_IRQHandler                         0x080001bb   Thumb Code     0  startup_stm32f334x8.o(.text)
    EXTI4_IRQHandler                         0x080001bb   Thumb Code     0  startup_stm32f334x8.o(.text)
    EXTI9_5_IRQHandler                       0x080001bb   Thumb Code     0  startup_stm32f334x8.o(.text)
    FLASH_IRQHandler                         0x080001bb   Thumb Code     0  startup_stm32f334x8.o(.text)
    FPU_IRQHandler                           0x080001bb   Thumb Code     0  startup_stm32f334x8.o(.text)
    HRTIM1_FLT_IRQHandler                    0x080001bb   Thumb Code     0  startup_stm32f334x8.o(.text)
    HRTIM1_Master_IRQHandler                 0x080001bb   Thumb Code     0  startup_stm32f334x8.o(.text)
    HRTIM1_TIMB_IRQHandler                   0x080001bb   Thumb Code     0  startup_stm32f334x8.o(.text)
    HRTIM1_TIMC_IRQHandler                   0x080001bb   Thumb Code     0  startup_stm32f334x8.o(.text)
    HRTIM1_TIMD_IRQHandler                   0x080001bb   Thumb Code     0  startup_stm32f334x8.o(.text)
    HRTIM1_TIME_IRQHandler                   0x080001bb   Thumb Code     0  startup_stm32f334x8.o(.text)
    I2C1_ER_IRQHandler                       0x080001bb   Thumb Code     0  startup_stm32f334x8.o(.text)
    I2C1_EV_IRQHandler                       0x080001bb   Thumb Code     0  startup_stm32f334x8.o(.text)
    PVD_IRQHandler                           0x080001bb   Thumb Code     0  startup_stm32f334x8.o(.text)
    RCC_IRQHandler                           0x080001bb   Thumb Code     0  startup_stm32f334x8.o(.text)
    RTC_Alarm_IRQHandler                     0x080001bb   Thumb Code     0  startup_stm32f334x8.o(.text)
    RTC_WKUP_IRQHandler                      0x080001bb   Thumb Code     0  startup_stm32f334x8.o(.text)
    SPI1_IRQHandler                          0x080001bb   Thumb Code     0  startup_stm32f334x8.o(.text)
    TAMPER_STAMP_IRQHandler                  0x080001bb   Thumb Code     0  startup_stm32f334x8.o(.text)
    TIM1_BRK_TIM15_IRQHandler                0x080001bb   Thumb Code     0  startup_stm32f334x8.o(.text)
    TIM1_CC_IRQHandler                       0x080001bb   Thumb Code     0  startup_stm32f334x8.o(.text)
    TIM1_TRG_COM_TIM17_IRQHandler            0x080001bb   Thumb Code     0  startup_stm32f334x8.o(.text)
    TIM2_IRQHandler                          0x080001bb   Thumb Code     0  startup_stm32f334x8.o(.text)
    TIM3_IRQHandler                          0x080001bb   Thumb Code     0  startup_stm32f334x8.o(.text)
    TIM6_DAC1_IRQHandler                     0x080001bb   Thumb Code     0  startup_stm32f334x8.o(.text)
    TIM7_DAC2_IRQHandler                     0x080001bb   Thumb Code     0  startup_stm32f334x8.o(.text)
    USART1_IRQHandler                        0x080001bb   Thumb Code     0  startup_stm32f334x8.o(.text)
    USART2_IRQHandler                        0x080001bb   Thumb Code     0  startup_stm32f334x8.o(.text)
    USART3_IRQHandler                        0x080001bb   Thumb Code     0  startup_stm32f334x8.o(.text)
    WWDG_IRQHandler                          0x080001bb   Thumb Code     0  startup_stm32f334x8.o(.text)
    __aeabi_ddiv                             0x080001c5   Thumb Code   222  ddiv.o(.text)
    __aeabi_ui2d                             0x080002a3   Thumb Code    26  dfltui.o(.text)
    __aeabi_d2uiz                            0x080002bd   Thumb Code    50  dfixui.o(.text)
    __aeabi_llsr                             0x080002ef   Thumb Code    32  llushr.o(.text)
    _ll_ushift_r                             0x080002ef   Thumb Code     0  llushr.o(.text)
    __I$use$fp                               0x0800030f   Thumb Code     0  iusefp.o(.text)
    _double_round                            0x0800030f   Thumb Code    30  depilogue.o(.text)
    _double_epilogue                         0x0800032d   Thumb Code   156  depilogue.o(.text)
    __scatterload                            0x080003c9   Thumb Code    28  init.o(.text)
    __scatterload_rt2                        0x080003c9   Thumb Code     0  init.o(.text)
    __aeabi_llsl                             0x080003ed   Thumb Code    30  llshl.o(.text)
    _ll_shift_l                              0x080003ed   Thumb Code     0  llshl.o(.text)
    ADC_Cmd                                  0x0800040b   Thumb Code    22  stm32f30x_adc.o(i.ADC_Cmd)
    ADC_CommonInit                           0x08000421   Thumb Code    82  stm32f30x_adc.o(i.ADC_CommonInit)
    ADC_Config                               0x08000485   Thumb Code   384  bsp_adc.o(i.ADC_Config)
    ADC_DMACmd                               0x08000611   Thumb Code    22  stm32f30x_adc.o(i.ADC_DMACmd)
    ADC_DMAConfig                            0x08000627   Thumb Code    16  stm32f30x_adc.o(i.ADC_DMAConfig)
    ADC_DeInit                               0x08000639   Thumb Code    68  stm32f30x_adc.o(i.ADC_DeInit)
    ADC_GetCalibrationStatus                 0x08000689   Thumb Code    20  stm32f30x_adc.o(i.ADC_GetCalibrationStatus)
    ADC_GetFlagStatus                        0x0800069d   Thumb Code    18  stm32f30x_adc.o(i.ADC_GetFlagStatus)
    ADC_Init                                 0x080006b1   Thumb Code    58  stm32f30x_adc.o(i.ADC_Init)
    ADC_RegularChannelConfig                 0x080006f1   Thumb Code   250  stm32f30x_adc.o(i.ADC_RegularChannelConfig)
    ADC_SelectCalibrationMode                0x080007eb   Thumb Code    16  stm32f30x_adc.o(i.ADC_SelectCalibrationMode)
    ADC_StartCalibration                     0x080007fb   Thumb Code    10  stm32f30x_adc.o(i.ADC_StartCalibration)
    ADC_StartConversion                      0x08000805   Thumb Code    10  stm32f30x_adc.o(i.ADC_StartConversion)
    ADC_VoltageRegulatorCmd                  0x0800080f   Thumb Code    30  stm32f30x_adc.o(i.ADC_VoltageRegulatorCmd)
    Bsp_TimeInit                             0x0800082d   Thumb Code   138  bsp_time.o(i.Bsp_TimeInit)
    BusFault_Handler                         0x080008c5   Thumb Code     4  stm32f3xx_it.o(i.BusFault_Handler)
    CAN1_Init                                0x080008c9   Thumb Code   250  bsp_can.o(i.CAN1_Init)
    CAN1_RX0_IRQHandler                      0x080009cd   Thumb Code    72  bsp_can.o(i.CAN1_RX0_IRQHandler)
    CAN_ClearITPendingBit                    0x08000a29   Thumb Code   162  stm32f30x_can.o(i.CAN_ClearITPendingBit)
    CAN_FilterInit                           0x08000ad1   Thumb Code   258  stm32f30x_can.o(i.CAN_FilterInit)
    CAN_GetITStatus                          0x08000bd9   Thumb Code   284  stm32f30x_can.o(i.CAN_GetITStatus)
    CAN_ITConfig                             0x08000cf9   Thumb Code    18  stm32f30x_can.o(i.CAN_ITConfig)
    CAN_Init                                 0x08000d0b   Thumb Code   292  stm32f30x_can.o(i.CAN_Init)
    CAN_Receive                              0x08000e2f   Thumb Code   240  stm32f30x_can.o(i.CAN_Receive)
    CAN_SEND_DATA                            0x08000f21   Thumb Code    52  bsp_can.o(i.CAN_SEND_DATA)
    CAN_Transmit                             0x08000f59   Thumb Code   294  stm32f30x_can.o(i.CAN_Transmit)
    DMA_Cmd                                  0x08001091   Thumb Code    24  stm32f30x_dma.o(i.DMA_Cmd)
    DMA_DeInit                               0x080010a9   Thumb Code   324  stm32f30x_dma.o(i.DMA_DeInit)
    DMA_Init                                 0x080011f5   Thumb Code    60  stm32f30x_dma.o(i.DMA_Init)
    DMA_StructInit                           0x08001231   Thumb Code    26  stm32f30x_dma.o(i.DMA_StructInit)
    DebugMon_Handler                         0x0800124b   Thumb Code     2  stm32f3xx_it.o(i.DebugMon_Handler)
    Delay_ms                                 0x0800124d   Thumb Code    16  delay.o(i.Delay_ms)
    FilterAverage                            0x08001261   Thumb Code    48  bsp_filter.o(i.FilterAverage)
    FilterSample                             0x08001295   Thumb Code   102  bsp_filter.o(i.FilterSample)
    GPIO_Init                                0x080012fb   Thumb Code   150  stm32f30x_gpio.o(i.GPIO_Init)
    GPIO_PinAFConfig                         0x08001391   Thumb Code    70  stm32f30x_gpio.o(i.GPIO_PinAFConfig)
    GPIO_ResetBits                           0x080013d7   Thumb Code     4  stm32f30x_gpio.o(i.GPIO_ResetBits)
    GPIO_SetBits                             0x080013db   Thumb Code     4  stm32f30x_gpio.o(i.GPIO_SetBits)
    HRTIM1_TIMA_IRQHandler                   0x080013e1   Thumb Code    18  main.o(i.HRTIM1_TIMA_IRQHandler)
    HRTIM_ADCTriggerConfig                   0x080013f9   Thumb Code   114  stm32f30x_hrtim.o(i.HRTIM_ADCTriggerConfig)
    HRTIM_ClearITPendingBit                  0x0800146b   Thumb Code    62  stm32f30x_hrtim.o(i.HRTIM_ClearITPendingBit)
    HRTIM_Config                             0x080014a9   Thumb Code   570  bsp_hrtim.o(i.HRTIM_Config)
    HRTIM_DLLCalibrationStart                0x080016e9   Thumb Code    40  stm32f30x_hrtim.o(i.HRTIM_DLLCalibrationStart)
    HRTIM_DeadTimeConfig                     0x08001711   Thumb Code    70  stm32f30x_hrtim.o(i.HRTIM_DeadTimeConfig)
    HRTIM_GetCommonFlagStatus                0x0800175d   Thumb Code    22  stm32f30x_hrtim.o(i.HRTIM_GetCommonFlagStatus)
    HRTIM_ITConfig                           0x08001773   Thumb Code    98  stm32f30x_hrtim.o(i.HRTIM_ITConfig)
    HRTIM_MasterSetCompare                   0x080017ff   Thumb Code    40  stm32f30x_hrtim.o(i.HRTIM_MasterSetCompare)
    HRTIM_WaveformCounterStart               0x08001a7b   Thumb Code     8  stm32f30x_hrtim.o(i.HRTIM_WaveformCounterStart)
    HRTIM_WaveformOutputConfig               0x08001a83   Thumb Code    28  stm32f30x_hrtim.o(i.HRTIM_WaveformOutputConfig)
    HRTIM_WaveformOutputStart                0x08001a9f   Thumb Code     8  stm32f30x_hrtim.o(i.HRTIM_WaveformOutputStart)
    HRTIM_WaveformTimerConfig                0x08001aa7   Thumb Code   146  stm32f30x_hrtim.o(i.HRTIM_WaveformTimerConfig)
    HRTIM_Waveform_Init                      0x08001b39   Thumb Code    58  stm32f30x_hrtim.o(i.HRTIM_Waveform_Init)
    HardFault_Handler                        0x08001b73   Thumb Code     4  stm32f3xx_it.o(i.HardFault_Handler)
    InputPower_Control                       0x08001b79   Thumb Code  1342  bsp_buck_control.o(i.InputPower_Control)
    LED_GPIO_Config                          0x080020e5   Thumb Code    64  bsp_led.o(i.LED_GPIO_Config)
    MemManage_Handler                        0x08002129   Thumb Code     4  stm32f3xx_it.o(i.MemManage_Handler)
    NMI_Handler                              0x0800212d   Thumb Code     2  stm32f3xx_it.o(i.NMI_Handler)
    NVIC_Init                                0x08002131   Thumb Code   100  stm32f30x_misc.o(i.NVIC_Init)
    NVIC_PriorityGroupConfig                 0x080021a1   Thumb Code    10  stm32f30x_misc.o(i.NVIC_PriorityGroupConfig)
    Out_Control_GPIO_Config                  0x080021b5   Thumb Code    60  bsp_out_control.o(i.Out_Control_GPIO_Config)
    PWM_Update                               0x080021f5   Thumb Code   328  bsp_hrtim.o(i.PWM_Update)
    PendSV_Handler                           0x08002351   Thumb Code     2  stm32f3xx_it.o(i.PendSV_Handler)
    RCC_ADCCLKConfig                         0x08002355   Thumb Code    44  stm32f30x_rcc.o(i.RCC_ADCCLKConfig)
    RCC_AHBPeriphClockCmd                    0x08002385   Thumb Code    26  stm32f30x_rcc.o(i.RCC_AHBPeriphClockCmd)
    RCC_AHBPeriphResetCmd                    0x080023a5   Thumb Code    26  stm32f30x_rcc.o(i.RCC_AHBPeriphResetCmd)
    RCC_APB1PeriphClockCmd                   0x080023c5   Thumb Code    26  stm32f30x_rcc.o(i.RCC_APB1PeriphClockCmd)
    RCC_APB1PeriphResetCmd                   0x080023e5   Thumb Code    26  stm32f30x_rcc.o(i.RCC_APB1PeriphResetCmd)
    RCC_APB2PeriphClockCmd                   0x08002405   Thumb Code    26  stm32f30x_rcc.o(i.RCC_APB2PeriphClockCmd)
    RCC_HRTIM1CLKConfig                      0x08002425   Thumb Code    22  stm32f30x_rcc.o(i.RCC_HRTIM1CLKConfig)
    SVC_Handler                              0x08002441   Thumb Code     2  stm32f3xx_it.o(i.SVC_Handler)
    SysTick_Handler                          0x08002509   Thumb Code     8  stm32f3xx_it.o(i.SysTick_Handler)
    SystemInit                               0x08002511   Thumb Code   112  system_stm32f30x.o(i.SystemInit)
    TIM1_UP_TIM16_IRQHandler                 0x08002595   Thumb Code    18  main.o(i.TIM1_UP_TIM16_IRQHandler)
    TIM_ClearFlag                            0x080025ad   Thumb Code     8  stm32f30x_tim.o(i.TIM_ClearFlag)
    TIM_Cmd                                  0x080025b5   Thumb Code    24  stm32f30x_tim.o(i.TIM_Cmd)
    TIM_ITConfig                             0x080025cd   Thumb Code    24  stm32f30x_tim.o(i.TIM_ITConfig)
    TIM_TimeBaseInit                         0x080025e5   Thumb Code   116  stm32f30x_tim.o(i.TIM_TimeBaseInit)
    TimingDelay_Decrement                    0x0800267d   Thumb Code    18  delay.o(i.TimingDelay_Decrement)
    UsageFault_Handler                       0x08002695   Thumb Code     4  stm32f3xx_it.o(i.UsageFault_Handler)
    __scatterload_copy                       0x08002699   Thumb Code    14  handlers.o(i.__scatterload_copy)
    __scatterload_null                       0x080026a7   Thumb Code     2  handlers.o(i.__scatterload_null)
    __scatterload_zeroinit                   0x080026a9   Thumb Code    14  handlers.o(i.__scatterload_zeroinit)
    bsp_PIDCtrlInit                          0x080026b9   Thumb Code   334  bsp_buck_control.o(i.bsp_PIDCtrlInit)
    main                                     0x0800285d   Thumb Code   176  main.o(i.main)
    pid_calc                                 0x08002921   Thumb Code   292  bsp_pid.o(i.pid_calc)
    pid_clc                                  0x08002a45   Thumb Code    66  bsp_pid.o(i.pid_clc)
    pid_init                                 0x08002a8d   Thumb Code    50  bsp_pid.o(i.pid_init)
    pid_power_calc                           0x08002ac5   Thumb Code   292  bsp_pid.o(i.pid_power_calc)
    pid_reset                                0x08002be9   Thumb Code    82  bsp_pid.o(i.pid_reset)
    Region$$Table$$Base                      0x08002c40   Number         0  anon$$obj.o(Region$$Table)
    Region$$Table$$Limit                     0x08002c60   Number         0  anon$$obj.o(Region$$Table)
    SystemCoreClock                          0x20000000   Data           4  system_stm32f30x.o(.data)
    AHBPrescTable                            0x20000004   Data          16  system_stm32f30x.o(.data)
    TimingDelay                              0x20000014   Data           4  delay.o(.data)
    ADC_SampleBuf                            0x20000018   Data           8  bsp_adc.o(.data)
    pid_func                                 0x20000020   Data          20  bsp_pid.o(.data)
    ADC_I_SCAP_SampleValue                   0x20000034   Data           4  bsp_buck_control.o(.data)
    ADC_I_BAT_SampleValue                    0x20000038   Data           4  bsp_buck_control.o(.data)
    ADC_V_BAT_SampleValue                    0x2000003c   Data           4  bsp_buck_control.o(.data)
    ADC_V_SCAP_SampleValue                   0x20000040   Data           4  bsp_buck_control.o(.data)
    IoRefApp                                 0x20000044   Data           4  bsp_buck_control.o(.data)
    VoRefApp                                 0x20000048   Data           4  bsp_buck_control.o(.data)
    Input_Voltage                            0x2000004c   Data           4  bsp_buck_control.o(.data)
    Input_Current                            0x20000050   Data           4  bsp_buck_control.o(.data)
    Input_Power                              0x20000054   Data           4  bsp_buck_control.o(.data)
    Available_Power                          0x20000058   Data           4  bsp_buck_control.o(.data)
    PWM_DUTY                                 0x2000005c   Data           2  bsp_buck_control.o(.data)
    Vref                                     0x2000005e   Data           2  bsp_buck_control.o(.data)
    Limit_Power                              0x20000060   Data           4  bsp_buck_control.o(.data)
    Direction                                0x20000064   Data           1  bsp_buck_control.o(.data)
    Last_Direction_Mode                      0x20000065   Data           1  bsp_buck_control.o(.data)
    loop_mode                                0x20000066   Data           1  bsp_buck_control.o(.data)
    Transition_Mode                          0x20000067   Data           1  bsp_buck_control.o(.data)
    Transition_Time_Out                      0x20000068   Data           4  bsp_buck_control.o(.data)
    Mediate_State_Out                        0x2000006c   Data           1  bsp_buck_control.o(.data)
    Transition_Time_In                       0x20000070   Data           4  bsp_buck_control.o(.data)
    Mediate_State_In                         0x20000074   Data           1  bsp_buck_control.o(.data)
    Clear_Time                               0x20000078   Data           4  bsp_buck_control.o(.data)
    Clear_State                              0x2000007c   Data           1  bsp_buck_control.o(.data)
    Turn_VoltOutLoop_Time                    0x2000007e   Data           2  bsp_buck_control.o(.data)
    MAX_POW                                  0x20000080   Data           2  bsp_can.o(.data)
    chassis_power_buffer                     0x20000082   Data           2  bsp_can.o(.data)
    OUT_CMD                                  0x20000084   Data           1  bsp_can.o(.data)
    ADC_I_SCAP_FilterBuf                     0x20000088   Data          16  bsp_buck_control.o(.bss)
    ADC_I_BAT_FilterBuf                      0x20000098   Data          16  bsp_buck_control.o(.bss)
    ADC_V_BAT_FilterBuf                      0x200000a8   Data          16  bsp_buck_control.o(.bss)
    ADC_V_SCAP_FilterBuf                     0x200000b8   Data          16  bsp_buck_control.o(.bss)
    gPID_AllIoutLoop                         0x200000c8   Data          72  bsp_buck_control.o(.bss)
    gPID_OutPowerCurr                        0x20000110   Data          72  bsp_buck_control.o(.bss)
    gPID_VoltOutLoop                         0x20000158   Data          72  bsp_buck_control.o(.bss)
    gPID_CurrOutLoop                         0x200001a0   Data          72  bsp_buck_control.o(.bss)
    gPID_PowerOutLoop                        0x200001e8   Data          72  bsp_buck_control.o(.bss)
    __initial_sp                             0x20000648   Data           0  startup_stm32f334x8.o(STACK)



==============================================================================

Memory Map of the image

  Image Entry point : 0x08000189

  Load Region LR_IROM1 (Base: 0x08000000, Size: 0x00002ce8, Max: 0x00010000, ABSOLUTE)

    Execution Region ER_IROM1 (Exec base: 0x08000000, Load base: 0x08000000, Size: 0x00002c60, Max: 0x00010000, ABSOLUTE)

    Exec Addr    Load Addr    Size         Type   Attr      Idx    E Section Name        Object

    0x08000000   0x08000000   0x00000188   Data   RO            3    RESET               startup_stm32f334x8.o
    0x08000188   0x08000188   0x00000000   Code   RO         4837  * .ARM.Collect$$$$00000000  mc_w.l(entry.o)
    0x08000188   0x08000188   0x00000004   Code   RO         4846    .ARM.Collect$$$$00000001  mc_w.l(entry2.o)
    0x0800018c   0x0800018c   0x00000004   Code   RO         4849    .ARM.Collect$$$$00000004  mc_w.l(entry5.o)
    0x08000190   0x08000190   0x00000000   Code   RO         4851    .ARM.Collect$$$$00000008  mc_w.l(entry7b.o)
    0x08000190   0x08000190   0x00000000   Code   RO         4853    .ARM.Collect$$$$0000000A  mc_w.l(entry8b.o)
    0x08000190   0x08000190   0x00000008   Code   RO         4854    .ARM.Collect$$$$0000000B  mc_w.l(entry9a.o)
    0x08000198   0x08000198   0x00000004   Code   RO         4861    .ARM.Collect$$$$0000000E  mc_w.l(entry12b.o)
    0x0800019c   0x0800019c   0x00000000   Code   RO         4856    .ARM.Collect$$$$0000000F  mc_w.l(entry10a.o)
    0x0800019c   0x0800019c   0x00000000   Code   RO         4858    .ARM.Collect$$$$00000011  mc_w.l(entry11a.o)
    0x0800019c   0x0800019c   0x00000004   Code   RO         4847    .ARM.Collect$$$$00002712  mc_w.l(entry2.o)
    0x080001a0   0x080001a0   0x00000024   Code   RO            4    .text               startup_stm32f334x8.o
    0x080001c4   0x080001c4   0x000000de   Code   RO         4840    .text               mf_w.l(ddiv.o)
    0x080002a2   0x080002a2   0x0000001a   Code   RO         4842    .text               mf_w.l(dfltui.o)
    0x080002bc   0x080002bc   0x00000032   Code   RO         4844    .text               mf_w.l(dfixui.o)
    0x080002ee   0x080002ee   0x00000020   Code   RO         4862    .text               mc_w.l(llushr.o)
    0x0800030e   0x0800030e   0x00000000   Code   RO         4864    .text               mc_w.l(iusefp.o)
    0x0800030e   0x0800030e   0x000000ba   Code   RO         4865    .text               mf_w.l(depilogue.o)
    0x080003c8   0x080003c8   0x00000024   Code   RO         4867    .text               mc_w.l(init.o)
    0x080003ec   0x080003ec   0x0000001e   Code   RO         4869    .text               mc_w.l(llshl.o)
    0x0800040a   0x0800040a   0x00000016   Code   RO          157    i.ADC_Cmd           stm32f30x_adc.o
    0x08000420   0x08000420   0x00000064   Code   RO          158    i.ADC_CommonInit    stm32f30x_adc.o
    0x08000484   0x08000484   0x0000018c   Code   RO         4526    i.ADC_Config        bsp_adc.o
    0x08000610   0x08000610   0x00000016   Code   RO          160    i.ADC_DMACmd        stm32f30x_adc.o
    0x08000626   0x08000626   0x00000010   Code   RO          161    i.ADC_DMAConfig     stm32f30x_adc.o
    0x08000636   0x08000636   0x00000002   PAD
    0x08000638   0x08000638   0x00000050   Code   RO          162    i.ADC_DeInit        stm32f30x_adc.o
    0x08000688   0x08000688   0x00000014   Code   RO          167    i.ADC_GetCalibrationStatus  stm32f30x_adc.o
    0x0800069c   0x0800069c   0x00000012   Code   RO          173    i.ADC_GetFlagStatus  stm32f30x_adc.o
    0x080006ae   0x080006ae   0x00000002   PAD
    0x080006b0   0x080006b0   0x00000040   Code   RO          179    i.ADC_Init          stm32f30x_adc.o
    0x080006f0   0x080006f0   0x000000fa   Code   RO          184    i.ADC_RegularChannelConfig  stm32f30x_adc.o
    0x080007ea   0x080007ea   0x00000010   Code   RO          186    i.ADC_SelectCalibrationMode  stm32f30x_adc.o
    0x080007fa   0x080007fa   0x0000000a   Code   RO          194    i.ADC_StartCalibration  stm32f30x_adc.o
    0x08000804   0x08000804   0x0000000a   Code   RO          195    i.ADC_StartConversion  stm32f30x_adc.o
    0x0800080e   0x0800080e   0x0000001e   Code   RO          202    i.ADC_VoltageRegulatorCmd  stm32f30x_adc.o
    0x0800082c   0x0800082c   0x00000098   Code   RO         4819    i.Bsp_TimeInit      bsp_time.o
    0x080008c4   0x080008c4   0x00000004   Code   RO         4582    i.BusFault_Handler  stm32f3xx_it.o
    0x080008c8   0x080008c8   0x00000104   Code   RO         4777    i.CAN1_Init         bsp_can.o
    0x080009cc   0x080009cc   0x0000005c   Code   RO         4778    i.CAN1_RX0_IRQHandler  bsp_can.o
    0x08000a28   0x08000a28   0x000000a8   Code   RO          539    i.CAN_ClearITPendingBit  stm32f30x_can.o
    0x08000ad0   0x08000ad0   0x00000108   Code   RO          543    i.CAN_FilterInit    stm32f30x_can.o
    0x08000bd8   0x08000bd8   0x00000120   Code   RO          545    i.CAN_GetITStatus   stm32f30x_can.o
    0x08000cf8   0x08000cf8   0x00000012   Code   RO          549    i.CAN_ITConfig      stm32f30x_can.o
    0x08000d0a   0x08000d0a   0x00000124   Code   RO          550    i.CAN_Init          stm32f30x_can.o
    0x08000e2e   0x08000e2e   0x000000f0   Code   RO          553    i.CAN_Receive       stm32f30x_can.o
    0x08000f1e   0x08000f1e   0x00000002   PAD
    0x08000f20   0x08000f20   0x00000038   Code   RO         4779    i.CAN_SEND_DATA     bsp_can.o
    0x08000f58   0x08000f58   0x00000126   Code   RO          558    i.CAN_Transmit      stm32f30x_can.o
    0x0800107e   0x0800107e   0x00000012   Code   RO          561    i.CheckITStatus     stm32f30x_can.o
    0x08001090   0x08001090   0x00000018   Code   RO         1022    i.DMA_Cmd           stm32f30x_dma.o
    0x080010a8   0x080010a8   0x0000014c   Code   RO         1023    i.DMA_DeInit        stm32f30x_dma.o
    0x080011f4   0x080011f4   0x0000003c   Code   RO         1028    i.DMA_Init          stm32f30x_dma.o
    0x08001230   0x08001230   0x0000001a   Code   RO         1030    i.DMA_StructInit    stm32f30x_dma.o
    0x0800124a   0x0800124a   0x00000002   Code   RO         4583    i.DebugMon_Handler  stm32f3xx_it.o
    0x0800124c   0x0800124c   0x00000014   Code   RO         4477    i.Delay_ms          delay.o
    0x08001260   0x08001260   0x00000034   Code   RO         4728    i.FilterAverage     bsp_filter.o
    0x08001294   0x08001294   0x00000066   Code   RO         4729    i.FilterSample      bsp_filter.o
    0x080012fa   0x080012fa   0x00000096   Code   RO         1351    i.GPIO_Init         stm32f30x_gpio.o
    0x08001390   0x08001390   0x00000046   Code   RO         1352    i.GPIO_PinAFConfig  stm32f30x_gpio.o
    0x080013d6   0x080013d6   0x00000004   Code   RO         1358    i.GPIO_ResetBits    stm32f30x_gpio.o
    0x080013da   0x080013da   0x00000004   Code   RO         1359    i.GPIO_SetBits      stm32f30x_gpio.o
    0x080013de   0x080013de   0x00000002   PAD
    0x080013e0   0x080013e0   0x00000018   Code   RO         4403    i.HRTIM1_TIMA_IRQHandler  main.o
    0x080013f8   0x080013f8   0x00000072   Code   RO         1442    i.HRTIM_ADCTriggerConfig  stm32f30x_hrtim.o
    0x0800146a   0x0800146a   0x0000003e   Code   RO         1451    i.HRTIM_ClearITPendingBit  stm32f30x_hrtim.o
    0x080014a8   0x080014a8   0x00000240   Code   RO         4552    i.HRTIM_Config      bsp_hrtim.o
    0x080016e8   0x080016e8   0x00000028   Code   RO         1453    i.HRTIM_DLLCalibrationStart  stm32f30x_hrtim.o
    0x08001710   0x08001710   0x0000004c   Code   RO         1456    i.HRTIM_DeadTimeConfig  stm32f30x_hrtim.o
    0x0800175c   0x0800175c   0x00000016   Code   RO         1465    i.HRTIM_GetCommonFlagStatus  stm32f30x_hrtim.o
    0x08001772   0x08001772   0x00000062   Code   RO         1473    i.HRTIM_ITConfig    stm32f30x_hrtim.o
    0x080017d4   0x080017d4   0x0000002a   Code   RO         1474    i.HRTIM_MasterBase_Config  stm32f30x_hrtim.o
    0x080017fe   0x080017fe   0x00000028   Code   RO         1475    i.HRTIM_MasterSetCompare  stm32f30x_hrtim.o
    0x08001826   0x08001826   0x00000058   Code   RO         1476    i.HRTIM_MasterWaveform_Config  stm32f30x_hrtim.o
    0x0800187e   0x0800187e   0x000000ca   Code   RO         1477    i.HRTIM_OutputConfig  stm32f30x_hrtim.o
    0x08001948   0x08001948   0x0000007c   Code   RO         1504    i.HRTIM_TimingUnitBase_Config  stm32f30x_hrtim.o
    0x080019c4   0x080019c4   0x000000b6   Code   RO         1505    i.HRTIM_TimingUnitWaveform_Config  stm32f30x_hrtim.o
    0x08001a7a   0x08001a7a   0x00000008   Code   RO         1508    i.HRTIM_WaveformCounterStart  stm32f30x_hrtim.o
    0x08001a82   0x08001a82   0x0000001c   Code   RO         1512    i.HRTIM_WaveformOutputConfig  stm32f30x_hrtim.o
    0x08001a9e   0x08001a9e   0x00000008   Code   RO         1513    i.HRTIM_WaveformOutputStart  stm32f30x_hrtim.o
    0x08001aa6   0x08001aa6   0x00000092   Code   RO         1516    i.HRTIM_WaveformTimerConfig  stm32f30x_hrtim.o
    0x08001b38   0x08001b38   0x0000003a   Code   RO         1517    i.HRTIM_Waveform_Init  stm32f30x_hrtim.o
    0x08001b72   0x08001b72   0x00000004   Code   RO         4584    i.HardFault_Handler  stm32f3xx_it.o
    0x08001b76   0x08001b76   0x00000002   PAD
    0x08001b78   0x08001b78   0x0000056c   Code   RO         4695    i.InputPower_Control  bsp_buck_control.o
    0x080020e4   0x080020e4   0x00000044   Code   RO         4506    i.LED_GPIO_Config   bsp_led.o
    0x08002128   0x08002128   0x00000004   Code   RO         4585    i.MemManage_Handler  stm32f3xx_it.o
    0x0800212c   0x0800212c   0x00000002   Code   RO         4586    i.NMI_Handler       stm32f3xx_it.o
    0x0800212e   0x0800212e   0x00000002   PAD
    0x08002130   0x08002130   0x00000070   Code   RO         2227    i.NVIC_Init         stm32f30x_misc.o
    0x080021a0   0x080021a0   0x00000014   Code   RO         2228    i.NVIC_PriorityGroupConfig  stm32f30x_misc.o
    0x080021b4   0x080021b4   0x00000040   Code   RO         4757    i.Out_Control_GPIO_Config  bsp_out_control.o
    0x080021f4   0x080021f4   0x0000015c   Code   RO         4553    i.PWM_Update        bsp_hrtim.o
    0x08002350   0x08002350   0x00000002   Code   RO         4587    i.PendSV_Handler    stm32f3xx_it.o
    0x08002352   0x08002352   0x00000002   PAD
    0x08002354   0x08002354   0x00000030   Code   RO         2449    i.RCC_ADCCLKConfig  stm32f30x_rcc.o
    0x08002384   0x08002384   0x00000020   Code   RO         2450    i.RCC_AHBPeriphClockCmd  stm32f30x_rcc.o
    0x080023a4   0x080023a4   0x00000020   Code   RO         2451    i.RCC_AHBPeriphResetCmd  stm32f30x_rcc.o
    0x080023c4   0x080023c4   0x00000020   Code   RO         2452    i.RCC_APB1PeriphClockCmd  stm32f30x_rcc.o
    0x080023e4   0x080023e4   0x00000020   Code   RO         2453    i.RCC_APB1PeriphResetCmd  stm32f30x_rcc.o
    0x08002404   0x08002404   0x00000020   Code   RO         2454    i.RCC_APB2PeriphClockCmd  stm32f30x_rcc.o
    0x08002424   0x08002424   0x0000001c   Code   RO         2467    i.RCC_HRTIM1CLKConfig  stm32f30x_rcc.o
    0x08002440   0x08002440   0x00000002   Code   RO         4588    i.SVC_Handler       stm32f3xx_it.o
    0x08002442   0x08002442   0x00000002   PAD
    0x08002444   0x08002444   0x000000c4   Code   RO           12    i.SetSysClock       system_stm32f30x.o
    0x08002508   0x08002508   0x00000008   Code   RO         4589    i.SysTick_Handler   stm32f3xx_it.o
    0x08002510   0x08002510   0x00000084   Code   RO           14    i.SystemInit        system_stm32f30x.o
    0x08002594   0x08002594   0x00000018   Code   RO         4404    i.TIM1_UP_TIM16_IRQHandler  main.o
    0x080025ac   0x080025ac   0x00000008   Code   RO         3353    i.TIM_ClearFlag     stm32f30x_tim.o
    0x080025b4   0x080025b4   0x00000018   Code   RO         3361    i.TIM_Cmd           stm32f30x_tim.o
    0x080025cc   0x080025cc   0x00000018   Code   RO         3388    i.TIM_ITConfig      stm32f30x_tim.o
    0x080025e4   0x080025e4   0x00000098   Code   RO         3448    i.TIM_TimeBaseInit  stm32f30x_tim.o
    0x0800267c   0x0800267c   0x00000018   Code   RO         4478    i.TimingDelay_Decrement  delay.o
    0x08002694   0x08002694   0x00000004   Code   RO         4590    i.UsageFault_Handler  stm32f3xx_it.o
    0x08002698   0x08002698   0x0000000e   Code   RO         4873    i.__scatterload_copy  mc_w.l(handlers.o)
    0x080026a6   0x080026a6   0x00000002   Code   RO         4874    i.__scatterload_null  mc_w.l(handlers.o)
    0x080026a8   0x080026a8   0x0000000e   Code   RO         4875    i.__scatterload_zeroinit  mc_w.l(handlers.o)
    0x080026b6   0x080026b6   0x00000002   PAD
    0x080026b8   0x080026b8   0x000001a4   Code   RO         4696    i.bsp_PIDCtrlInit   bsp_buck_control.o
    0x0800285c   0x0800285c   0x000000c4   Code   RO         4405    i.main              main.o
    0x08002920   0x08002920   0x00000124   Code   RO         4651    i.pid_calc          bsp_pid.o
    0x08002a44   0x08002a44   0x00000048   Code   RO         4652    i.pid_clc           bsp_pid.o
    0x08002a8c   0x08002a8c   0x00000038   Code   RO         4653    i.pid_init          bsp_pid.o
    0x08002ac4   0x08002ac4   0x00000124   Code   RO         4654    i.pid_power_calc    bsp_pid.o
    0x08002be8   0x08002be8   0x00000058   Code   RO         4655    i.pid_reset         bsp_pid.o
    0x08002c40   0x08002c40   0x00000020   Data   RO         4871    Region$$Table       anon$$obj.o


    Execution Region RW_IRAM1 (Exec base: 0x20000000, Load base: 0x08002c60, Size: 0x00000648, Max: 0x00004000, ABSOLUTE)

    Exec Addr    Load Addr    Size         Type   Attr      Idx    E Section Name        Object

    0x20000000   0x08002c60   0x00000014   Data   RW           15    .data               system_stm32f30x.o
    0x20000014   0x08002c74   0x00000004   Data   RW         4479    .data               delay.o
    0x20000018   0x08002c78   0x00000008   Data   RW         4527    .data               bsp_adc.o
    0x20000020   0x08002c80   0x00000014   Data   RW         4656    .data               bsp_pid.o
    0x20000034   0x08002c94   0x0000004c   Data   RW         4698    .data               bsp_buck_control.o
    0x20000080   0x08002ce0   0x00000005   Data   RW         4781    .data               bsp_can.o
    0x20000085   0x08002ce5   0x00000003   PAD
    0x20000088        -       0x000001a8   Zero   RW         4697    .bss                bsp_buck_control.o
    0x20000230        -       0x00000014   Zero   RW         4780    .bss                bsp_can.o
    0x20000244   0x08002ce5   0x00000004   PAD
    0x20000248        -       0x00000400   Zero   RW            1    STACK               startup_stm32f334x8.o


==============================================================================

Image component sizes


      Code (inc. data)   RO Data    RW Data    ZI Data      Debug   Object Name

       396         12          0          8          0       1477   bsp_adc.o
      1808        296          0         76        424       3627   bsp_buck_control.o
       408         34          0          5         20       2641   bsp_can.o
       154          4          0          0          0       2151   bsp_filter.o
       924         26          0          0          0       1988   bsp_hrtim.o
        68          4          0          0          0        590   bsp_led.o
        64          4          0          0          0        634   bsp_out_control.o
       800         18          0         20          0       4012   bsp_pid.o
       152         14          0          0          0        759   bsp_time.o
        44         10          0          4          0       1333   delay.o
       244         32          0          0          0      29577   main.o
        36          8        392          0       1024        992   startup_stm32f334x8.o
       658         36          0          0          0       9961   stm32f30x_adc.o
      1582         16          0          0          0       7390   stm32f30x_can.o
       442          8          0          0          0       4487   stm32f30x_dma.o
       228          0          0          0          0       3431   stm32f30x_gpio.o
      1338         24          0          0          0      14532   stm32f30x_hrtim.o
       132         22          0          0          0       1943   stm32f30x_misc.o
       236         40          0          0          0       4744   stm32f30x_rcc.o
       208         36          0          0          0       3548   stm32f30x_tim.o
        32          0          0          0          0       4602   stm32f3xx_it.o
       328         28          0         20          0     383461   system_stm32f30x.o

    ----------------------------------------------------------------------
     10298        672        424        136       1472     487880   Object Totals
         0          0         32          0          0          0   (incl. Generated)
        16          0          0          3          4          0   (incl. Padding)

    ----------------------------------------------------------------------

      Code (inc. data)   RO Data    RW Data    ZI Data      Debug   Library Member Name

         0          0          0          0          0          0   entry.o
         0          0          0          0          0          0   entry10a.o
         0          0          0          0          0          0   entry11a.o
         4          0          0          0          0          0   entry12b.o
         8          4          0          0          0          0   entry2.o
         4          0          0          0          0          0   entry5.o
         0          0          0          0          0          0   entry7b.o
         0          0          0          0          0          0   entry8b.o
         8          4          0          0          0          0   entry9a.o
        30          0          0          0          0          0   handlers.o
        36          8          0          0          0         68   init.o
         0          0          0          0          0          0   iusefp.o
        30          0          0          0          0         68   llshl.o
        32          0          0          0          0         68   llushr.o
       222          0          0          0          0        100   ddiv.o
       186          0          0          0          0        176   depilogue.o
        50          0          0          0          0         76   dfixui.o
        26          0          0          0          0         76   dfltui.o

    ----------------------------------------------------------------------
       638         16          0          0          0        632   Library Totals
         2          0          0          0          0          0   (incl. Padding)

    ----------------------------------------------------------------------

      Code (inc. data)   RO Data    RW Data    ZI Data      Debug   Library Name

       152         16          0          0          0        204   mc_w.l
       484          0          0          0          0        428   mf_w.l

    ----------------------------------------------------------------------
       638         16          0          0          0        632   Library Totals

    ----------------------------------------------------------------------

==============================================================================


      Code (inc. data)   RO Data    RW Data    ZI Data      Debug   

     10936        688        424        136       1472     480156   Grand Totals
     10936        688        424        136       1472     480156   ELF Image Totals
     10936        688        424        136          0          0   ROM Totals

==============================================================================

    Total RO  Size (Code + RO Data)                11360 (  11.09kB)
    Total RW  Size (RW Data + ZI Data)              1608 (   1.57kB)
    Total ROM Size (Code + RO Data + RW Data)      11496 (  11.23kB)

==============================================================================

