<html>
<body>
<pre>
<h1>礦ision Build Log</h1>
<h2>Tool Versions:</h2>
IDE-Version: μVision V5.38.0.0
Copyright (C) 2022 ARM Ltd and ARM Germany GmbH. All rights reserved.
License Information: Abel Tom, Microsoft, LIC=RC93N-YVWY6-FW22N-YAVUM-77GG2-9HRLG
 
Tool Versions:
Toolchain:       MDK-ARM Plus  Version: 5.38.0.0
Toolchain Path:  C:\Keil_v5\ARM\ARMCC\Bin
C Compiler:      Armcc.exe V5.06 update 7 (build 960)
Assembler:       Armasm.exe V5.06 update 7 (build 960)
Linker/Locator:  ArmLink.exe V5.06 update 7 (build 960)
Library Manager: ArmAr.exe V5.06 update 7 (build 960)
Hex Converter:   FromElf.exe V5.06 update 7 (build 960)
CPU DLL:         SARMCM3.DLL V5.38.0.0
Dialog DLL:      DCM.DLL V1.17.5.0
Target DLL:      CMSIS_AGDI.dll V1.33.15.0
Dialog DLL:      TCM.DLL V1.56.4.0
 
<h2>Project:</h2>
D:\Design_File\比赛\超级电容功率控制\超级电容方案开源\软件\STM32F334\Project\STM32F334_LED.uvprojx
Project File Date:  01/20/2023

<h2>Output:</h2>
*** Using Compiler 'V5.06 update 7 (build 960)', folder: 'C:\Keil_v5\ARM\ARMCC\Bin'
Rebuild target 'LED'
assembling startup_stm32f334x8.s...
compiling system_stm32f30x.c...
compiling stm32f30x_crc.c...
compiling stm32f30x_comp.c...
compiling stm32f30x_can.c...
compiling stm32f30x_dac.c...
compiling stm32f30x_adc.c...
compiling stm32f30x_dbgmcu.c...
compiling stm32f30x_flash.c...
compiling stm32f30x_exti.c...
compiling stm32f30x_gpio.c...
compiling stm32f30x_dma.c...
compiling stm32f30x_hrtim.c...
compiling stm32f30x_misc.c...
compiling stm32f30x_pwr.c...
compiling stm32f30x_i2c.c...
compiling stm32f30x_opamp.c...
compiling stm32f30x_iwdg.c...
compiling stm32f30x_rcc.c...
compiling stm32f30x_syscfg.c...
compiling stm32f30x_usart.c...
compiling stm32f30x_spi.c...
compiling stm32f30x_wwdg.c...
compiling stm32f30x_rtc.c...
compiling stm32f30x_tim.c...
compiling bsp_adc.c...
compiling bsp_led.c...
compiling delay.c...
compiling stm32f3xx_it.c...
compiling main.c...
compiling bsp_pid.c...
compiling bsp_hrtim.c...
compiling bsp_filter.c...
compiling bsp_buck_control.c...
compiling bsp_can.c...
compiling bsp_time.c...
compiling bsp_out_control.c...
linking...
Program Size: Code=10936 RO-data=424 RW-data=136 ZI-data=1472  
".\Objects\STM32F334_LED.axf" - 0 Error(s), 0 Warning(s).

<h2>Software Packages used:</h2>

Package Vendor: Keil
                http://www.keil.com/pack/Keil.STM32F3xx_DFP.2.2.2.pack
                Keil.STM32F3xx_DFP.2.2.2
                STMicroelectronics STM32F3 Series Device Support and Examples

<h2>Collection of Component include folders:</h2>
  C:/Users/Abel Tom/AppData/Local/Arm/Packs/Keil/STM32F3xx_DFP/2.2.2/Drivers/CMSIS/Device/ST/STM32F3xx/Include

<h2>Collection of Component Files used:</h2>
Build Time Elapsed:  00:00:06
</pre>
</body>
</html>
